Component: ARM Compiler 5.06 update 6 (build 750) Tool: armlink [4d35ed]

==============================================================================

Section Cross References

    startup_stm32f103xb.o(RESET) refers to startup_stm32f103xb.o(STACK) for __initial_sp
    startup_stm32f103xb.o(RESET) refers to startup_stm32f103xb.o(.text) for Reset_Handler
    startup_stm32f103xb.o(RESET) refers to stm32f1xx_it.o(i.NMI_Handler) for NMI_Handler
    startup_stm32f103xb.o(RESET) refers to stm32f1xx_it.o(i.HardFault_Handler) for HardFault_Handler
    startup_stm32f103xb.o(RESET) refers to stm32f1xx_it.o(i.MemManage_Handler) for MemManage_Handler
    startup_stm32f103xb.o(RESET) refers to stm32f1xx_it.o(i.BusFault_Handler) for BusFault_Handler
    startup_stm32f103xb.o(RESET) refers to stm32f1xx_it.o(i.UsageFault_Handler) for UsageFault_Handler
    startup_stm32f103xb.o(RESET) refers to stm32f1xx_it.o(i.SVC_Handler) for SVC_Handler
    startup_stm32f103xb.o(RESET) refers to stm32f1xx_it.o(i.DebugMon_Handler) for DebugMon_Handler
    startup_stm32f103xb.o(RESET) refers to stm32f1xx_it.o(i.PendSV_Handler) for PendSV_Handler
    startup_stm32f103xb.o(RESET) refers to stm32f1xx_it.o(i.SysTick_Handler) for SysTick_Handler
    startup_stm32f103xb.o(RESET) refers to stm32f1xx_it.o(i.DMA1_Channel1_IRQHandler) for DMA1_Channel1_IRQHandler
    startup_stm32f103xb.o(RESET) refers to stm32f1xx_it.o(i.DMA1_Channel4_IRQHandler) for DMA1_Channel4_IRQHandler
    startup_stm32f103xb.o(RESET) refers to stm32f1xx_it.o(i.DMA1_Channel5_IRQHandler) for DMA1_Channel5_IRQHandler
    startup_stm32f103xb.o(RESET) refers to stm32f1xx_it.o(i.ADC1_2_IRQHandler) for ADC1_2_IRQHandler
    startup_stm32f103xb.o(RESET) refers to stm32f1xx_it.o(i.TIM1_UP_IRQHandler) for TIM1_UP_IRQHandler
    startup_stm32f103xb.o(RESET) refers to stm32f1xx_it.o(i.TIM2_IRQHandler) for TIM2_IRQHandler
    startup_stm32f103xb.o(RESET) refers to stm32f1xx_it.o(i.TIM3_IRQHandler) for TIM3_IRQHandler
    startup_stm32f103xb.o(RESET) refers to stm32f1xx_it.o(i.TIM4_IRQHandler) for TIM4_IRQHandler
    startup_stm32f103xb.o(RESET) refers to stm32f1xx_it.o(i.USART1_IRQHandler) for USART1_IRQHandler
    startup_stm32f103xb.o(.text) refers to system_stm32f1xx.o(i.SystemInit) for SystemInit
    startup_stm32f103xb.o(.text) refers to entry.o(.ARM.Collect$$$$00000000) for __main
    data_analysis.o(i.Boot_detection) refers to stm32f1xx_hal_gpio.o(i.HAL_GPIO_ReadPin) for HAL_GPIO_ReadPin
    data_analysis.o(i.Boot_detection) refers to stm32f1xx_hal_gpio.o(i.HAL_GPIO_WritePin) for HAL_GPIO_WritePin
    data_analysis.o(i.Boot_detection) refers to gpio.o(i.ID_GPIO_OUTPUT_Init) for ID_GPIO_OUTPUT_Init
    data_analysis.o(i.Boot_detection) refers to gpio.o(i.GPIO_SET) for GPIO_SET
    data_analysis.o(i.Boot_detection) refers to gpio.o(i.GPIO_RESET) for GPIO_RESET
    data_analysis.o(i.Boot_detection) refers to data_analysis.o(.data) for turn_on
    data_analysis.o(i.Gyro_Module) refers to tim.o(i.pwm1_input) for pwm1_input
    data_analysis.o(i.Gyro_Module) refers to tim.o(i.pwm2_input) for pwm2_input
    data_analysis.o(i.Gyro_Module) refers to tim.o(i.pwm3_input) for pwm3_input
    data_analysis.o(i.Gyro_Module) refers to tim.o(i.pwm4_input) for pwm4_input
    data_analysis.o(i.Gyro_Module) refers to tim.o(i.pwm5_input) for pwm5_input
    data_analysis.o(i.Gyro_Module) refers to tim.o(i.pwm6_input) for pwm6_input
    data_analysis.o(i.Gyro_Module) refers to tim.o(i.pwm7_input) for pwm7_input
    data_analysis.o(i.Gyro_Module) refers to tim.o(i.pwm8_input) for pwm8_input
    data_analysis.o(i.Gyro_Module) refers to data_analysis.o(.data) for Location
    data_analysis.o(i.Interface_module) refers to adc.o(.bss) for ADC_Value
    data_analysis.o(i.Interface_module) refers to data_analysis.o(.data) for Interface
    data_analysis.o(i.KEY_Scan) refers to stm32f1xx_hal_gpio.o(i.HAL_GPIO_ReadPin) for HAL_GPIO_ReadPin
    data_analysis.o(i.KEY_Scan) refers to stm32f1xx_hal.o(i.HAL_Delay) for HAL_Delay
    data_analysis.o(i.KEY_Scan) refers to data_analysis.o(.data) for key_up
    data_analysis.o(i.LED_Flashing) refers to gpio.o(i.GPIO_SET) for GPIO_SET
    data_analysis.o(i.LED_Flashing) refers to gpio.o(i.GPIO_RESET) for GPIO_RESET
    data_analysis.o(i.LED_Flashing) refers to tim.o(.data) for LED_Flashing_Time
    data_analysis.o(i.LED_Flashing) refers to data_analysis.o(.data) for Set_LED_Num
    data_analysis.o(i.Left_Movement) refers to data_analysis.o(i.send_data_time) for send_data_time
    data_analysis.o(i.Left_Movement) refers to data_analysis.o(i.LED_Flashing) for LED_Flashing
    data_analysis.o(i.Left_Movement) refers to gpio.o(i.GPIO_RESET) for GPIO_RESET
    data_analysis.o(i.Left_Movement) refers to data_analysis.o(i.KEY_Scan) for KEY_Scan
    data_analysis.o(i.Left_Movement) refers to stm32f1xx_hal.o(i.HAL_Delay) for HAL_Delay
    data_analysis.o(i.Left_Movement) refers to data_analysis.o(.data) for Interface
[...]
    Removing stm32f1xx_hal_uart.o(i.UART_DMATxAbortCallback), (56 bytes).
    Removing stm32f1xx_hal_uart.o(i.UART_DMATxOnlyAbortCallback), (24 bytes).
    Removing stm32f1xx_hal_uart.o(i.UART_Start_Receive_IT), (70 bytes).
    Removing stm32f1xx_hal_uart.o(i.UART_WaitOnFlagUntilTimeout), (108 bytes).
    Removing system_stm32f1xx.o(.rev16_text), (4 bytes).
    Removing system_stm32f1xx.o(.revsh_text), (4 bytes).
    Removing system_stm32f1xx.o(.rrx_text), (6 bytes).
    Removing system_stm32f1xx.o(i.SystemCoreClockUpdate), (164 bytes).
    Removing dadd.o(.text), (334 bytes).
    Removing dmul.o(.text), (228 bytes).
    Removing ddiv.o(.text), (222 bytes).
    Removing dfixul.o(.text), (48 bytes).
    Removing cdrcmple.o(.text), (48 bytes).
    Removing depilogue.o(.text), (186 bytes).

436 unused section(s) (total 37723 bytes) removed from the image.

==============================================================================

Image Symbol Table

    Local Symbols

    Symbol Name                              Value     Ov Type        Size  Object(Section)

    ../Core/Src/adc.c                        0x00000000   Number         0  adc.o ABSOLUTE
    ../Core/Src/dma.c                        0x00000000   Number         0  dma.o ABSOLUTE
    ../Core/Src/gpio.c                       0x00000000   Number         0  gpio.o ABSOLUTE
    ../Core/Src/main.c                       0x00000000   Number         0  main.o ABSOLUTE
    ../Core/Src/stm32f1xx_hal_msp.c          0x00000000   Number         0  stm32f1xx_hal_msp.o ABSOLUTE
    ../Core/Src/stm32f1xx_it.c               0x00000000   Number         0  stm32f1xx_it.o ABSOLUTE
    ../Core/Src/system_stm32f1xx.c           0x00000000   Number         0  system_stm32f1xx.o ABSOLUTE
    ../Core/Src/tim.c                        0x00000000   Number         0  tim.o ABSOLUTE
    ../Core/Src/usart.c                      0x00000000   Number         0  usart.o ABSOLUTE
    ../Drivers/STM32F1xx_HAL_Driver/Src/stm32f1xx_hal.c 0x00000000   Number         0  stm32f1xx_hal.o ABSOLUTE
    ../Drivers/STM32F1xx_HAL_Driver/Src/stm32f1xx_hal_adc.c 0x00000000   Number         0  stm32f1xx_hal_adc.o ABSOLUTE
    ../Drivers/STM32F1xx_HAL_Driver/Src/stm32f1xx_hal_adc_ex.c 0x00000000   Number         0  stm32f1xx_hal_adc_ex.o ABSOLUTE
    ../Drivers/STM32F1xx_HAL_Driver/Src/stm32f1xx_hal_cortex.c 0x00000000   Number         0  stm32f1xx_hal_cortex.o ABSOLUTE
    ../Drivers/STM32F1xx_HAL_Driver/Src/stm32f1xx_hal_dma.c 0x00000000   Number         0  stm32f1xx_hal_dma.o ABSOLUTE
    ../Drivers/STM32F1xx_HAL_Driver/Src/stm32f1xx_hal_exti.c 0x00000000   Number         0  stm32f1xx_hal_exti.o ABSOLUTE
    ../Drivers/STM32F1xx_HAL_Driver/Src/stm32f1xx_hal_flash.c 0x00000000   Number         0  stm32f1xx_hal_flash.o ABSOLUTE
    ../Drivers/STM32F1xx_HAL_Driver/Src/stm32f1xx_hal_flash_ex.c 0x00000000   Number         0  stm32f1xx_hal_flash_ex.o ABSOLUTE
    ../Drivers/STM32F1xx_HAL_Driver/Src/stm32f1xx_hal_gpio.c 0x00000000   Number         0  stm32f1xx_hal_gpio.o ABSOLUTE
    ../Drivers/STM32F1xx_HAL_Driver/Src/stm32f1xx_hal_gpio_ex.c 0x00000000   Number         0  stm32f1xx_hal_gpio_ex.o ABSOLUTE
    ../Drivers/STM32F1xx_HAL_Driver/Src/stm32f1xx_hal_pwr.c 0x00000000   Number         0  stm32f1xx_hal_pwr.o ABSOLUTE
    ../Drivers/STM32F1xx_HAL_Driver/Src/stm32f1xx_hal_rcc.c 0x00000000   Number         0  stm32f1xx_hal_rcc.o ABSOLUTE
    ../Drivers/STM32F1xx_HAL_Driver/Src/stm32f1xx_hal_rcc_ex.c 0x00000000   Number         0  stm32f1xx_hal_rcc_ex.o ABSOLUTE
    ../Drivers/STM32F1xx_HAL_Driver/Src/stm32f1xx_hal_tim.c 0x00000000   Number         0  stm32f1xx_hal_tim.o ABSOLUTE
    ../Drivers/STM32F1xx_HAL_Driver/Src/stm32f1xx_hal_tim_ex.c 0x00000000   Number         0  stm32f1xx_hal_tim_ex.o ABSOLUTE
    ../Drivers/STM32F1xx_HAL_Driver/Src/stm32f1xx_hal_uart.c 0x00000000   Number         0  stm32f1xx_hal_uart.o ABSOLUTE
    ../clib/microlib/division.c              0x00000000   Number         0  uldiv.o ABSOLUTE
    ../clib/microlib/division.c              0x00000000   Number         0  uidiv.o ABSOLUTE
    ../clib/microlib/init/entry.s            0x00000000   Number         0  entry11a.o ABSOLUTE
    ../clib/microlib/init/entry.s            0x00000000   Number         0  entry10b.o ABSOLUTE
    ../clib/microlib/init/entry.s            0x00000000   Number         0  entry11b.o ABSOLUTE
    ../clib/microlib/init/entry.s            0x00000000   Number         0  entry10a.o ABSOLUTE
    ../clib/microlib/init/entry.s            0x00000000   Number         0  entry9b.o ABSOLUTE
    ../clib/microlib/init/entry.s            0x00000000   Number         0  entry2.o ABSOLUTE
    ../clib/microlib/init/entry.s            0x00000000   Number         0  entry5.o ABSOLUTE
    ../clib/microlib/init/entry.s            0x00000000   Number         0  entry8b.o ABSOLUTE
    ../clib/microlib/init/entry.s            0x00000000   Number         0  entry8a.o ABSOLUTE
    ../clib/microlib/init/entry.s            0x00000000   Number         0  entry.o ABSOLUTE
    ../clib/microlib/init/entry.s            0x00000000   Number         0  entry7b.o ABSOLUTE
    ../clib/microlib/init/entry.s            0x00000000   Number         0  entry7a.o ABSOLUTE
    ../clib/microlib/init/entry.s            0x00000000   Number         0  entry9a.o ABSOLUTE
    ../clib/microlib/longlong.c              0x00000000   Number         0  llsshr.o ABSOLUTE
    ../clib/microlib/longlong.c              0x00000000   Number         0  llshl.o ABSOLUTE
    ../clib/microlib/longlong.c              0x00000000   Number         0  llushr.o ABSOLUTE
    ../clib/microlib/printf/printf.c         0x00000000   Number         0  printf4.o ABSOLUTE
    ../clib/microlib/printf/printf.c         0x00000000   Number         0  printf3.o ABSOLUTE
    ../clib/microlib/printf/printf.c         0x00000000   Number         0  printf2.o ABSOLUTE
    ../clib/microlib/printf/printf.c         0x00000000   Number         0  printf1.o ABSOLUTE
    ../clib/microlib/printf/printf.c         0x00000000   Number         0  printf0.o ABSOLUTE
    ../clib/microlib/printf/printf.c         0x00000000   Number         0  printfb.o ABSOLUTE
    ../clib/microlib/printf/printf.c         0x00000000   Number         0  printf8.o ABSOLUTE
    ../clib/microlib/printf/printf.c         0x00000000   Number         0  printfa.o ABSOLUTE
    ../clib/microlib/printf/printf.c         0x00000000   Number         0  printf7.o ABSOLUTE
    ../clib/microlib/printf/printf.c         0x00000000   Number         0  printf6.o ABSOLUTE
    ../clib/microlib/printf/printf.c         0x00000000   Number         0  printf5.o ABSOLUTE
    ../clib/microlib/printf/stubs.s          0x00000000   Number         0  stubs.o ABSOLUTE
    ../clib/microlib/stdio/fputc.c           0x00000000   Number         0  fputc.o ABSOLUTE
    ../clib/microlib/stdio/semi.s            0x00000000   Number         0  semi.o ABSOLUTE
    ../clib/microlib/stdio/streams.c         0x00000000   Number         0  stdout.o ABSOLUTE
    ../clib/microlib/string/memset.c         0x00000000   Number         0  memseta.o ABSOLUTE
    ../clib/microlib/stubs.s                 0x00000000   Number         0  iusesemip.o ABSOLUTE
    ../clib/microlib/stubs.s                 0x00000000   Number         0  iusefp.o ABSOLUTE
    ../fplib/microlib/fpadd.c                0x00000000   Number         0  dadd.o ABSOLUTE
    ../fplib/microlib/fpdiv.c                0x00000000   Number         0  ddiv.o ABSOLUTE
    ../fplib/microlib/fpepilogue.c           0x00000000   Number         0  depilogue.o ABSOLUTE
    ../fplib/microlib/fpfix.c                0x00000000   Number         0  dfixul.o ABSOLUTE
    ../fplib/microlib/fpmul.c                0x00000000   Number         0  dmul.o ABSOLUTE
    ..\Core\Src\Bluetooth.c                  0x00000000   Number         0  bluetooth.o ABSOLUTE
    ..\Core\Src\Data_Analysis.c              0x00000000   Number         0  data_analysis.o ABSOLUTE
    ..\Core\Src\adc.c                        0x00000000   Number         0  adc.o ABSOLUTE
    ..\Core\Src\dma.c                        0x00000000   Number         0  dma.o ABSOLUTE
    ..\Core\Src\gpio.c                       0x00000000   Number         0  gpio.o ABSOLUTE
    ..\Core\Src\main.c                       0x00000000   Number         0  main.o ABSOLUTE
    ..\Core\Src\stm32f1xx_hal_msp.c          0x00000000   Number         0  stm32f1xx_hal_msp.o ABSOLUTE
    ..\Core\Src\stm32f1xx_it.c               0x00000000   Number         0  stm32f1xx_it.o ABSOLUTE
    ..\Core\Src\system_stm32f1xx.c           0x00000000   Number         0  system_stm32f1xx.o ABSOLUTE
    ..\Core\Src\tim.c                        0x00000000   Number         0  tim.o ABSOLUTE
    ..\Core\Src\usart.c                      0x00000000   Number         0  usart.o ABSOLUTE
    ..\Drivers\STM32F1xx_HAL_Driver\Src\stm32f1xx_hal.c 0x00000000   Number         0  stm32f1xx_hal.o ABSOLUTE
    ..\Drivers\STM32F1xx_HAL_Driver\Src\stm32f1xx_hal_adc.c 0x00000000   Number         0  stm32f1xx_hal_adc.o ABSOLUTE
    ..\Drivers\STM32F1xx_HAL_Driver\Src\stm32f1xx_hal_adc_ex.c 0x00000000   Number         0  stm32f1xx_hal_adc_ex.o ABSOLUTE
    ..\Drivers\STM32F1xx_HAL_Driver\Src\stm32f1xx_hal_cortex.c 0x00000000   Number         0  stm32f1xx_hal_cortex.o ABSOLUTE
    ..\Drivers\STM32F1xx_HAL_Driver\Src\stm32f1xx_hal_dma.c 0x00000000   Number         0  stm32f1xx_hal_dma.o ABSOLUTE
    ..\Drivers\STM32F1xx_HAL_Driver\Src\stm32f1xx_hal_exti.c 0x00000000   Number         0  stm32f1xx_hal_exti.o ABSOLUTE
    ..\Drivers\STM32F1xx_HAL_Driver\Src\stm32f1xx_hal_flash.c 0x00000000   Number         0  stm32f1xx_hal_flash.o ABSOLUTE
    ..\Drivers\STM32F1xx_HAL_Driver\Src\stm32f1xx_hal_flash_ex.c 0x00000000   Number         0  stm32f1xx_hal_flash_ex.o ABSOLUTE
    ..\Drivers\STM32F1xx_HAL_Driver\Src\stm32f1xx_hal_gpio.c 0x00000000   Number         0  stm32f1xx_hal_gpio.o ABSOLUTE
    ..\Drivers\STM32F1xx_HAL_Driver\Src\stm32f1xx_hal_gpio_ex.c 0x00000000   Number         0  stm32f1xx_hal_gpio_ex.o ABSOLUTE
    ..\Drivers\STM32F1xx_HAL_Driver\Src\stm32f1xx_hal_pwr.c 0x00000000   Number         0  stm32f1xx_hal_pwr.o ABSOLUTE
    ..\Drivers\STM32F1xx_HAL_Driver\Src\stm32f1xx_hal_rcc.c 0x00000000   Number         0  stm32f1xx_hal_rcc.o ABSOLUTE
    ..\Drivers\STM32F1xx_HAL_Driver\Src\stm32f1xx_hal_rcc_ex.c 0x00000000   Number         0  stm32f1xx_hal_rcc_ex.o ABSOLUTE
    ..\Drivers\STM32F1xx_HAL_Driver\Src\stm32f1xx_hal_tim.c 0x00000000   Number         0  stm32f1xx_hal_tim.o ABSOLUTE
    ..\Drivers\STM32F1xx_HAL_Driver\Src\stm32f1xx_hal_tim_ex.c 0x00000000   Number         0  stm32f1xx_hal_tim_ex.o ABSOLUTE
    ..\Drivers\STM32F1xx_HAL_Driver\Src\stm32f1xx_hal_uart.c 0x00000000   Number         0  stm32f1xx_hal_uart.o ABSOLUTE
    ..\\Core\\Src\\Bluetooth.c               0x00000000   Number         0  bluetooth.o ABSOLUTE
    ..\\Core\\Src\\Data_Analysis.c           0x00000000   Number         0  data_analysis.o ABSOLUTE
    cdrcmple.s                               0x00000000   Number         0  cdrcmple.o ABSOLUTE
    dc.s                                     0x00000000   Number         0  dc.o ABSOLUTE
    handlers.s                               0x00000000   Number         0  handlers.o ABSOLUTE
    init.s                                   0x00000000   Number         0  init.o ABSOLUTE
    startup_stm32f103xb.s                    0x00000000   Number         0  startup_stm32f103xb.o ABSOLUTE
    RESET                                    0x08000000   Section      236  startup_stm32f103xb.o(RESET)
    .ARM.Collect$$$$00000000                 0x080000ec   Section        0  entry.o(.ARM.Collect$$$$00000000)
    .ARM.Collect$$$$00000001                 0x080000ec   Section        4  entry2.o(.ARM.Collect$$$$00000001)
    .ARM.Collect$$$$00000004                 0x080000f0   Section        4  entry5.o(.ARM.Collect$$$$00000004)
    .ARM.Collect$$$$00000008                 0x080000f4   Section        0  entry7b.o(.ARM.Collect$$$$00000008)
    .ARM.Collect$$$$0000000A                 0x080000f4   Section        0  entry8b.o(.ARM.Collect$$$$0000000A)
    .ARM.Collect$$$$0000000B                 0x080000f4   Section        8  entry9a.o(.ARM.Collect$$$$0000000B)
    .ARM.Collect$$$$0000000D                 0x080000fc   Section        0  entry10a.o(.ARM.Collect$$$$0000000D)
    .ARM.Collect$$$$0000000F                 0x080000fc   Section        0  entry11a.o(.ARM.Collect$$$$0000000F)
    .ARM.Collect$$$$00002712                 0x080000fc   Section        4  entry2.o(.ARM.Collect$$$$00002712)
    __lit__00000000                          0x080000fc   Data           4  entry2.o(.ARM.Collect$$$$00002712)
    .text                                    0x08000100   Section       36  startup_stm32f103xb.o(.text)
    .text                                    0x08000124   Section        0  memseta.o(.text)
    .text                                    0x08000148   Section       36  init.o(.text)
    i.ADC1_2_IRQHandler                      0x0800016c   Section        0  stm32f1xx_it.o(i.ADC1_2_IRQHandler)
    i.ADC_ConversionStop_Disable             0x0800017c   Section        0  stm32f1xx_hal_adc.o(i.ADC_ConversionStop_Disable)
    i.ADC_DMAConvCplt                        0x080001d8   Section        0  stm32f1xx_hal_adc.o(i.ADC_DMAConvCplt)
    i.ADC_DMAError                           0x0800022a   Section        0  stm32f1xx_hal_adc.o(i.ADC_DMAError)
    i.ADC_DMAHalfConvCplt                    0x08000248   Section        0  stm32f1xx_hal_adc.o(i.ADC_DMAHalfConvCplt)
    i.ADC_Enable                             0x08000258   Section        0  stm32f1xx_hal_adc.o(i.ADC_Enable)
    i.Boot_detection                         0x080002e8   Section        0  data_analysis.o(i.Boot_detection)
    i.BusFault_Handler                       0x08000458   Section        0  stm32f1xx_it.o(i.BusFault_Handler)
    i.DMA1_Channel1_IRQHandler               0x0800045c   Section        0  stm32f1xx_it.o(i.DMA1_Channel1_IRQHandler)
    i.DMA1_Channel4_IRQHandler               0x0800046c   Section        0  stm32f1xx_it.o(i.DMA1_Channel4_IRQHandler)
    i.DMA1_Channel5_IRQHandler               0x0800047c   Section        0  stm32f1xx_it.o(i.DMA1_Channel5_IRQHandler)
    i.DMA_SetConfig                          0x0800048c   Section        0  stm32f1xx_hal_dma.o(i.DMA_SetConfig)
    DMA_SetConfig                            0x0800048d   Thumb Code    44  stm32f1xx_hal_dma.o(i.DMA_SetConfig)
    i.DebugMon_Handler                       0x080004b8   Section        0  stm32f1xx_it.o(i.DebugMon_Handler)
    i.Error_Handler                          0x080004ba   Section        0  main.o(i.Error_Handler)
    i.GPIO_RESET                             0x080004c0   Section        0  gpio.o(i.GPIO_RESET)
    i.GPIO_SET                               0x08000544   Section        0  gpio.o(i.GPIO_SET)
    i.Get_ADC_Averagevalue                   0x080005c8   Section        0  adc.o(i.Get_ADC_Averagevalue)
    i.Gyro_Module                            0x08000630   Section        0  data_analysis.o(i.Gyro_Module)
    i.HAL_ADCEx_InjectedConvCpltCallback     0x08000684   Section        0  stm32f1xx_hal_adc_ex.o(i.HAL_ADCEx_InjectedConvCpltCallback)
    i.HAL_ADC_ConfigChannel                  0x08000688   Section        0  stm32f1xx_hal_adc.o(i.HAL_ADC_ConfigChannel)
    i.HAL_ADC_ConvCpltCallback               0x080007e8   Section        0  stm32f1xx_hal_adc.o(i.HAL_ADC_ConvCpltCallback)
    i.HAL_ADC_ConvHalfCpltCallback           0x080007ea   Section        0  stm32f1xx_hal_adc.o(i.HAL_ADC_ConvHalfCpltCallback)
    i.HAL_ADC_ErrorCallback                  0x080007ec   Section        0  stm32f1xx_hal_adc.o(i.HAL_ADC_ErrorCallback)
    i.HAL_ADC_IRQHandler                     0x080007ee   Section        0  stm32f1xx_hal_adc.o(i.HAL_ADC_IRQHandler)
    i.HAL_ADC_Init                           0x08000910   Section        0  stm32f1xx_hal_adc.o(i.HAL_ADC_Init)
    i.HAL_ADC_LevelOutOfWindowCallback       0x08000a54   Section        0  stm32f1xx_hal_adc.o(i.HAL_ADC_LevelOutOfWindowCallback)
    i.HAL_ADC_MspInit                        0x08000a58   Section        0  adc.o(i.HAL_ADC_MspInit)
    i.HAL_ADC_Start_DMA                      0x08000b70   Section        0  stm32f1xx_hal_adc.o(i.HAL_ADC_Start_DMA)
    i.HAL_DMA_Abort                          0x08000cf0   Section        0  stm32f1xx_hal_dma.o(i.HAL_DMA_Abort)
    i.HAL_DMA_Abort_IT                       0x08000d48   Section        0  stm32f1xx_hal_dma.o(i.HAL_DMA_Abort_IT)
    i.HAL_DMA_IRQHandler                     0x08000df8   Section        0  stm32f1xx_hal_dma.o(i.HAL_DMA_IRQHandler)
    i.HAL_DMA_Init                           0x08000f94   Section        0  stm32f1xx_hal_dma.o(i.HAL_DMA_Init)
    i.HAL_DMA_Start_IT                       0x08000ffc   Section        0  stm32f1xx_hal_dma.o(i.HAL_DMA_Start_IT)
    i.HAL_Delay                              0x08001098   Section        0  stm32f1xx_hal.o(i.HAL_Delay)
    i.HAL_GPIO_Init                          0x080010c0   Section        0  stm32f1xx_hal_gpio.o(i.HAL_GPIO_Init)
    i.HAL_GPIO_ReadPin                       0x080013e0   Section        0  stm32f1xx_hal_gpio.o(i.HAL_GPIO_ReadPin)
    i.HAL_GPIO_WritePin                      0x080013f0   Section        0  stm32f1xx_hal_gpio.o(i.HAL_GPIO_WritePin)
    i.HAL_GetTick                            0x080013fc   Section        0  stm32f1xx_hal.o(i.HAL_GetTick)
    i.HAL_IncTick                            0x08001408   Section        0  stm32f1xx_hal.o(i.HAL_IncTick)
    i.HAL_Init                               0x08001420   Section        0  stm32f1xx_hal.o(i.HAL_Init)
    i.HAL_InitTick                           0x08001448   Section        0  stm32f1xx_hal.o(i.HAL_InitTick)
    i.HAL_MspInit                            0x08001494   Section        0  stm32f1xx_hal_msp.o(i.HAL_MspInit)
    i.HAL_NVIC_EnableIRQ                     0x080014f0   Section        0  stm32f1xx_hal_cortex.o(i.HAL_NVIC_EnableIRQ)
    i.HAL_NVIC_SetPriority                   0x08001510   Section        0  stm32f1xx_hal_cortex.o(i.HAL_NVIC_SetPriority)
    i.HAL_NVIC_SetPriorityGrouping           0x0800158c   Section        0  stm32f1xx_hal_cortex.o(i.HAL_NVIC_SetPriorityGrouping)
    i.HAL_RCCEx_PeriphCLKConfig              0x080015b4   Section        0  stm32f1xx_hal_rcc_ex.o(i.HAL_RCCEx_PeriphCLKConfig)
    i.HAL_RCC_ClockConfig                    0x080016e4   Section        0  stm32f1xx_hal_rcc.o(i.HAL_RCC_ClockConfig)
    i.HAL_RCC_GetHCLKFreq                    0x08001870   Section        0  stm32f1xx_hal_rcc.o(i.HAL_RCC_GetHCLKFreq)
    i.HAL_RCC_GetPCLK1Freq                   0x0800187c   Section        0  stm32f1xx_hal_rcc.o(i.HAL_RCC_GetPCLK1Freq)
    i.HAL_RCC_GetPCLK2Freq                   0x0800189c   Section        0  stm32f1xx_hal_rcc.o(i.HAL_RCC_GetPCLK2Freq)
    i.HAL_RCC_GetSysClockFreq                0x080018bc   Section        0  stm32f1xx_hal_rcc.o(i.HAL_RCC_GetSysClockFreq)
    i.HAL_RCC_OscConfig                      0x08001950   Section        0  stm32f1xx_hal_rcc.o(i.HAL_RCC_OscConfig)
    i.HAL_SYSTICK_Config                     0x08001db4   Section        0  stm32f1xx_hal_cortex.o(i.HAL_SYSTICK_Config)
    i.HAL_TIMEx_BreakCallback                0x08001de8   Section        0  stm32f1xx_hal_tim_ex.o(i.HAL_TIMEx_BreakCallback)
    i.HAL_TIMEx_CommutCallback               0x08001dea   Section        0  stm32f1xx_hal_tim_ex.o(i.HAL_TIMEx_CommutCallback)
    i.HAL_TIMEx_MasterConfigSynchronization  0x08001dec   Section        0  stm32f1xx_hal_tim_ex.o(i.HAL_TIMEx_MasterConfigSynchronization)
    i.HAL_TIM_Base_Init                      0x08001e70   Section        0  stm32f1xx_hal_tim.o(i.HAL_TIM_Base_Init)
    i.HAL_TIM_Base_MspInit                   0x08001ed8   Section        0  tim.o(i.HAL_TIM_Base_MspInit)
    i.HAL_TIM_Base_Start_IT                  0x08001f54   Section        0  stm32f1xx_hal_tim.o(i.HAL_TIM_Base_Start_IT)
    i.HAL_TIM_ConfigClockSource              0x08001fcc   Section        0  stm32f1xx_hal_tim.o(i.HAL_TIM_ConfigClockSource)
    i.HAL_TIM_IC_CaptureCallback             0x080020d4   Section        0  tim.o(i.HAL_TIM_IC_CaptureCallback)
    i.HAL_TIM_IC_ConfigChannel               0x080024c8   Section        0  stm32f1xx_hal_tim.o(i.HAL_TIM_IC_ConfigChannel)
    i.HAL_TIM_IC_Init                        0x0800259c   Section        0  stm32f1xx_hal_tim.o(i.HAL_TIM_IC_Init)
    i.HAL_TIM_IC_MspInit                     0x08002604   Section        0  tim.o(i.HAL_TIM_IC_MspInit)
    i.HAL_TIM_IC_Start_IT                    0x0800271c   Section        0  stm32f1xx_hal_tim.o(i.HAL_TIM_IC_Start_IT)
    i.HAL_TIM_IC_Stop_IT                     0x08002874   Section        0  stm32f1xx_hal_tim.o(i.HAL_TIM_IC_Stop_IT)
    i.HAL_TIM_IRQHandler                     0x0800294a   Section        0  stm32f1xx_hal_tim.o(i.HAL_TIM_IRQHandler)
    i.HAL_TIM_OC_DelayElapsedCallback        0x08002ae0   Section        0  stm32f1xx_hal_tim.o(i.HAL_TIM_OC_DelayElapsedCallback)
    i.HAL_TIM_PWM_PulseFinishedCallback      0x08002ae2   Section        0  stm32f1xx_hal_tim.o(i.HAL_TIM_PWM_PulseFinishedCallback)
    i.HAL_TIM_PeriodElapsedCallback          0x08002ae4   Section        0  main.o(i.HAL_TIM_PeriodElapsedCallback)
    i.HAL_TIM_ReadCapturedValue              0x08002b34   Section        0  stm32f1xx_hal_tim.o(i.HAL_TIM_ReadCapturedValue)
    i.HAL_TIM_TriggerCallback                0x08002b66   Section        0  stm32f1xx_hal_tim.o(i.HAL_TIM_TriggerCallback)
    i.HAL_UARTEx_RxEventCallback             0x08002b68   Section        0  stm32f1xx_hal_uart.o(i.HAL_UARTEx_RxEventCallback)
    i.HAL_UART_DMAStop                       0x08002b6a   Section        0  stm32f1xx_hal_uart.o(i.HAL_UART_DMAStop)
    i.HAL_UART_ErrorCallback                 0x08002bd0   Section        0  stm32f1xx_hal_uart.o(i.HAL_UART_ErrorCallback)
    i.HAL_UART_IRQHandler                    0x08002bd4   Section        0  stm32f1xx_hal_uart.o(i.HAL_UART_IRQHandler)
    i.HAL_UART_Init                          0x08002e20   Section        0  stm32f1xx_hal_uart.o(i.HAL_UART_Init)
    i.HAL_UART_MspInit                       0x08002e94   Section        0  usart.o(i.HAL_UART_MspInit)
    i.HAL_UART_Receive_DMA                   0x08002fb8   Section        0  stm32f1xx_hal_uart.o(i.HAL_UART_Receive_DMA)
    i.HAL_UART_RxCpltCallback                0x08002ffa   Section        0  stm32f1xx_hal_uart.o(i.HAL_UART_RxCpltCallback)
    i.HAL_UART_RxHalfCpltCallback            0x08002ffc   Section        0  stm32f1xx_hal_uart.o(i.HAL_UART_RxHalfCpltCallback)
    i.HAL_UART_Transmit_DMA                  0x08003000   Section        0  stm32f1xx_hal_uart.o(i.HAL_UART_Transmit_DMA)
    i.HAL_UART_TxCpltCallback                0x0800309c   Section        0  stm32f1xx_hal_uart.o(i.HAL_UART_TxCpltCallback)
    i.HAL_UART_TxHalfCpltCallback            0x0800309e   Section        0  stm32f1xx_hal_uart.o(i.HAL_UART_TxHalfCpltCallback)
    i.HardFault_Handler                      0x080030a0   Section        0  stm32f1xx_it.o(i.HardFault_Handler)
    i.ID_GPIO_ADC_Init                       0x080030a4   Section        0  gpio.o(i.ID_GPIO_ADC_Init)
    i.ID_GPIO_OUTPUT_Init                    0x080031a0   Section        0  gpio.o(i.ID_GPIO_OUTPUT_Init)
    i.ID_GPIO_PWM_Init                       0x08003328   Section        0  gpio.o(i.ID_GPIO_PWM_Init)
    i.Interface_module                       0x08003444   Section        0  data_analysis.o(i.Interface_module)
    i.KEY_Scan                               0x080038ac   Section        0  data_analysis.o(i.KEY_Scan)
    i.LED_Flashing                           0x080038fc   Section        0  data_analysis.o(i.LED_Flashing)
    i.Left_Movement                          0x08003958   Section        0  data_analysis.o(i.Left_Movement)
    i.MX_ADC1_Init                           0x080039fc   Section        0  adc.o(i.MX_ADC1_Init)
    i.MX_DMA_Init                            0x08003ba4   Section        0  dma.o(i.MX_DMA_Init)
    i.MX_GPIO_Init                           0x08003bf8   Section        0  gpio.o(i.MX_GPIO_Init)
    i.MX_TIM1_Init                           0x08003ce8   Section        0  tim.o(i.MX_TIM1_Init)
    i.MX_TIM2_Init                           0x08003d5c   Section        0  tim.o(i.MX_TIM2_Init)
    i.MX_TIM3_Init                           0x08003e00   Section        0  tim.o(i.MX_TIM3_Init)
    i.MX_TIM4_Init                           0x08003ea8   Section        0  tim.o(i.MX_TIM4_Init)
    i.MX_USART1_UART_Init                    0x08003f18   Section        0  usart.o(i.MX_USART1_UART_Init)
    i.MemManage_Handler                      0x08003f50   Section        0  stm32f1xx_it.o(i.MemManage_Handler)
    i.Module_Init                            0x08003f54   Section        0  data_analysis.o(i.Module_Init)
    i.NMI_Handler                            0x08003fb0   Section        0  stm32f1xx_it.o(i.NMI_Handler)
    i.PendSV_Handler                         0x08003fb4   Section        0  stm32f1xx_it.o(i.PendSV_Handler)
    i.Programming_Determine                  0x08003fb8   Section        0  data_analysis.o(i.Programming_Determine)
    i.RCC_Delay                              0x080042e8   Section        0  stm32f1xx_hal_rcc.o(i.RCC_Delay)
    RCC_Delay                                0x080042e9   Thumb Code    36  stm32f1xx_hal_rcc.o(i.RCC_Delay)
    i.Right_Movement                         0x08004310   Section        0  data_analysis.o(i.Right_Movement)
    i.SVC_Handler                            0x080043bc   Section        0  stm32f1xx_it.o(i.SVC_Handler)
    i.Send_Data                              0x080043c0   Section        0  bluetooth.o(i.Send_Data)
    i.Special_Combination_Module             0x080043d4   Section        0  data_analysis.o(i.Special_Combination_Module)
    i.Start_Motor_Potentiometer              0x0800447c   Section        0  data_analysis.o(i.Start_Motor_Potentiometer)
    i.Start_Potentiometer                    0x0800464c   Section        0  data_analysis.o(i.Start_Potentiometer)
    i.SysTick_Handler                        0x080047cc   Section        0  stm32f1xx_it.o(i.SysTick_Handler)
    i.SystemClock_Config                     0x080047d4   Section        0  main.o(i.SystemClock_Config)
    i.SystemInit                             0x0800485a   Section        0  system_stm32f1xx.o(i.SystemInit)
    i.TIM1_UP_IRQHandler                     0x0800485c   Section        0  stm32f1xx_it.o(i.TIM1_UP_IRQHandler)
    i.TIM2_IRQHandler                        0x0800486c   Section        0  stm32f1xx_it.o(i.TIM2_IRQHandler)
    i.TIM3_IRQHandler                        0x0800487c   Section        0  stm32f1xx_it.o(i.TIM3_IRQHandler)
    i.TIM4_IRQHandler                        0x0800488c   Section        0  stm32f1xx_it.o(i.TIM4_IRQHandler)
    i.TIM_Base_SetConfig                     0x0800489c   Section        0  stm32f1xx_hal_tim.o(i.TIM_Base_SetConfig)
    i.TIM_CCxChannelCmd                      0x08004910   Section        0  stm32f1xx_hal_tim.o(i.TIM_CCxChannelCmd)
    i.TIM_ETR_SetConfig                      0x08004932   Section        0  stm32f1xx_hal_tim.o(i.TIM_ETR_SetConfig)
    i.TIM_ITRx_SetConfig                     0x08004948   Section        0  stm32f1xx_hal_tim.o(i.TIM_ITRx_SetConfig)
    TIM_ITRx_SetConfig                       0x08004949   Thumb Code    18  stm32f1xx_hal_tim.o(i.TIM_ITRx_SetConfig)
    i.TIM_TI1_ConfigInputStage               0x0800495a   Section        0  stm32f1xx_hal_tim.o(i.TIM_TI1_ConfigInputStage)
    TIM_TI1_ConfigInputStage                 0x0800495b   Thumb Code    38  stm32f1xx_hal_tim.o(i.TIM_TI1_ConfigInputStage)
    i.TIM_TI1_SetConfig                      0x08004980   Section        0  stm32f1xx_hal_tim.o(i.TIM_TI1_SetConfig)
    i.TIM_TI2_ConfigInputStage               0x080049e8   Section        0  stm32f1xx_hal_tim.o(i.TIM_TI2_ConfigInputStage)
    TIM_TI2_ConfigInputStage                 0x080049e9   Thumb Code    40  stm32f1xx_hal_tim.o(i.TIM_TI2_ConfigInputStage)
    i.TIM_TI2_SetConfig                      0x08004a10   Section        0  stm32f1xx_hal_tim.o(i.TIM_TI2_SetConfig)
    TIM_TI2_SetConfig                        0x08004a11   Thumb Code    58  stm32f1xx_hal_tim.o(i.TIM_TI2_SetConfig)
    i.TIM_TI3_SetConfig                      0x08004a4a   Section        0  stm32f1xx_hal_tim.o(i.TIM_TI3_SetConfig)
    TIM_TI3_SetConfig                        0x08004a4b   Thumb Code    56  stm32f1xx_hal_tim.o(i.TIM_TI3_SetConfig)
    i.TIM_TI4_SetConfig                      0x08004a82   Section        0  stm32f1xx_hal_tim.o(i.TIM_TI4_SetConfig)
    TIM_TI4_SetConfig                        0x08004a83   Thumb Code    60  stm32f1xx_hal_tim.o(i.TIM_TI4_SetConfig)
    i.Tilt_Movement                          0x08004ac0   Section        0  data_analysis.o(i.Tilt_Movement)
    i.UART_DMAAbortOnError                   0x08004bd0   Section        0  stm32f1xx_hal_uart.o(i.UART_DMAAbortOnError)
    UART_DMAAbortOnError                     0x08004bd1   Thumb Code    20  stm32f1xx_hal_uart.o(i.UART_DMAAbortOnError)
    i.UART_DMAError                          0x08004be4   Section        0  stm32f1xx_hal_uart.o(i.UART_DMAError)
    UART_DMAError                            0x08004be5   Thumb Code    80  stm32f1xx_hal_uart.o(i.UART_DMAError)
    i.UART_DMAReceiveCplt                    0x08004c34   Section        0  stm32f1xx_hal_uart.o(i.UART_DMAReceiveCplt)
    UART_DMAReceiveCplt                      0x08004c35   Thumb Code   104  stm32f1xx_hal_uart.o(i.UART_DMAReceiveCplt)
    i.UART_DMARxHalfCplt                     0x08004c9c   Section        0  stm32f1xx_hal_uart.o(i.UART_DMARxHalfCplt)
    UART_DMARxHalfCplt                       0x08004c9d   Thumb Code    32  stm32f1xx_hal_uart.o(i.UART_DMARxHalfCplt)
    i.UART_DMATransmitCplt                   0x08004cbc   Section        0  stm32f1xx_hal_uart.o(i.UART_DMATransmitCplt)
    UART_DMATransmitCplt                     0x08004cbd   Thumb Code    54  stm32f1xx_hal_uart.o(i.UART_DMATransmitCplt)
    i.UART_DMATxHalfCplt                     0x08004cf2   Section        0  stm32f1xx_hal_uart.o(i.UART_DMATxHalfCplt)
    UART_DMATxHalfCplt                       0x08004cf3   Thumb Code    14  stm32f1xx_hal_uart.o(i.UART_DMATxHalfCplt)
    i.UART_EndRxTransfer                     0x08004d00   Section        0  stm32f1xx_hal_uart.o(i.UART_EndRxTransfer)
    UART_EndRxTransfer                       0x08004d01   Thumb Code    54  stm32f1xx_hal_uart.o(i.UART_EndRxTransfer)
    i.UART_EndTransmit_IT                    0x08004d36   Section        0  stm32f1xx_hal_uart.o(i.UART_EndTransmit_IT)
    UART_EndTransmit_IT                      0x08004d37   Thumb Code    32  stm32f1xx_hal_uart.o(i.UART_EndTransmit_IT)
    i.UART_EndTxTransfer                     0x08004d56   Section        0  stm32f1xx_hal_uart.o(i.UART_EndTxTransfer)
    UART_EndTxTransfer                       0x08004d57   Thumb Code    20  stm32f1xx_hal_uart.o(i.UART_EndTxTransfer)
    i.UART_Receive_IT                        0x08004d6a   Section        0  stm32f1xx_hal_uart.o(i.UART_Receive_IT)
    UART_Receive_IT                          0x08004d6b   Thumb Code   228  stm32f1xx_hal_uart.o(i.UART_Receive_IT)
    i.UART_SetConfig                         0x08004e50   Section        0  stm32f1xx_hal_uart.o(i.UART_SetConfig)
    UART_SetConfig                           0x08004e51   Thumb Code   248  stm32f1xx_hal_uart.o(i.UART_SetConfig)
    i.UART_Start_Receive_DMA                 0x08004f4c   Section        0  stm32f1xx_hal_uart.o(i.UART_Start_Receive_DMA)
    i.UART_Transmit_IT                       0x08004fe4   Section        0  stm32f1xx_hal_uart.o(i.UART_Transmit_IT)
    UART_Transmit_IT                         0x08004fe5   Thumb Code    96  stm32f1xx_hal_uart.o(i.UART_Transmit_IT)
    i.USART1_IRQHandler                      0x08005044   Section        0  stm32f1xx_it.o(i.USART1_IRQHandler)
    i.UsageFault_Handler                     0x080050b0   Section        0  stm32f1xx_it.o(i.UsageFault_Handler)
    i.__NVIC_GetPriorityGrouping             0x080050b4   Section        0  stm32f1xx_hal_cortex.o(i.__NVIC_GetPriorityGrouping)
    __NVIC_GetPriorityGrouping               0x080050b5   Thumb Code    10  stm32f1xx_hal_cortex.o(i.__NVIC_GetPriorityGrouping)
    i.__NVIC_SetPriority                     0x080050c4   Section        0  stm32f1xx_hal_cortex.o(i.__NVIC_SetPriority)
    __NVIC_SetPriority                       0x080050c5   Thumb Code    32  stm32f1xx_hal_cortex.o(i.__NVIC_SetPriority)
    i.__scatterload_copy                     0x080050ec   Section       14  handlers.o(i.__scatterload_copy)
    i.__scatterload_null                     0x080050fa   Section        2  handlers.o(i.__scatterload_null)
    i.__scatterload_zeroinit                 0x080050fc   Section       14  handlers.o(i.__scatterload_zeroinit)
    i.emoji_Module                           0x0800510c   Section        0  data_analysis.o(i.emoji_Module)
    i.main                                   0x080052dc   Section        0  main.o(i.main)
    i.other_Module                           0x08005414   Section        0  data_analysis.o(i.other_Module)
    i.pwm1_input                             0x080057d0   Section        0  tim.o(i.pwm1_input)
    i.pwm2_input                             0x0800583c   Section        0  tim.o(i.pwm2_input)
    i.pwm3_input                             0x080058a8   Section        0  tim.o(i.pwm3_input)
    i.pwm4_input                             0x08005914   Section        0  tim.o(i.pwm4_input)
    i.pwm5_input                             0x08005980   Section        0  tim.o(i.pwm5_input)
    i.pwm6_input                             0x080059ec   Section        0  tim.o(i.pwm6_input)
    i.pwm7_input                             0x08005a58   Section        0  tim.o(i.pwm7_input)
    i.pwm8_input                             0x08005ac4   Section        0  tim.o(i.pwm8_input)
    i.send_data_time                         0x08005b30   Section        0  data_analysis.o(i.send_data_time)
    i.straight_Movement                      0x08005b4c   Section        0  data_analysis.o(i.straight_Movement)
    i.voice_Module                           0x08005bf0   Section        0  data_analysis.o(i.voice_Module)
    .constdata                               0x08005e6c   Section       24  system_stm32f1xx.o(.constdata)
    .data                                    0x20000000   Section       36  data_analysis.o(.data)
    .data                                    0x20000024   Section        3  bluetooth.o(.data)
    .data                                    0x20000028   Section       32  main.o(.data)
    .data                                    0x20000048   Section       10  tim.o(.data)
    .data                                    0x20000052   Section        9  stm32f1xx_it.o(.data)
    .data                                    0x2000005c   Section        9  stm32f1xx_hal.o(.data)
    .data                                    0x20000068   Section        4  system_stm32f1xx.o(.data)
    .bss                                     0x2000006c   Section      788  adc.o(.bss)
    .bss                                     0x20000380   Section      416  tim.o(.bss)
    .bss                                     0x20000520   Section      204  usart.o(.bss)
    STACK                                    0x200005f0   Section     1024  startup_stm32f103xb.o(STACK)

    Global Symbols

    Symbol Name                              Value     Ov Type        Size  Object(Section)

    BuildAttributes$$THM_ISAv4$P$D$K$B$S$PE$A:L22UL41UL21$X:L11$S22US41US21$IEEE1$IW$USESV6$~STKCKD$USESV7$~SHL$OSPACE$ROPI$EBA8$MICROLIB$REQ8$PRES8$EABIv2 0x00000000   Number         0  anon$$obj.o ABSOLUTE
    __ARM_use_no_argv                        0x00000000   Number         0  main.o ABSOLUTE
    _printf_a                                0x00000000   Number         0  stubs.o ABSOLUTE
    _printf_c                                0x00000000   Number         0  stubs.o ABSOLUTE
    _printf_charcount                        0x00000000   Number         0  stubs.o ABSOLUTE
    _printf_d                                0x00000000   Number         0  stubs.o ABSOLUTE
    _printf_e                                0x00000000   Number         0  stubs.o ABSOLUTE
    _printf_f                                0x00000000   Number         0  stubs.o ABSOLUTE
    _printf_flags                            0x00000000   Number         0  stubs.o ABSOLUTE
    _printf_fp_dec                           0x00000000   Number         0  stubs.o ABSOLUTE
    _printf_fp_hex                           0x00000000   Number         0  stubs.o ABSOLUTE
    _printf_g                                0x00000000   Number         0  stubs.o ABSOLUTE
    _printf_i                                0x00000000   Number         0  stubs.o ABSOLUTE
    _printf_int_dec                          0x00000000   Number         0  stubs.o ABSOLUTE
    _printf_l                                0x00000000   Number         0  stubs.o ABSOLUTE
    _printf_lc                               0x00000000   Number         0  stubs.o ABSOLUTE
    _printf_ll                               0x00000000   Number         0  stubs.o ABSOLUTE
    _printf_lld                              0x00000000   Number         0  stubs.o ABSOLUTE
    _printf_lli                              0x00000000   Number         0  stubs.o ABSOLUTE
    _printf_llo                              0x00000000   Number         0  stubs.o ABSOLUTE
    _printf_llu                              0x00000000   Number         0  stubs.o ABSOLUTE
    _printf_llx                              0x00000000   Number         0  stubs.o ABSOLUTE
    _printf_longlong_dec                     0x00000000   Number         0  stubs.o ABSOLUTE
    _printf_longlong_hex                     0x00000000   Number         0  stubs.o ABSOLUTE
    _printf_longlong_oct                     0x00000000   Number         0  stubs.o ABSOLUTE
    _printf_ls                               0x00000000   Number         0  stubs.o ABSOLUTE
    _printf_mbtowc                           0x00000000   Number         0  stubs.o ABSOLUTE
    _printf_n                                0x00000000   Number         0  stubs.o ABSOLUTE
    _printf_o                                0x00000000   Number         0  stubs.o ABSOLUTE
    _printf_p                                0x00000000   Number         0  stubs.o ABSOLUTE
    _printf_percent                          0x00000000   Number         0  stubs.o ABSOLUTE
    _printf_pre_padding                      0x00000000   Number         0  stubs.o ABSOLUTE
    _printf_return_value                     0x00000000   Number         0  stubs.o ABSOLUTE
    _printf_s                                0x00000000   Number         0  stubs.o ABSOLUTE
    _printf_sizespec                         0x00000000   Number         0  stubs.o ABSOLUTE
    _printf_str                              0x00000000   Number         0  stubs.o ABSOLUTE
    _printf_truncate_signed                  0x00000000   Number         0  stubs.o ABSOLUTE
    _printf_truncate_unsigned                0x00000000   Number         0  stubs.o ABSOLUTE
    _printf_u                                0x00000000   Number         0  stubs.o ABSOLUTE
    _printf_wc                               0x00000000   Number         0  stubs.o ABSOLUTE
    _printf_wctomb                           0x00000000   Number         0  stubs.o ABSOLUTE
    _printf_widthprec                        0x00000000   Number         0  stubs.o ABSOLUTE
    _printf_x                                0x00000000   Number         0  stubs.o ABSOLUTE
    __cpp_initialize__aeabi_                  - Undefined Weak Reference
    __cxa_finalize                            - Undefined Weak Reference
    __decompress                              - Undefined Weak Reference
    _clock_init                               - Undefined Weak Reference
    _microlib_exit                            - Undefined Weak Reference
    __Vectors_Size                           0x000000ec   Number         0  startup_stm32f103xb.o ABSOLUTE
    __Vectors                                0x08000000   Data           4  startup_stm32f103xb.o(RESET)
    __Vectors_End                            0x080000ec   Data           0  startup_stm32f103xb.o(RESET)
    __main                                   0x080000ed   Thumb Code     0  entry.o(.ARM.Collect$$$$00000000)
    _main_stk                                0x080000ed   Thumb Code     0  entry2.o(.ARM.Collect$$$$00000001)
    _main_scatterload                        0x080000f1   Thumb Code     0  entry5.o(.ARM.Collect$$$$00000004)
    __main_after_scatterload                 0x080000f5   Thumb Code     0  entry5.o(.ARM.Collect$$$$00000004)
    _main_clock                              0x080000f5   Thumb Code     0  entry7b.o(.ARM.Collect$$$$00000008)
    _main_cpp_init                           0x080000f5   Thumb Code     0  entry8b.o(.ARM.Collect$$$$0000000A)
    _main_init                               0x080000f5   Thumb Code     0  entry9a.o(.ARM.Collect$$$$0000000B)
    __rt_final_cpp                           0x080000fd   Thumb Code     0  entry10a.o(.ARM.Collect$$$$0000000D)
    __rt_final_exit                          0x080000fd   Thumb Code     0  entry11a.o(.ARM.Collect$$$$0000000F)
    Reset_Handler                            0x08000101   Thumb Code     8  startup_stm32f103xb.o(.text)
    CAN1_RX1_IRQHandler                      0x0800011b   Thumb Code     0  startup_stm32f103xb.o(.text)
    CAN1_SCE_IRQHandler                      0x0800011b   Thumb Code     0  startup_stm32f103xb.o(.text)
    DMA1_Channel2_IRQHandler                 0x0800011b   Thumb Code     0  startup_stm32f103xb.o(.text)
    DMA1_Channel3_IRQHandler                 0x0800011b   Thumb Code     0  startup_stm32f103xb.o(.text)
    DMA1_Channel6_IRQHandler                 0x0800011b   Thumb Code     0  startup_stm32f103xb.o(.text)
    DMA1_Channel7_IRQHandler                 0x0800011b   Thumb Code     0  startup_stm32f103xb.o(.text)
    EXTI0_IRQHandler                         0x0800011b   Thumb Code     0  startup_stm32f103xb.o(.text)
    EXTI15_10_IRQHandler                     0x0800011b   Thumb Code     0  startup_stm32f103xb.o(.text)
    EXTI1_IRQHandler                         0x0800011b   Thumb Code     0  startup_stm32f103xb.o(.text)
    EXTI2_IRQHandler                         0x0800011b   Thumb Code     0  startup_stm32f103xb.o(.text)
    EXTI3_IRQHandler                         0x0800011b   Thumb Code     0  startup_stm32f103xb.o(.text)
    EXTI4_IRQHandler                         0x0800011b   Thumb Code     0  startup_stm32f103xb.o(.text)
    EXTI9_5_IRQHandler                       0x0800011b   Thumb Code     0  startup_stm32f103xb.o(.text)
    FLASH_IRQHandler                         0x0800011b   Thumb Code     0  startup_stm32f103xb.o(.text)
    I2C1_ER_IRQHandler                       0x0800011b   Thumb Code     0  startup_stm32f103xb.o(.text)
    I2C1_EV_IRQHandler                       0x0800011b   Thumb Code     0  startup_stm32f103xb.o(.text)
    I2C2_ER_IRQHandler                       0x0800011b   Thumb Code     0  startup_stm32f103xb.o(.text)
    I2C2_EV_IRQHandler                       0x0800011b   Thumb Code     0  startup_stm32f103xb.o(.text)
    PVD_IRQHandler                           0x0800011b   Thumb Code     0  startup_stm32f103xb.o(.text)
    RCC_IRQHandler                           0x0800011b   Thumb Code     0  startup_stm32f103xb.o(.text)
    RTC_Alarm_IRQHandler                     0x0800011b   Thumb Code     0  startup_stm32f103xb.o(.text)
    RTC_IRQHandler                           0x0800011b   Thumb Code     0  startup_stm32f103xb.o(.text)
    SPI1_IRQHandler                          0x0800011b   Thumb Code     0  startup_stm32f103xb.o(.text)
    SPI2_IRQHandler                          0x0800011b   Thumb Code     0  startup_stm32f103xb.o(.text)
    TAMPER_IRQHandler                        0x0800011b   Thumb Code     0  startup_stm32f103xb.o(.text)
    TIM1_BRK_IRQHandler                      0x0800011b   Thumb Code     0  startup_stm32f103xb.o(.text)
    TIM1_CC_IRQHandler                       0x0800011b   Thumb Code     0  startup_stm32f103xb.o(.text)
    TIM1_TRG_COM_IRQHandler                  0x0800011b   Thumb Code     0  startup_stm32f103xb.o(.text)
    USART2_IRQHandler                        0x0800011b   Thumb Code     0  startup_stm32f103xb.o(.text)
    USART3_IRQHandler                        0x0800011b   Thumb Code     0  startup_stm32f103xb.o(.text)
    USBWakeUp_IRQHandler                     0x0800011b   Thumb Code     0  startup_stm32f103xb.o(.text)
    USB_HP_CAN1_TX_IRQHandler                0x0800011b   Thumb Code     0  startup_stm32f103xb.o(.text)
    USB_LP_CAN1_RX0_IRQHandler               0x0800011b   Thumb Code     0  startup_stm32f103xb.o(.text)
    WWDG_IRQHandler                          0x0800011b   Thumb Code     0  startup_stm32f103xb.o(.text)
    __aeabi_memset                           0x08000125   Thumb Code    14  memseta.o(.text)
    __aeabi_memset4                          0x08000125   Thumb Code     0  memseta.o(.text)
    __aeabi_memset8                          0x08000125   Thumb Code     0  memseta.o(.text)
    __aeabi_memclr                           0x08000133   Thumb Code     4  memseta.o(.text)
    __aeabi_memclr4                          0x08000133   Thumb Code     0  memseta.o(.text)
    __aeabi_memclr8                          0x08000133   Thumb Code     0  memseta.o(.text)
    _memset$wrapper                          0x08000137   Thumb Code    18  memseta.o(.text)
    __scatterload                            0x08000149   Thumb Code    28  init.o(.text)
    __scatterload_rt2                        0x08000149   Thumb Code     0  init.o(.text)
    ADC1_2_IRQHandler                        0x0800016d   Thumb Code    10  stm32f1xx_it.o(i.ADC1_2_IRQHandler)
    ADC_ConversionStop_Disable               0x0800017d   Thumb Code    92  stm32f1xx_hal_adc.o(i.ADC_ConversionStop_Disable)
    ADC_DMAConvCplt                          0x080001d9   Thumb Code    82  stm32f1xx_hal_adc.o(i.ADC_DMAConvCplt)
    ADC_DMAError                             0x0800022b   Thumb Code    30  stm32f1xx_hal_adc.o(i.ADC_DMAError)
    ADC_DMAHalfConvCplt                      0x08000249   Thumb Code    14  stm32f1xx_hal_adc.o(i.ADC_DMAHalfConvCplt)
    ADC_Enable                               0x08000259   Thumb Code   134  stm32f1xx_hal_adc.o(i.ADC_Enable)
    Boot_detection                           0x080002e9   Thumb Code   346  data_analysis.o(i.Boot_detection)
    BusFault_Handler                         0x08000459   Thumb Code     4  stm32f1xx_it.o(i.BusFault_Handler)
    DMA1_Channel1_IRQHandler                 0x0800045d   Thumb Code    10  stm32f1xx_it.o(i.DMA1_Channel1_IRQHandler)
    DMA1_Channel4_IRQHandler                 0x0800046d   Thumb Code    10  stm32f1xx_it.o(i.DMA1_Channel4_IRQHandler)
    DMA1_Channel5_IRQHandler                 0x0800047d   Thumb Code    10  stm32f1xx_it.o(i.DMA1_Channel5_IRQHandler)
    DebugMon_Handler                         0x080004b9   Thumb Code     2  stm32f1xx_it.o(i.DebugMon_Handler)
    Error_Handler                            0x080004bb   Thumb Code     6  main.o(i.Error_Handler)
    GPIO_RESET                               0x080004c1   Thumb Code   122  gpio.o(i.GPIO_RESET)
    GPIO_SET                                 0x08000545   Thumb Code   122  gpio.o(i.GPIO_SET)
    Get_ADC_Averagevalue                     0x080005c9   Thumb Code    94  adc.o(i.Get_ADC_Averagevalue)
    Gyro_Module                              0x08000631   Thumb Code    78  data_analysis.o(i.Gyro_Module)
    HAL_ADCEx_InjectedConvCpltCallback       0x08000685   Thumb Code     2  stm32f1xx_hal_adc_ex.o(i.HAL_ADCEx_InjectedConvCpltCallback)
    HAL_ADC_ConfigChannel                    0x08000689   Thumb Code   338  stm32f1xx_hal_adc.o(i.HAL_ADC_ConfigChannel)
    HAL_ADC_ConvCpltCallback                 0x080007e9   Thumb Code     2  stm32f1xx_hal_adc.o(i.HAL_ADC_ConvCpltCallback)
    HAL_ADC_ConvHalfCpltCallback             0x080007eb   Thumb Code     2  stm32f1xx_hal_adc.o(i.HAL_ADC_ConvHalfCpltCallback)
    HAL_ADC_ErrorCallback                    0x080007ed   Thumb Code     2  stm32f1xx_hal_adc.o(i.HAL_ADC_ErrorCallback)
    HAL_ADC_IRQHandler                       0x080007ef   Thumb Code   290  stm32f1xx_hal_adc.o(i.HAL_ADC_IRQHandler)
    HAL_ADC_Init                             0x08000911   Thumb Code   314  stm32f1xx_hal_adc.o(i.HAL_ADC_Init)
    HAL_ADC_LevelOutOfWindowCallback         0x08000a55   Thumb Code     2  stm32f1xx_hal_adc.o(i.HAL_ADC_LevelOutOfWindowCallback)
    HAL_ADC_MspInit                          0x08000a59   Thumb Code   252  adc.o(i.HAL_ADC_MspInit)
    HAL_ADC_Start_DMA                        0x08000b71   Thumb Code   362  stm32f1xx_hal_adc.o(i.HAL_ADC_Start_DMA)
    HAL_DMA_Abort                            0x08000cf1   Thumb Code    86  stm32f1xx_hal_dma.o(i.HAL_DMA_Abort)
    HAL_DMA_Abort_IT                         0x08000d49   Thumb Code   172  stm32f1xx_hal_dma.o(i.HAL_DMA_Abort_IT)
    HAL_DMA_IRQHandler                       0x08000df9   Thumb Code   408  stm32f1xx_hal_dma.o(i.HAL_DMA_IRQHandler)
    HAL_DMA_Init                             0x08000f95   Thumb Code   100  stm32f1xx_hal_dma.o(i.HAL_DMA_Init)
    HAL_DMA_Start_IT                         0x08000ffd   Thumb Code   156  stm32f1xx_hal_dma.o(i.HAL_DMA_Start_IT)
    HAL_Delay                                0x08001099   Thumb Code    36  stm32f1xx_hal.o(i.HAL_Delay)
    HAL_GPIO_Init                            0x080010c1   Thumb Code   766  stm32f1xx_hal_gpio.o(i.HAL_GPIO_Init)
    HAL_GPIO_ReadPin                         0x080013e1   Thumb Code    16  stm32f1xx_hal_gpio.o(i.HAL_GPIO_ReadPin)
    HAL_GPIO_WritePin                        0x080013f1   Thumb Code    12  stm32f1xx_hal_gpio.o(i.HAL_GPIO_WritePin)
    HAL_GetTick                              0x080013fd   Thumb Code     6  stm32f1xx_hal.o(i.HAL_GetTick)
    HAL_IncTick                              0x08001409   Thumb Code    16  stm32f1xx_hal.o(i.HAL_IncTick)
    HAL_Init                                 0x08001421   Thumb Code    34  stm32f1xx_hal.o(i.HAL_Init)
    HAL_InitTick                             0x08001449   Thumb Code    64  stm32f1xx_hal.o(i.HAL_InitTick)
    HAL_MspInit                              0x08001495   Thumb Code    82  stm32f1xx_hal_msp.o(i.HAL_MspInit)
    HAL_NVIC_EnableIRQ                       0x080014f1   Thumb Code    32  stm32f1xx_hal_cortex.o(i.HAL_NVIC_EnableIRQ)
    HAL_NVIC_SetPriority                     0x08001511   Thumb Code   124  stm32f1xx_hal_cortex.o(i.HAL_NVIC_SetPriority)
    HAL_NVIC_SetPriorityGrouping             0x0800158d   Thumb Code    32  stm32f1xx_hal_cortex.o(i.HAL_NVIC_SetPriorityGrouping)
    HAL_RCCEx_PeriphCLKConfig                0x080015b5   Thumb Code   290  stm32f1xx_hal_rcc_ex.o(i.HAL_RCCEx_PeriphCLKConfig)
    HAL_RCC_ClockConfig                      0x080016e5   Thumb Code   376  stm32f1xx_hal_rcc.o(i.HAL_RCC_ClockConfig)
    HAL_RCC_GetHCLKFreq                      0x08001871   Thumb Code     6  stm32f1xx_hal_rcc.o(i.HAL_RCC_GetHCLKFreq)
    HAL_RCC_GetPCLK1Freq                     0x0800187d   Thumb Code    22  stm32f1xx_hal_rcc.o(i.HAL_RCC_GetPCLK1Freq)
    HAL_RCC_GetPCLK2Freq                     0x0800189d   Thumb Code    22  stm32f1xx_hal_rcc.o(i.HAL_RCC_GetPCLK2Freq)
    HAL_RCC_GetSysClockFreq                  0x080018bd   Thumb Code   116  stm32f1xx_hal_rcc.o(i.HAL_RCC_GetSysClockFreq)
    HAL_RCC_OscConfig                        0x08001951   Thumb Code  1114  stm32f1xx_hal_rcc.o(i.HAL_RCC_OscConfig)
    HAL_SYSTICK_Config                       0x08001db5   Thumb Code    52  stm32f1xx_hal_cortex.o(i.HAL_SYSTICK_Config)
    HAL_TIMEx_BreakCallback                  0x08001de9   Thumb Code     2  stm32f1xx_hal_tim_ex.o(i.HAL_TIMEx_BreakCallback)
    HAL_TIMEx_CommutCallback                 0x08001deb   Thumb Code     2  stm32f1xx_hal_tim_ex.o(i.HAL_TIMEx_CommutCallback)
    HAL_TIMEx_MasterConfigSynchronization    0x08001ded   Thumb Code   118  stm32f1xx_hal_tim_ex.o(i.HAL_TIMEx_MasterConfigSynchronization)
    HAL_TIM_Base_Init                        0x08001e71   Thumb Code   102  stm32f1xx_hal_tim.o(i.HAL_TIM_Base_Init)
    HAL_TIM_Base_MspInit                     0x08001ed9   Thumb Code   112  tim.o(i.HAL_TIM_Base_MspInit)
    HAL_TIM_Base_Start_IT                    0x08001f55   Thumb Code   106  stm32f1xx_hal_tim.o(i.HAL_TIM_Base_Start_IT)
    HAL_TIM_ConfigClockSource                0x08001fcd   Thumb Code   264  stm32f1xx_hal_tim.o(i.HAL_TIM_ConfigClockSource)
    HAL_TIM_IC_CaptureCallback               0x080020d5   Thumb Code   986  tim.o(i.HAL_TIM_IC_CaptureCallback)
    HAL_TIM_IC_ConfigChannel                 0x080024c9   Thumb Code   212  stm32f1xx_hal_tim.o(i.HAL_TIM_IC_ConfigChannel)
    HAL_TIM_IC_Init                          0x0800259d   Thumb Code   102  stm32f1xx_hal_tim.o(i.HAL_TIM_IC_Init)
    HAL_TIM_IC_MspInit                       0x08002605   Thumb Code   264  tim.o(i.HAL_TIM_IC_MspInit)
    HAL_TIM_IC_Start_IT                      0x0800271d   Thumb Code   332  stm32f1xx_hal_tim.o(i.HAL_TIM_IC_Start_IT)
    HAL_TIM_IC_Stop_IT                       0x08002875   Thumb Code   214  stm32f1xx_hal_tim.o(i.HAL_TIM_IC_Stop_IT)
    HAL_TIM_IRQHandler                       0x0800294b   Thumb Code   406  stm32f1xx_hal_tim.o(i.HAL_TIM_IRQHandler)
    HAL_TIM_OC_DelayElapsedCallback          0x08002ae1   Thumb Code     2  stm32f1xx_hal_tim.o(i.HAL_TIM_OC_DelayElapsedCallback)
    HAL_TIM_PWM_PulseFinishedCallback        0x08002ae3   Thumb Code     2  stm32f1xx_hal_tim.o(i.HAL_TIM_PWM_PulseFinishedCallback)
    HAL_TIM_PeriodElapsedCallback            0x08002ae5   Thumb Code    60  main.o(i.HAL_TIM_PeriodElapsedCallback)
    HAL_TIM_ReadCapturedValue                0x08002b35   Thumb Code    50  stm32f1xx_hal_tim.o(i.HAL_TIM_ReadCapturedValue)
    HAL_TIM_TriggerCallback                  0x08002b67   Thumb Code     2  stm32f1xx_hal_tim.o(i.HAL_TIM_TriggerCallback)
    HAL_UARTEx_RxEventCallback               0x08002b69   Thumb Code     2  stm32f1xx_hal_uart.o(i.HAL_UARTEx_RxEventCallback)
    HAL_UART_DMAStop                         0x08002b6b   Thumb Code   102  stm32f1xx_hal_uart.o(i.HAL_UART_DMAStop)
    HAL_UART_ErrorCallback                   0x08002bd1   Thumb Code     2  stm32f1xx_hal_uart.o(i.HAL_UART_ErrorCallback)
    HAL_UART_IRQHandler                      0x08002bd5   Thumb Code   582  stm32f1xx_hal_uart.o(i.HAL_UART_IRQHandler)
    HAL_UART_Init                            0x08002e21   Thumb Code   114  stm32f1xx_hal_uart.o(i.HAL_UART_Init)
    HAL_UART_MspInit                         0x08002e95   Thumb Code   264  usart.o(i.HAL_UART_MspInit)
    HAL_UART_Receive_DMA                     0x08002fb9   Thumb Code    66  stm32f1xx_hal_uart.o(i.HAL_UART_Receive_DMA)
    HAL_UART_RxCpltCallback                  0x08002ffb   Thumb Code     2  stm32f1xx_hal_uart.o(i.HAL_UART_RxCpltCallback)
    HAL_UART_RxHalfCpltCallback              0x08002ffd   Thumb Code     2  stm32f1xx_hal_uart.o(i.HAL_UART_RxHalfCpltCallback)
    HAL_UART_Transmit_DMA                    0x08003001   Thumb Code   142  stm32f1xx_hal_uart.o(i.HAL_UART_Transmit_DMA)
    HAL_UART_TxCpltCallback                  0x0800309d   Thumb Code     2  stm32f1xx_hal_uart.o(i.HAL_UART_TxCpltCallback)
    HAL_UART_TxHalfCpltCallback              0x0800309f   Thumb Code     2  stm32f1xx_hal_uart.o(i.HAL_UART_TxHalfCpltCallback)
    HardFault_Handler                        0x080030a1   Thumb Code     4  stm32f1xx_it.o(i.HardFault_Handler)
    ID_GPIO_ADC_Init                         0x080030a5   Thumb Code   238  gpio.o(i.ID_GPIO_ADC_Init)
    ID_GPIO_OUTPUT_Init                      0x080031a1   Thumb Code   380  gpio.o(i.ID_GPIO_OUTPUT_Init)
    ID_GPIO_PWM_Init                         0x08003329   Thumb Code   270  gpio.o(i.ID_GPIO_PWM_Init)
    Interface_module                         0x08003445   Thumb Code  1120  data_analysis.o(i.Interface_module)
    KEY_Scan                                 0x080038ad   Thumb Code    70  data_analysis.o(i.KEY_Scan)
    LED_Flashing                             0x080038fd   Thumb Code    84  data_analysis.o(i.LED_Flashing)
    Left_Movement                            0x08003959   Thumb Code   148  data_analysis.o(i.Left_Movement)
    MX_ADC1_Init                             0x080039fd   Thumb Code   416  adc.o(i.MX_ADC1_Init)
    MX_DMA_Init                              0x08003ba5   Thumb Code    80  dma.o(i.MX_DMA_Init)
    MX_GPIO_Init                             0x08003bf9   Thumb Code   226  gpio.o(i.MX_GPIO_Init)
    MX_TIM1_Init                             0x08003ce9   Thumb Code   106  tim.o(i.MX_TIM1_Init)
    MX_TIM2_Init                             0x08003d5d   Thumb Code   160  tim.o(i.MX_TIM2_Init)
    MX_TIM3_Init                             0x08003e01   Thumb Code   158  tim.o(i.MX_TIM3_Init)
    MX_TIM4_Init                             0x08003ea9   Thumb Code   104  tim.o(i.MX_TIM4_Init)
    MX_USART1_UART_Init                      0x08003f19   Thumb Code    46  usart.o(i.MX_USART1_UART_Init)
    MemManage_Handler                        0x08003f51   Thumb Code     4  stm32f1xx_it.o(i.MemManage_Handler)
    Module_Init                              0x08003f55   Thumb Code    86  data_analysis.o(i.Module_Init)
    NMI_Handler                              0x08003fb1   Thumb Code     4  stm32f1xx_it.o(i.NMI_Handler)
    PendSV_Handler                           0x08003fb5   Thumb Code     2  stm32f1xx_it.o(i.PendSV_Handler)
    Programming_Determine                    0x08003fb9   Thumb Code   776  data_analysis.o(i.Programming_Determine)
    Right_Movement                           0x08004311   Thumb Code   156  data_analysis.o(i.Right_Movement)
    SVC_Handler                              0x080043bd   Thumb Code     2  stm32f1xx_it.o(i.SVC_Handler)
    Send_Data                                0x080043c1   Thumb Code    16  bluetooth.o(i.Send_Data)
    Special_Combination_Module               0x080043d5   Thumb Code   160  data_analysis.o(i.Special_Combination_Module)
    Start_Motor_Potentiometer                0x0800447d   Thumb Code   444  data_analysis.o(i.Start_Motor_Potentiometer)
    Start_Potentiometer                      0x0800464d   Thumb Code   364  data_analysis.o(i.Start_Potentiometer)
    SysTick_Handler                          0x080047cd   Thumb Code     8  stm32f1xx_it.o(i.SysTick_Handler)
    SystemClock_Config                       0x080047d5   Thumb Code   134  main.o(i.SystemClock_Config)
    SystemInit                               0x0800485b   Thumb Code     2  system_stm32f1xx.o(i.SystemInit)
    TIM1_UP_IRQHandler                       0x0800485d   Thumb Code    10  stm32f1xx_it.o(i.TIM1_UP_IRQHandler)
    TIM2_IRQHandler                          0x0800486d   Thumb Code    10  stm32f1xx_it.o(i.TIM2_IRQHandler)
    TIM3_IRQHandler                          0x0800487d   Thumb Code    10  stm32f1xx_it.o(i.TIM3_IRQHandler)
    TIM4_IRQHandler                          0x0800488d   Thumb Code    10  stm32f1xx_it.o(i.TIM4_IRQHandler)
    TIM_Base_SetConfig                       0x0800489d   Thumb Code   104  stm32f1xx_hal_tim.o(i.TIM_Base_SetConfig)
    TIM_CCxChannelCmd                        0x08004911   Thumb Code    34  stm32f1xx_hal_tim.o(i.TIM_CCxChannelCmd)
    TIM_ETR_SetConfig                        0x08004933   Thumb Code    22  stm32f1xx_hal_tim.o(i.TIM_ETR_SetConfig)
    TIM_TI1_SetConfig                        0x08004981   Thumb Code    90  stm32f1xx_hal_tim.o(i.TIM_TI1_SetConfig)
    Tilt_Movement                            0x08004ac1   Thumb Code   248  data_analysis.o(i.Tilt_Movement)
    UART_Start_Receive_DMA                   0x08004f4d   Thumb Code   138  stm32f1xx_hal_uart.o(i.UART_Start_Receive_DMA)
    USART1_IRQHandler                        0x08005045   Thumb Code    88  stm32f1xx_it.o(i.USART1_IRQHandler)
    UsageFault_Handler                       0x080050b1   Thumb Code     4  stm32f1xx_it.o(i.UsageFault_Handler)
    __scatterload_copy                       0x080050ed   Thumb Code    14  handlers.o(i.__scatterload_copy)
    __scatterload_null                       0x080050fb   Thumb Code     2  handlers.o(i.__scatterload_null)
    __scatterload_zeroinit                   0x080050fd   Thumb Code    14  handlers.o(i.__scatterload_zeroinit)
    emoji_Module                             0x0800510d   Thumb Code   446  data_analysis.o(i.emoji_Module)
    main                                     0x080052dd   Thumb Code   270  main.o(i.main)
    other_Module                             0x08005415   Thumb Code   938  data_analysis.o(i.other_Module)
    pwm1_input                               0x080057d1   Thumb Code    92  tim.o(i.pwm1_input)
    pwm2_input                               0x0800583d   Thumb Code    92  tim.o(i.pwm2_input)
    pwm3_input                               0x080058a9   Thumb Code    92  tim.o(i.pwm3_input)
    pwm4_input                               0x08005915   Thumb Code    92  tim.o(i.pwm4_input)
    pwm5_input                               0x08005981   Thumb Code    92  tim.o(i.pwm5_input)
    pwm6_input                               0x080059ed   Thumb Code    92  tim.o(i.pwm6_input)
    pwm7_input                               0x08005a59   Thumb Code    92  tim.o(i.pwm7_input)
    pwm8_input                               0x08005ac5   Thumb Code    92  tim.o(i.pwm8_input)
    send_data_time                           0x08005b31   Thumb Code    22  data_analysis.o(i.send_data_time)
    straight_Movement                        0x08005b4d   Thumb Code   148  data_analysis.o(i.straight_Movement)
    voice_Module                             0x08005bf1   Thumb Code   618  data_analysis.o(i.voice_Module)
    AHBPrescTable                            0x08005e6c   Data          16  system_stm32f1xx.o(.constdata)
    APBPrescTable                            0x08005e7c   Data           8  system_stm32f1xx.o(.constdata)
    Region$$Table$$Base                      0x08005e84   Number         0  anon$$obj.o(Region$$Table)
    Region$$Table$$Limit                     0x08005ea4   Number         0  anon$$obj.o(Region$$Table)
    On_Off_Time                              0x20000000   Data           4  data_analysis.o(.data)
    Set_LED_Num                              0x20000004   Data           1  data_analysis.o(.data)
    Interface                                0x20000005   Data           8  data_analysis.o(.data)
    Location                                 0x2000000d   Data           1  data_analysis.o(.data)
    turn_onn                                 0x2000000e   Data           1  data_analysis.o(.data)
    bbb                                      0x2000000f   Data           1  data_analysis.o(.data)
    turn_on                                  0x20000010   Data           1  data_analysis.o(.data)
    key_up                                   0x20000011   Data           1  data_analysis.o(.data)
    location                                 0x20000012   Data           1  data_analysis.o(.data)
    Programming_Error                        0x20000013   Data           1  data_analysis.o(.data)
    Programming_Warning                      0x20000014   Data           1  data_analysis.o(.data)
    LED_Glint                                0x20000015   Data           1  data_analysis.o(.data)
    NO_Touch                                 0x20000016   Data           1  data_analysis.o(.data)
    Expression_flag                          0x20000017   Data           1  data_analysis.o(.data)
    Light_flag                               0x20000018   Data           1  data_analysis.o(.data)
    Recording_flag                           0x20000019   Data           1  data_analysis.o(.data)
    Motor_flag                               0x2000001a   Data           1  data_analysis.o(.data)
    G_location                               0x2000001b   Data           8  data_analysis.o(.data)
    Light_times                              0x20000023   Data           1  data_analysis.o(.data)
    Sendbuff                                 0x20000024   Data           1  bluetooth.o(.data)
    Sendbuff1                                0x20000025   Data           1  bluetooth.o(.data)
    Sendbuf                                  0x20000026   Data           1  bluetooth.o(.data)
    LED_Time                                 0x20000028   Data           2  main.o(.data)
    SendCom1                                 0x2000002a   Data          16  main.o(.data)
    SendCom2                                 0x2000003a   Data          13  main.o(.data)
    Turn_OFF                                 0x20000047   Data           1  main.o(.data)
    capture_Cnt                              0x20000048   Data           8  tim.o(.data)
    LED_Flashing_Time                        0x20000050   Data           2  tim.o(.data)
    rx_buffer                                0x20000052   Data           7  stm32f1xx_it.o(.data)
    rx_len                                   0x20000059   Data           1  stm32f1xx_it.o(.data)
    recv_end_flag                            0x2000005a   Data           1  stm32f1xx_it.o(.data)
    uwTick                                   0x2000005c   Data           4  stm32f1xx_hal.o(.data)
    uwTickPrio                               0x20000060   Data           4  stm32f1xx_hal.o(.data)
    uwTickFreq                               0x20000064   Data           1  stm32f1xx_hal.o(.data)
    SystemCoreClock                          0x20000068   Data           4  system_stm32f1xx.o(.data)
    ADC_Value                                0x2000006c   Data          32  adc.o(.bss)
    ADC_ValBuf                               0x2000008c   Data         640  adc.o(.bss)
    hadc1                                    0x2000030c   Data          48  adc.o(.bss)
    hdma_adc1                                0x2000033c   Data          68  adc.o(.bss)
    capture_Buf                              0x20000380   Data          96  tim.o(.bss)
    high_time                                0x200003e0   Data          32  tim.o(.bss)
    htim2                                    0x20000400   Data          72  tim.o(.bss)
    htim3                                    0x20000448   Data          72  tim.o(.bss)
    htim1                                    0x20000490   Data          72  tim.o(.bss)
    htim4                                    0x200004d8   Data          72  tim.o(.bss)
    huart1                                   0x20000520   Data          68  usart.o(.bss)
    hdma_usart1_rx                           0x20000564   Data          68  usart.o(.bss)
    hdma_usart1_tx                           0x200005a8   Data          68  usart.o(.bss)
    __initial_sp                             0x200009f0   Data           0  startup_stm32f103xb.o(STACK)



==============================================================================

Memory Map of the image

  Image Entry point : 0x080000ed

  Load Region LR_IROM1 (Base: 0x08000000, Size: 0x00005f10, Max: 0x00020000, ABSOLUTE)

    Execution Region ER_IROM1 (Exec base: 0x08000000, Load base: 0x08000000, Size: 0x00005ea4, Max: 0x00020000, ABSOLUTE)

    Exec Addr    Load Addr    Size         Type   Attr      Idx    E Section Name        Object

    0x08000000   0x08000000   0x000000ec   Data   RO            3    RESET               startup_stm32f103xb.o
    0x080000ec   0x080000ec   0x00000000   Code   RO         3869  * .ARM.Collect$$$$00000000  mc_w.l(entry.o)
    0x080000ec   0x080000ec   0x00000004   Code   RO         4137    .ARM.Collect$$$$00000001  mc_w.l(entry2.o)
    0x080000f0   0x080000f0   0x00000004   Code   RO         4140    .ARM.Collect$$$$00000004  mc_w.l(entry5.o)
    0x080000f4   0x080000f4   0x00000000   Code   RO         4142    .ARM.Collect$$$$00000008  mc_w.l(entry7b.o)
    0x080000f4   0x080000f4   0x00000000   Code   RO         4144    .ARM.Collect$$$$0000000A  mc_w.l(entry8b.o)
    0x080000f4   0x080000f4   0x00000008   Code   RO         4145    .ARM.Collect$$$$0000000B  mc_w.l(entry9a.o)
    0x080000fc   0x080000fc   0x00000000   Code   RO         4147    .ARM.Collect$$$$0000000D  mc_w.l(entry10a.o)
    0x080000fc   0x080000fc   0x00000000   Code   RO         4149    .ARM.Collect$$$$0000000F  mc_w.l(entry11a.o)
    0x080000fc   0x080000fc   0x00000004   Code   RO         4138    .ARM.Collect$$$$00002712  mc_w.l(entry2.o)
    0x08000100   0x08000100   0x00000024   Code   RO            4    .text               startup_stm32f103xb.o
    0x08000124   0x08000124   0x00000024   Code   RO         3874    .text               mc_w.l(memseta.o)
    0x08000148   0x08000148   0x00000024   Code   RO         4169    .text               mc_w.l(init.o)
    0x0800016c   0x0800016c   0x00000010   Code   RO         1009    i.ADC1_2_IRQHandler  stm32f1xx_it.o
    0x0800017c   0x0800017c   0x0000005c   Code   RO         1202    i.ADC_ConversionStop_Disable  stm32f1xx_hal_adc.o
    0x080001d8   0x080001d8   0x00000052   Code   RO         1203    i.ADC_DMAConvCplt   stm32f1xx_hal_adc.o
    0x0800022a   0x0800022a   0x0000001e   Code   RO         1204    i.ADC_DMAError      stm32f1xx_hal_adc.o
    0x08000248   0x08000248   0x0000000e   Code   RO         1205    i.ADC_DMAHalfConvCplt  stm32f1xx_hal_adc.o
    0x08000256   0x08000256   0x00000002   PAD
    0x08000258   0x08000258   0x00000090   Code   RO         1206    i.ADC_Enable        stm32f1xx_hal_adc.o
    0x080002e8   0x080002e8   0x00000170   Code   RO           13    i.Boot_detection    data_analysis.o
    0x08000458   0x08000458   0x00000004   Code   RO         1010    i.BusFault_Handler  stm32f1xx_it.o
    0x0800045c   0x0800045c   0x00000010   Code   RO         1011    i.DMA1_Channel1_IRQHandler  stm32f1xx_it.o
    0x0800046c   0x0800046c   0x00000010   Code   RO         1012    i.DMA1_Channel4_IRQHandler  stm32f1xx_it.o
    0x0800047c   0x0800047c   0x00000010   Code   RO         1013    i.DMA1_Channel5_IRQHandler  stm32f1xx_it.o
    0x0800048c   0x0800048c   0x0000002c   Code   RO         1861    i.DMA_SetConfig     stm32f1xx_hal_dma.o
    0x080004b8   0x080004b8   0x00000002   Code   RO         1014    i.DebugMon_Handler  stm32f1xx_it.o
    0x080004ba   0x080004ba   0x00000006   Code   RO          411    i.Error_Handler     main.o
    0x080004c0   0x080004c0   0x00000084   Code   RO          473    i.GPIO_RESET        gpio.o
    0x08000544   0x08000544   0x00000084   Code   RO          474    i.GPIO_SET          gpio.o
    0x080005c8   0x080005c8   0x00000068   Code   RO          674    i.Get_ADC_Averagevalue  adc.o
    0x08000630   0x08000630   0x00000054   Code   RO           14    i.Gyro_Module       data_analysis.o
    0x08000684   0x08000684   0x00000002   Code   RO         1384    i.HAL_ADCEx_InjectedConvCpltCallback  stm32f1xx_hal_adc_ex.o
    0x08000686   0x08000686   0x00000002   PAD
    0x08000688   0x08000688   0x00000160   Code   RO         1208    i.HAL_ADC_ConfigChannel  stm32f1xx_hal_adc.o
    0x080007e8   0x080007e8   0x00000002   Code   RO         1209    i.HAL_ADC_ConvCpltCallback  stm32f1xx_hal_adc.o
    0x080007ea   0x080007ea   0x00000002   Code   RO         1210    i.HAL_ADC_ConvHalfCpltCallback  stm32f1xx_hal_adc.o
    0x080007ec   0x080007ec   0x00000002   Code   RO         1212    i.HAL_ADC_ErrorCallback  stm32f1xx_hal_adc.o
    0x080007ee   0x080007ee   0x00000122   Code   RO         1216    i.HAL_ADC_IRQHandler  stm32f1xx_hal_adc.o
    0x08000910   0x08000910   0x00000144   Code   RO         1217    i.HAL_ADC_Init      stm32f1xx_hal_adc.o
    0x08000a54   0x08000a54   0x00000002   Code   RO         1218    i.HAL_ADC_LevelOutOfWindowCallback  stm32f1xx_hal_adc.o
    0x08000a56   0x08000a56   0x00000002   PAD
    0x08000a58   0x08000a58   0x00000118   Code   RO          676    i.HAL_ADC_MspInit   adc.o
    0x08000b70   0x08000b70   0x00000180   Code   RO         1224    i.HAL_ADC_Start_DMA  stm32f1xx_hal_adc.o
    0x08000cf0   0x08000cf0   0x00000056   Code   RO         1862    i.HAL_DMA_Abort     stm32f1xx_hal_dma.o
    0x08000d46   0x08000d46   0x00000002   PAD
    0x08000d48   0x08000d48   0x000000b0   Code   RO         1863    i.HAL_DMA_Abort_IT  stm32f1xx_hal_dma.o
    0x08000df8   0x08000df8   0x0000019c   Code   RO         1867    i.HAL_DMA_IRQHandler  stm32f1xx_hal_dma.o
    0x08000f94   0x08000f94   0x00000068   Code   RO         1868    i.HAL_DMA_Init      stm32f1xx_hal_dma.o
    0x08000ffc   0x08000ffc   0x0000009c   Code   RO         1872    i.HAL_DMA_Start_IT  stm32f1xx_hal_dma.o
    0x08001098   0x08001098   0x00000028   Code   RO         1485    i.HAL_Delay         stm32f1xx_hal.o
    0x080010c0   0x080010c0   0x00000320   Code   RO         1798    i.HAL_GPIO_Init     stm32f1xx_hal_gpio.o
    0x080013e0   0x080013e0   0x00000010   Code   RO         1800    i.HAL_GPIO_ReadPin  stm32f1xx_hal_gpio.o
    0x080013f0   0x080013f0   0x0000000c   Code   RO         1802    i.HAL_GPIO_WritePin  stm32f1xx_hal_gpio.o
    0x080013fc   0x080013fc   0x0000000c   Code   RO         1489    i.HAL_GetTick       stm32f1xx_hal.o
    0x08001408   0x08001408   0x00000018   Code   RO         1495    i.HAL_IncTick       stm32f1xx_hal.o
    0x08001420   0x08001420   0x00000028   Code   RO         1496    i.HAL_Init          stm32f1xx_hal.o
    0x08001448   0x08001448   0x0000004c   Code   RO         1497    i.HAL_InitTick      stm32f1xx_hal.o
    0x08001494   0x08001494   0x0000005c   Code   RO         1142    i.HAL_MspInit       stm32f1xx_hal_msp.o
    0x080014f0   0x080014f0   0x00000020   Code   RO         1958    i.HAL_NVIC_EnableIRQ  stm32f1xx_hal_cortex.o
    0x08001510   0x08001510   0x0000007c   Code   RO         1964    i.HAL_NVIC_SetPriority  stm32f1xx_hal_cortex.o
    0x0800158c   0x0800158c   0x00000028   Code   RO         1965    i.HAL_NVIC_SetPriorityGrouping  stm32f1xx_hal_cortex.o
    0x080015b4   0x080015b4   0x00000130   Code   RO         1761    i.HAL_RCCEx_PeriphCLKConfig  stm32f1xx_hal_rcc_ex.o
    0x080016e4   0x080016e4   0x0000018c   Code   RO         1653    i.HAL_RCC_ClockConfig  stm32f1xx_hal_rcc.o
    0x08001870   0x08001870   0x0000000c   Code   RO         1658    i.HAL_RCC_GetHCLKFreq  stm32f1xx_hal_rcc.o
    0x0800187c   0x0800187c   0x00000020   Code   RO         1660    i.HAL_RCC_GetPCLK1Freq  stm32f1xx_hal_rcc.o
    0x0800189c   0x0800189c   0x00000020   Code   RO         1661    i.HAL_RCC_GetPCLK2Freq  stm32f1xx_hal_rcc.o
    0x080018bc   0x080018bc   0x00000094   Code   RO         1662    i.HAL_RCC_GetSysClockFreq  stm32f1xx_hal_rcc.o
    0x08001950   0x08001950   0x00000464   Code   RO         1665    i.HAL_RCC_OscConfig  stm32f1xx_hal_rcc.o
    0x08001db4   0x08001db4   0x00000034   Code   RO         1969    i.HAL_SYSTICK_Config  stm32f1xx_hal_cortex.o
    0x08001de8   0x08001de8   0x00000002   Code   RO         3201    i.HAL_TIMEx_BreakCallback  stm32f1xx_hal_tim_ex.o
    0x08001dea   0x08001dea   0x00000002   Code   RO         3202    i.HAL_TIMEx_CommutCallback  stm32f1xx_hal_tim_ex.o
    0x08001dec   0x08001dec   0x00000084   Code   RO         3220    i.HAL_TIMEx_MasterConfigSynchronization  stm32f1xx_hal_tim_ex.o
    0x08001e70   0x08001e70   0x00000066   Code   RO         2486    i.HAL_TIM_Base_Init  stm32f1xx_hal_tim.o
    0x08001ed6   0x08001ed6   0x00000002   PAD
    0x08001ed8   0x08001ed8   0x0000007c   Code   RO          750    i.HAL_TIM_Base_MspInit  tim.o
    0x08001f54   0x08001f54   0x00000078   Code   RO         2491    i.HAL_TIM_Base_Start_IT  stm32f1xx_hal_tim.o
    0x08001fcc   0x08001fcc   0x00000108   Code   RO         2495    i.HAL_TIM_ConfigClockSource  stm32f1xx_hal_tim.o
    0x080020d4   0x080020d4   0x000003f4   Code   RO          751    i.HAL_TIM_IC_CaptureCallback  tim.o
    0x080024c8   0x080024c8   0x000000d4   Code   RO         2522    i.HAL_TIM_IC_ConfigChannel  stm32f1xx_hal_tim.o
    0x0800259c   0x0800259c   0x00000066   Code   RO         2525    i.HAL_TIM_IC_Init   stm32f1xx_hal_tim.o
    0x08002602   0x08002602   0x00000002   PAD
    0x08002604   0x08002604   0x00000118   Code   RO          753    i.HAL_TIM_IC_MspInit  tim.o
    0x0800271c   0x0800271c   0x00000158   Code   RO         2530    i.HAL_TIM_IC_Start_IT  stm32f1xx_hal_tim.o
    0x08002874   0x08002874   0x000000d6   Code   RO         2533    i.HAL_TIM_IC_Stop_IT  stm32f1xx_hal_tim.o
    0x0800294a   0x0800294a   0x00000196   Code   RO         2534    i.HAL_TIM_IRQHandler  stm32f1xx_hal_tim.o
    0x08002ae0   0x08002ae0   0x00000002   Code   RO         2537    i.HAL_TIM_OC_DelayElapsedCallback  stm32f1xx_hal_tim.o
    0x08002ae2   0x08002ae2   0x00000002   Code   RO         2564    i.HAL_TIM_PWM_PulseFinishedCallback  stm32f1xx_hal_tim.o
    0x08002ae4   0x08002ae4   0x00000050   Code   RO          412    i.HAL_TIM_PeriodElapsedCallback  main.o
    0x08002b34   0x08002b34   0x00000032   Code   RO         2574    i.HAL_TIM_ReadCapturedValue  stm32f1xx_hal_tim.o
    0x08002b66   0x08002b66   0x00000002   Code   RO         2577    i.HAL_TIM_TriggerCallback  stm32f1xx_hal_tim.o
    0x08002b68   0x08002b68   0x00000002   Code   RO         3479    i.HAL_UARTEx_RxEventCallback  stm32f1xx_hal_uart.o
    0x08002b6a   0x08002b6a   0x00000066   Code   RO         3491    i.HAL_UART_DMAStop  stm32f1xx_hal_uart.o
    0x08002bd0   0x08002bd0   0x00000002   Code   RO         3493    i.HAL_UART_ErrorCallback  stm32f1xx_hal_uart.o
    0x08002bd2   0x08002bd2   0x00000002   PAD
    0x08002bd4   0x08002bd4   0x0000024c   Code   RO         3496    i.HAL_UART_IRQHandler  stm32f1xx_hal_uart.o
    0x08002e20   0x08002e20   0x00000072   Code   RO         3497    i.HAL_UART_Init     stm32f1xx_hal_uart.o
    0x08002e92   0x08002e92   0x00000002   PAD
    0x08002e94   0x08002e94   0x00000124   Code   RO          968    i.HAL_UART_MspInit  usart.o
    0x08002fb8   0x08002fb8   0x00000042   Code   RO         3501    i.HAL_UART_Receive_DMA  stm32f1xx_hal_uart.o
    0x08002ffa   0x08002ffa   0x00000002   Code   RO         3503    i.HAL_UART_RxCpltCallback  stm32f1xx_hal_uart.o
    0x08002ffc   0x08002ffc   0x00000002   Code   RO         3504    i.HAL_UART_RxHalfCpltCallback  stm32f1xx_hal_uart.o
    0x08002ffe   0x08002ffe   0x00000002   PAD
    0x08003000   0x08003000   0x0000009c   Code   RO         3506    i.HAL_UART_Transmit_DMA  stm32f1xx_hal_uart.o
    0x0800309c   0x0800309c   0x00000002   Code   RO         3508    i.HAL_UART_TxCpltCallback  stm32f1xx_hal_uart.o
    0x0800309e   0x0800309e   0x00000002   Code   RO         3509    i.HAL_UART_TxHalfCpltCallback  stm32f1xx_hal_uart.o
    0x080030a0   0x080030a0   0x00000004   Code   RO         1015    i.HardFault_Handler  stm32f1xx_it.o
    0x080030a4   0x080030a4   0x000000fc   Code   RO          499    i.ID_GPIO_ADC_Init  gpio.o
    0x080031a0   0x080031a0   0x00000188   Code   RO          500    i.ID_GPIO_OUTPUT_Init  gpio.o
    0x08003328   0x08003328   0x0000011c   Code   RO          501    i.ID_GPIO_PWM_Init  gpio.o
    0x08003444   0x08003444   0x00000468   Code   RO           15    i.Interface_module  data_analysis.o
    0x080038ac   0x080038ac   0x00000050   Code   RO           16    i.KEY_Scan          data_analysis.o
    0x080038fc   0x080038fc   0x0000005c   Code   RO           17    i.LED_Flashing      data_analysis.o
    0x08003958   0x08003958   0x000000a4   Code   RO           18    i.Left_Movement     data_analysis.o
    0x080039fc   0x080039fc   0x000001a8   Code   RO          677    i.MX_ADC1_Init      adc.o
    0x08003ba4   0x08003ba4   0x00000054   Code   RO          722    i.MX_DMA_Init       dma.o
    0x08003bf8   0x08003bf8   0x000000f0   Code   RO          502    i.MX_GPIO_Init      gpio.o
    0x08003ce8   0x08003ce8   0x00000074   Code   RO          754    i.MX_TIM1_Init      tim.o
    0x08003d5c   0x08003d5c   0x000000a4   Code   RO          755    i.MX_TIM2_Init      tim.o
    0x08003e00   0x08003e00   0x000000a8   Code   RO          756    i.MX_TIM3_Init      tim.o
    0x08003ea8   0x08003ea8   0x00000070   Code   RO          757    i.MX_TIM4_Init      tim.o
    0x08003f18   0x08003f18   0x00000038   Code   RO          969    i.MX_USART1_UART_Init  usart.o
    0x08003f50   0x08003f50   0x00000004   Code   RO         1016    i.MemManage_Handler  stm32f1xx_it.o
    0x08003f54   0x08003f54   0x0000005c   Code   RO           19    i.Module_Init       data_analysis.o
    0x08003fb0   0x08003fb0   0x00000004   Code   RO         1017    i.NMI_Handler       stm32f1xx_it.o
    0x08003fb4   0x08003fb4   0x00000002   Code   RO         1018    i.PendSV_Handler    stm32f1xx_it.o
    0x08003fb6   0x08003fb6   0x00000002   PAD
    0x08003fb8   0x08003fb8   0x00000330   Code   RO           20    i.Programming_Determine  data_analysis.o
    0x080042e8   0x080042e8   0x00000028   Code   RO         1666    i.RCC_Delay         stm32f1xx_hal_rcc.o
    0x08004310   0x08004310   0x000000ac   Code   RO           21    i.Right_Movement    data_analysis.o
    0x080043bc   0x080043bc   0x00000002   Code   RO         1019    i.SVC_Handler       stm32f1xx_it.o
    0x080043be   0x080043be   0x00000002   PAD
    0x080043c0   0x080043c0   0x00000014   Code   RO          261    i.Send_Data         bluetooth.o
    0x080043d4   0x080043d4   0x000000a8   Code   RO           22    i.Special_Combination_Module  data_analysis.o
    0x0800447c   0x0800447c   0x000001d0   Code   RO           23    i.Start_Motor_Potentiometer  data_analysis.o
    0x0800464c   0x0800464c   0x00000180   Code   RO           24    i.Start_Potentiometer  data_analysis.o
    0x080047cc   0x080047cc   0x00000008   Code   RO         1020    i.SysTick_Handler   stm32f1xx_it.o
    0x080047d4   0x080047d4   0x00000086   Code   RO          413    i.SystemClock_Config  main.o
    0x0800485a   0x0800485a   0x00000002   Code   RO         3836    i.SystemInit        system_stm32f1xx.o
    0x0800485c   0x0800485c   0x00000010   Code   RO         1021    i.TIM1_UP_IRQHandler  stm32f1xx_it.o
    0x0800486c   0x0800486c   0x00000010   Code   RO         1022    i.TIM2_IRQHandler   stm32f1xx_it.o
    0x0800487c   0x0800487c   0x00000010   Code   RO         1023    i.TIM3_IRQHandler   stm32f1xx_it.o
    0x0800488c   0x0800488c   0x00000010   Code   RO         1024    i.TIM4_IRQHandler   stm32f1xx_it.o
    0x0800489c   0x0800489c   0x00000074   Code   RO         2579    i.TIM_Base_SetConfig  stm32f1xx_hal_tim.o
    0x08004910   0x08004910   0x00000022   Code   RO         2580    i.TIM_CCxChannelCmd  stm32f1xx_hal_tim.o
    0x08004932   0x08004932   0x00000016   Code   RO         2590    i.TIM_ETR_SetConfig  stm32f1xx_hal_tim.o
    0x08004948   0x08004948   0x00000012   Code   RO         2591    i.TIM_ITRx_SetConfig  stm32f1xx_hal_tim.o
    0x0800495a   0x0800495a   0x00000026   Code   RO         2597    i.TIM_TI1_ConfigInputStage  stm32f1xx_hal_tim.o
    0x08004980   0x08004980   0x00000068   Code   RO         2598    i.TIM_TI1_SetConfig  stm32f1xx_hal_tim.o
    0x080049e8   0x080049e8   0x00000028   Code   RO         2599    i.TIM_TI2_ConfigInputStage  stm32f1xx_hal_tim.o
    0x08004a10   0x08004a10   0x0000003a   Code   RO         2600    i.TIM_TI2_SetConfig  stm32f1xx_hal_tim.o
    0x08004a4a   0x08004a4a   0x00000038   Code   RO         2601    i.TIM_TI3_SetConfig  stm32f1xx_hal_tim.o
    0x08004a82   0x08004a82   0x0000003c   Code   RO         2602    i.TIM_TI4_SetConfig  stm32f1xx_hal_tim.o
    0x08004abe   0x08004abe   0x00000002   PAD
    0x08004ac0   0x08004ac0   0x00000110   Code   RO           25    i.Tilt_Movement     data_analysis.o
    0x08004bd0   0x08004bd0   0x00000014   Code   RO         3510    i.UART_DMAAbortOnError  stm32f1xx_hal_uart.o
    0x08004be4   0x08004be4   0x00000050   Code   RO         3511    i.UART_DMAError     stm32f1xx_hal_uart.o
    0x08004c34   0x08004c34   0x00000068   Code   RO         3512    i.UART_DMAReceiveCplt  stm32f1xx_hal_uart.o
    0x08004c9c   0x08004c9c   0x00000020   Code   RO         3514    i.UART_DMARxHalfCplt  stm32f1xx_hal_uart.o
    0x08004cbc   0x08004cbc   0x00000036   Code   RO         3516    i.UART_DMATransmitCplt  stm32f1xx_hal_uart.o
    0x08004cf2   0x08004cf2   0x0000000e   Code   RO         3518    i.UART_DMATxHalfCplt  stm32f1xx_hal_uart.o
    0x08004d00   0x08004d00   0x00000036   Code   RO         3520    i.UART_EndRxTransfer  stm32f1xx_hal_uart.o
    0x08004d36   0x08004d36   0x00000020   Code   RO         3521    i.UART_EndTransmit_IT  stm32f1xx_hal_uart.o
    0x08004d56   0x08004d56   0x00000014   Code   RO         3522    i.UART_EndTxTransfer  stm32f1xx_hal_uart.o
    0x08004d6a   0x08004d6a   0x000000e4   Code   RO         3523    i.UART_Receive_IT   stm32f1xx_hal_uart.o
    0x08004e4e   0x08004e4e   0x00000002   PAD
    0x08004e50   0x08004e50   0x000000fc   Code   RO         3524    i.UART_SetConfig    stm32f1xx_hal_uart.o
    0x08004f4c   0x08004f4c   0x00000098   Code   RO         3525    i.UART_Start_Receive_DMA  stm32f1xx_hal_uart.o
    0x08004fe4   0x08004fe4   0x00000060   Code   RO         3527    i.UART_Transmit_IT  stm32f1xx_hal_uart.o
    0x08005044   0x08005044   0x0000006c   Code   RO         1025    i.USART1_IRQHandler  stm32f1xx_it.o
    0x080050b0   0x080050b0   0x00000004   Code   RO         1026    i.UsageFault_Handler  stm32f1xx_it.o
    0x080050b4   0x080050b4   0x00000010   Code   RO         1971    i.__NVIC_GetPriorityGrouping  stm32f1xx_hal_cortex.o
    0x080050c4   0x080050c4   0x00000028   Code   RO         1972    i.__NVIC_SetPriority  stm32f1xx_hal_cortex.o
    0x080050ec   0x080050ec   0x0000000e   Code   RO         4181    i.__scatterload_copy  mc_w.l(handlers.o)
    0x080050fa   0x080050fa   0x00000002   Code   RO         4182    i.__scatterload_null  mc_w.l(handlers.o)
    0x080050fc   0x080050fc   0x0000000e   Code   RO         4183    i.__scatterload_zeroinit  mc_w.l(handlers.o)
    0x0800510a   0x0800510a   0x00000002   PAD
    0x0800510c   0x0800510c   0x000001d0   Code   RO           26    i.emoji_Module      data_analysis.o
    0x080052dc   0x080052dc   0x00000138   Code   RO          415    i.main              main.o
    0x08005414   0x08005414   0x000003bc   Code   RO           27    i.other_Module      data_analysis.o
    0x080057d0   0x080057d0   0x0000006c   Code   RO          758    i.pwm1_input        tim.o
    0x0800583c   0x0800583c   0x0000006c   Code   RO          759    i.pwm2_input        tim.o
    0x080058a8   0x080058a8   0x0000006c   Code   RO          760    i.pwm3_input        tim.o
    0x08005914   0x08005914   0x0000006c   Code   RO          761    i.pwm4_input        tim.o
    0x08005980   0x08005980   0x0000006c   Code   RO          762    i.pwm5_input        tim.o
    0x080059ec   0x080059ec   0x0000006c   Code   RO          763    i.pwm6_input        tim.o
    0x08005a58   0x08005a58   0x0000006c   Code   RO          764    i.pwm7_input        tim.o
    0x08005ac4   0x08005ac4   0x0000006c   Code   RO          765    i.pwm8_input        tim.o
    0x08005b30   0x08005b30   0x0000001c   Code   RO           28    i.send_data_time    data_analysis.o
    0x08005b4c   0x08005b4c   0x000000a4   Code   RO           29    i.straight_Movement  data_analysis.o
    0x08005bf0   0x08005bf0   0x0000027c   Code   RO           30    i.voice_Module      data_analysis.o
    0x08005e6c   0x08005e6c   0x00000018   Data   RO         3837    .constdata          system_stm32f1xx.o
    0x08005e84   0x08005e84   0x00000020   Data   RO         4179    Region$$Table       anon$$obj.o


    Execution Region RW_IRAM1 (Exec base: 0x20000000, Load base: 0x08005ea4, Size: 0x000009f0, Max: 0x00005000, ABSOLUTE)

    Exec Addr    Load Addr    Size         Type   Attr      Idx    E Section Name        Object

    0x20000000   0x08005ea4   0x00000024   Data   RW           31    .data               data_analysis.o
    0x20000024   0x08005ec8   0x00000003   Data   RW          264    .data               bluetooth.o
    0x20000027   0x08005ecb   0x00000001   PAD
    0x20000028   0x08005ecc   0x00000020   Data   RW          416    .data               main.o
    0x20000048   0x08005eec   0x0000000a   Data   RW          767    .data               tim.o
    0x20000052   0x08005ef6   0x00000009   Data   RW         1027    .data               stm32f1xx_it.o
    0x2000005b   0x08005eff   0x00000001   PAD
    0x2000005c   0x08005f00   0x00000009   Data   RW         1503    .data               stm32f1xx_hal.o
    0x20000065   0x08005f09   0x00000003   PAD
    0x20000068   0x08005f0c   0x00000004   Data   RW         3838    .data               system_stm32f1xx.o
    0x2000006c        -       0x00000314   Zero   RW          678    .bss                adc.o
    0x20000380        -       0x000001a0   Zero   RW          766    .bss                tim.o
    0x20000520        -       0x000000cc   Zero   RW          970    .bss                usart.o
    0x200005ec   0x08005f10   0x00000004   PAD
    0x200005f0        -       0x00000400   Zero   RW            1    STACK               startup_stm32f103xb.o


==============================================================================

Image component sizes


      Code (inc. data)   RO Data    RW Data    ZI Data      Debug   Object Name

       808         46          0          0        788       3075   adc.o
        20          4          0          3          0     443817   bluetooth.o
      6532        300          0         36          0     452067   data_analysis.o
        84          4          0          0          0        842   dma.o
      1432        114          0          0          0       4687   gpio.o
       532         62          0         32          0       3118   main.o
        36          8        236          0       1024        820   startup_stm32f103xb.o
       192         36          0          9          0       6225   stm32f1xx_hal.o
      1720         56          0          0          0      10226   stm32f1xx_hal_adc.o
         2          0          0          0          0       1165   stm32f1xx_hal_adc_ex.o
       304         22          0          0          0      29703   stm32f1xx_hal_cortex.o
       978         12          0          0          0       5154   stm32f1xx_hal_dma.o
       828         34          0          0          0       3479   stm32f1xx_hal_gpio.o
        92         10          0          0          0        982   stm32f1xx_hal_msp.o
      1784        110          0          0          0       6336   stm32f1xx_hal_rcc.o
       304         14          0          0          0       1484   stm32f1xx_hal_rcc_ex.o
      2366         52          0          0          0      17242   stm32f1xx_hal_tim.o
       136         14          0          0          0       2561   stm32f1xx_hal_tim_ex.o
      2176         38          0          0          0      17175   stm32f1xx_hal_uart.o
       270         68          0          9          0       9398   stm32f1xx_it.o
         2          0         24          4          0       1239   system_stm32f1xx.o
      2840        224          0         10        416     387431   tim.o
       348         38          0          0        204       2068   usart.o

    ----------------------------------------------------------------------
     23812       1266        292        108       2436    1410294   Object Totals
         0          0         32          0          0          0   (incl. Generated)
        26          0          0          5          4          0   (incl. Padding)

    ----------------------------------------------------------------------

      Code (inc. data)   RO Data    RW Data    ZI Data      Debug   Library Member Name

         0          0          0          0          0          0   entry.o
         0          0          0          0          0          0   entry10a.o
         0          0          0          0          0          0   entry11a.o
         8          4          0          0          0          0   entry2.o
         4          0          0          0          0          0   entry5.o
         0          0          0          0          0          0   entry7b.o
         0          0          0          0          0          0   entry8b.o
         8          4          0          0          0          0   entry9a.o
        30          0          0          0          0          0   handlers.o
        36          8          0          0          0         68   init.o
        36          0          0          0          0        108   memseta.o

    ----------------------------------------------------------------------
       124         16          0          0          0        176   Library Totals
         2          0          0          0          0          0   (incl. Padding)

    ----------------------------------------------------------------------

      Code (inc. data)   RO Data    RW Data    ZI Data      Debug   Library Name

       122         16          0          0          0        176   mc_w.l

    ----------------------------------------------------------------------
       124         16          0          0          0        176   Library Totals

    ----------------------------------------------------------------------

==============================================================================


      Code (inc. data)   RO Data    RW Data    ZI Data      Debug   

     23936       1282        292        108       2436    1402458   Grand Totals
     23936       1282        292        108       2436    1402458   ELF Image Totals
     23936       1282        292        108          0          0   ROM Totals

==============================================================================

    Total RO  Size (Code + RO Data)                24228 (  23.66kB)
    Total RW  Size (RW Data + ZI Data)              2544 (   2.48kB)
    Total ROM Size (Code + RO Data + RW Data)      24336 (  23.77kB)

==============================================================================

