###############################################################################
#
# IAR ELF Linker V3.10.1.201 for STM8                     17/Sep/2021  20:39:22
# Copyright 2010-2017 IAR Systems AB.
#
#    Output file  =  
#        C:\Users\Mr.Li\Desktop\icblocks_Pro\icblocks_luyin_cap\Debug\Exe\demo.out
#    Map file     =  
#        C:\Users\Mr.Li\Desktop\icblocks_Pro\icblocks_luyin_cap\Debug\List\demo.map
#    Command line =  
#        -f C:\Users\Mr.Li\AppData\Local\Temp\EW615E.tmp
#        (C:\Users\Mr.Li\Desktop\icblocks_Pro\icblocks_luyin_cap\Debug\Obj\delay.o
#        C:\Users\Mr.Li\Desktop\icblocks_Pro\icblocks_luyin_cap\Debug\Obj\main.o
#        C:\Users\Mr.Li\Desktop\icblocks_Pro\icblocks_luyin_cap\Debug\Obj\pwm.o
#        C:\Users\Mr.Li\Desktop\icblocks_Pro\icblocks_luyin_cap\Debug\Obj\pwm_capture.o
#        C:\Users\Mr.Li\Desktop\icblocks_Pro\icblocks_luyin_cap\Debug\Obj\stm8s_adc1.o
#        C:\Users\Mr.Li\Desktop\icblocks_Pro\icblocks_luyin_cap\Debug\Obj\stm8s_awu.o
#        C:\Users\Mr.Li\Desktop\icblocks_Pro\icblocks_luyin_cap\Debug\Obj\stm8s_beep.o
#        C:\Users\Mr.Li\Desktop\icblocks_Pro\icblocks_luyin_cap\Debug\Obj\stm8s_clk.o
#        C:\Users\Mr.Li\Desktop\icblocks_Pro\icblocks_luyin_cap\Debug\Obj\stm8s_exti.o
#        C:\Users\Mr.Li\Desktop\icblocks_Pro\icblocks_luyin_cap\Debug\Obj\stm8s_flash.o
#        C:\Users\Mr.Li\Desktop\icblocks_Pro\icblocks_luyin_cap\Debug\Obj\stm8s_gpio.o
#        C:\Users\Mr.Li\Desktop\icblocks_Pro\icblocks_luyin_cap\Debug\Obj\stm8s_i2c.o
#        C:\Users\Mr.Li\Desktop\icblocks_Pro\icblocks_luyin_cap\Debug\Obj\stm8s_it.o
#        C:\Users\Mr.Li\Desktop\icblocks_Pro\icblocks_luyin_cap\Debug\Obj\stm8s_itc.o
#        C:\Users\Mr.Li\Desktop\icblocks_Pro\icblocks_luyin_cap\Debug\Obj\stm8s_iwdg.o
#        C:\Users\Mr.Li\Desktop\icblocks_Pro\icblocks_luyin_cap\Debug\Obj\stm8s_rst.o
#        C:\Users\Mr.Li\Desktop\icblocks_Pro\icblocks_luyin_cap\Debug\Obj\stm8s_spi.o
#        C:\Users\Mr.Li\Desktop\icblocks_Pro\icblocks_luyin_cap\Debug\Obj\stm8s_tim1.o
#        C:\Users\Mr.Li\Desktop\icblocks_Pro\icblocks_luyin_cap\Debug\Obj\stm8s_tim2.o
#        C:\Users\Mr.Li\Desktop\icblocks_Pro\icblocks_luyin_cap\Debug\Obj\stm8s_tim4.o
#        C:\Users\Mr.Li\Desktop\icblocks_Pro\icblocks_luyin_cap\Debug\Obj\stm8s_uart1.o
#        C:\Users\Mr.Li\Desktop\icblocks_Pro\icblocks_luyin_cap\Debug\Obj\stm8s_wwdg.o
#        C:\Users\Mr.Li\Desktop\icblocks_Pro\icblocks_luyin_cap\Debug\Obj\usart.o
#        -o
#        C:\Users\Mr.Li\Desktop\icblocks_Pro\icblocks_luyin_cap\Debug\Exe\demo.out
#        --map
#        C:\Users\Mr.Li\Desktop\icblocks_Pro\icblocks_luyin_cap\Debug\List\demo.map
#        --config "D:\IAR Systems\Embedded Workbench
#        8.0\stm8\config\lnkstm8s003f3.icf" --config_def _CSTACK_SIZE=0x100
#        --config_def _HEAP_SIZE=0x100 --entry __iar_program_start --debug_lib)
#
###############################################################################

*******************************************************************************
*** RUNTIME MODEL ATTRIBUTES
***

__SystemLibrary            = DLib
__code_model               = medium_or_large
__core                     = stm8
__data_model               = medium
__dlib_file_descriptor     = 0
__dlib_full_locale_support = 0
__rt_version               = 4


*******************************************************************************
*** PLACEMENT SUMMARY
***

"A0":  place at start of [0x000000-0x0000ff] { rw section .vregs };
"A1":  place at end of [0x000000-0x0003ff] { block CSTACK };
"P2":  place in [from 0x000000 to 0x0003ff] {
          block HEAP, rw section __DLIB_PERTHREAD, rw section .far.bss,
          rw section .far.data, rw section .far.noinit,
          rw section .far_func.textrw, rw section .huge.bss,
          rw section .huge.data, rw section .huge.noinit,
          rw section .huge_func.textrw, rw section .iar.dynexit,
          rw section .near.bss, rw section .near.data, rw section .near.noinit,
          rw section .near_func.textrw };
"A2":  place at start of [0x008000-0x009fff] { block INTVEC };
"P3":  place in [from 0x008000 to 0x009fff] {
          ro section __DLIB_PERTHREAD_init, ro section .far.data_init,
          ro section .far_func.textrw_init, ro section .huge.data_init,
          ro section .huge_func.textrw_init, ro section .iar.init_table,
          ro section .init_array, ro section .near.data_init,
          ro section .near.rodata, ro section .near_func.text,
          ro section .near_func.textrw_init, ro section .tiny.data_init,
          ro section .tiny.rodata_init };
"P4":  place in [from 0x008000 to 0x009fff] {
          ro section .far.rodata, ro section .far_func.text };
"P5":  place in [from 0x008000 to 0x009fff] {
          ro section .huge.rodata, ro section .huge_func.text };
do not initialize {
   rw section .eeprom.noinit, rw section .far.noinit, rw section .huge.noinit,
   rw section .near.noinit, rw section .tiny.noinit, rw section .vregs };
initialize by copy {
   rw section .far.bss, rw section .far.data, rw section .far_func.textrw,
   rw section .huge.bss, rw section .huge.data, rw section .huge_func.textrw,
   rw section .iar.dynexit, rw section .near.bss, rw section .near.data,
   rw section .near_func.textrw, rw section .tiny.bss, rw section .tiny.data,
   ro section .tiny.rodata };

  Section            Kind      Address    Size  Object
  -------            ----      -------    ----  ------
"A0":                                     0x10
  .vregs             uninit   0x000000    0x10  vregs.o [4]
                            - 0x000010    0x10

"P2":                                     0x15
  P2-1                        0x000010    0x15  <Init block>
    .near.data       inited   0x000010     0x6  main.o [1]
    .near.bss        inited   0x000016     0x1  delay.o [1]
    .near.bss        inited   0x000017     0x2  main.o [1]
    .near.bss        inited   0x000019     0x2  stm8s_it.o [1]
    .near.bss        inited   0x00001b     0x4  stm8s_it.o [1]
    .near.bss        inited   0x00001f     0x2  stm8s_it.o [1]
    .near.bss        inited   0x000021     0x2  stm8s_it.o [1]
    .near.bss        inited   0x000023     0x2  stm8s_it.o [1]
                            - 0x000025    0x15

"A1":                                    0x100
  CSTACK                      0x000300   0x100  <Block>
    CSTACK           uninit   0x000300   0x100  <Block tail>
                            - 0x000400   0x100

"A2":                                     0x80
  INTVEC                      0x008000    0x80  <Block>
    .intvec          const    0x008000    0x80  interrupt.o [4]
                            - 0x008080    0x80

"P3-P5":                                0x1b94
  .far_func.text     ro code  0x008080   0x382  float.o [4]
  .far_func.text     ro code  0x008402   0x2d3  main.o [1]
  .far_func.text     ro code  0x0086d5   0x253  stm8s_uart1.o [1]
  .far_func.text     ro code  0x008928   0x178  long.o [4]
  .far_func.text     ro code  0x008aa0   0x140  usart.o [1]
  .far_func.text     ro code  0x008be0   0x135  vreg_util.o [4]
  .far_func.text     ro code  0x008d15   0x112  stm8s_gpio.o [1]
  .far_func.text     ro code  0x008e27   0x10a  stm8s_tim2.o [1]
  .far_func.text     ro code  0x008f31   0x100  usart.o [1]
  .far_func.text     ro code  0x009031    0xd1  stm8s_uart1.o [1]
  .far_func.text     ro code  0x009102    0xd0  stm8s_it.o [1]
  .far_func.text     ro code  0x0091d2    0xae  stm8s_uart1.o [1]
  .far_func.text     ro code  0x009280    0x90  main.o [1]
  .far_func.text     ro code  0x009310    0x84  stm8s_clk.o [1]
  .far_func.text     ro code  0x009394    0x7d  stm8s_tim2.o [1]
  .far_func.text     ro code  0x009411    0x60  delay.o [1]
  .near.rodata       const    0x009471    0x60  stm8s_uart1.o [1]
  .near.rodata       const    0x0094d1    0x5f  stm8s_gpio.o [1]
  .near.rodata       const    0x009530    0x5f  stm8s_tim2.o [1]
  .near.rodata       const    0x00958f    0x5e  stm8s_clk.o [1]
  .far_func.text     ro code  0x0095ed    0x59  stm8s_tim2.o [1]
  .far_func.text     ro code  0x009646    0x58  dc_util.o [4]
  .far_func.text     ro code  0x00969e    0x56  stm8s_tim2.o [1]
  .far_func.text     ro code  0x0096f4    0x3f  short.o [4]
  .far_func.text     ro code  0x009733    0x3e  stm8s_clk.o [1]
  .far_func.text     ro code  0x009771    0x3e  long_util.o [4]
  .far_func.text     ro code  0x0097af    0x38  stm8s_tim2.o [1]
  .far_func.text     ro code  0x0097e7    0x38  stm8s_tim2.o [1]
  .far_func.text     ro code  0x00981f    0x36  stm8s_clk.o [1]
  .far_func.text     ro code  0x009855    0x34  stm8s_tim2.o [1]
  .far_func.text     ro code  0x009889    0x30  stm8s_clk.o [1]
  .far_func.text     ro code  0x0098b9    0x30  stm8s_tim2.o [1]
  .far_func.text     ro code  0x0098e9    0x2f  pwm_capture.o [1]
  .far_func.text     ro code  0x009918    0x2e  delay.o [1]
  .far_func.text     ro code  0x009946    0x2e  stm8s_tim2.o [1]
  .far_func.text     ro code  0x009974    0x2e  stm8s_tim2.o [1]
  .far_func.text     ro code  0x0099a2    0x2a  stm8s_tim2.o [1]
  .far_func.text     ro code  0x0099cc    0x2a  stm8s_tim2.o [1]
  .far_func.text     ro code  0x0099f6    0x2a  usart.o [1]
  .far_func.text     ro code  0x009a20    0x28  stm8s_tim2.o [1]
  .far_func.text     ro code  0x009a48    0x28  init_small.o [4]
  .iar.init_table    const    0x009a70     0xb  - Linker created -
  .far_func.text     ro code  0x009a7b    0x1e  pwm_capture.o [1]
  .far_func.text     ro code  0x009a99    0x1e  init.o [4]
  .far_func.text     ro code  0x009ab7    0x1a  usart.o [1]
  .far_func.text     ro code  0x009ad1    0x17  cstartup.o [4]
  .far_func.text     ro code  0x009ae8    0x16  __dbg_xxexit.o [3]
  .near.rodata       const    0x009afe    0x16  main.o [1]
  .near.rodata       const    0x009b14    0x15  main.o [1]
  Initializer bytes  const    0x009b29    0x15  <for P2-1>
  .far_func.text     ro code  0x009b3e    0x13  stm8s_gpio.o [1]
  .near.rodata       const    0x009b51    0x11  main.o [1]
  .near.rodata       const    0x009b62    0x11  usart.o [1]
  .far_func.text     ro code  0x009b73    0x10  stm8s_tim2.o [1]
  .far_func.text     ro code  0x009b83     0xe  delay.o [1]
  .far_func.text     ro code  0x009b91     0xe  stm8s_uart1.o [1]
  .far_func.text     ro code  0x009b9f     0xe  far_util.o [4]
  .far_func.text     ro code  0x009bad     0xd  move.o [4]
  .far_func.text     ro code  0x009bba     0x8  pwm_capture.o [1]
  .far_func.text     ro code  0x009bc2     0x8  stm8s_gpio.o [1]
  .far_func.text     ro code  0x009bca     0x7  stm8s_gpio.o [1]
  .far_func.text     ro code  0x009bd1     0x7  stm8s_gpio.o [1]
  .far_func.text     ro code  0x009bd8     0x6  cexit.o [4]
  .near.rodata       const    0x009bde     0x6  main.o [1]
  .far_func.text     ro code  0x009be4     0x4  pwm_capture.o [1]
  .far_func.text     ro code  0x009be8     0x4  stm8s_uart1.o [1]
  .far_func.text     ro code  0x009bec     0x4  interrupt.o [4]
  .far_func.text     ro code  0x009bf0     0x4  exit.o [4]
  .near.rodata       const    0x009bf4     0x4  stm8s_clk.o [1]
  .far_func.text     ro code  0x009bf8     0x3  low_level_init.o [4]
  .far_func.text     ro code  0x009bfb     0x3  unhandled_exception.o [4]
  .far_func.text     ro code  0x009bfe     0x2  main.o [1]
  .far_func.text     ro code  0x009c00     0x1  stm8s_it.o [1]
  .far_func.text     ro code  0x009c01     0x1  stm8s_it.o [1]
  .far_func.text     ro code  0x009c02     0x1  stm8s_it.o [1]
  .far_func.text     ro code  0x009c03     0x1  stm8s_it.o [1]
  .far_func.text     ro code  0x009c04     0x1  stm8s_it.o [1]
  .far_func.text     ro code  0x009c05     0x1  stm8s_it.o [1]
  .far_func.text     ro code  0x009c06     0x1  stm8s_it.o [1]
  .far_func.text     ro code  0x009c07     0x1  stm8s_it.o [1]
  .far_func.text     ro code  0x009c08     0x1  stm8s_it.o [1]
  .far_func.text     ro code  0x009c09     0x1  stm8s_it.o [1]
  .far_func.text     ro code  0x009c0a     0x1  stm8s_it.o [1]
  .far_func.text     ro code  0x009c0b     0x1  stm8s_it.o [1]
  .far_func.text     ro code  0x009c0c     0x1  stm8s_it.o [1]
  .far_func.text     ro code  0x009c0d     0x1  stm8s_it.o [1]
  .far_func.text     ro code  0x009c0e     0x1  stm8s_it.o [1]
  .far_func.text     ro code  0x009c0f     0x1  stm8s_it.o [1]
  .far_func.text     ro code  0x009c10     0x1  stm8s_it.o [1]
  .far_func.text     ro code  0x009c11     0x1  stm8s_it.o [1]
  .far_func.text     ro code  0x009c12     0x1  stm8s_it.o [1]
  .far_func.text     ro code  0x009c13     0x1  __dbg_break.o [3]
                            - 0x009c14  0x1b94


*******************************************************************************
*** INIT TABLE
***

          Address   Size
          -------   ----
Copy (__iar_copy_init2)
    1 source range, total size 0x15:
          0x009b29  0x15
    1 destination range, total size 0x15:
          0x000010  0x15



*******************************************************************************
*** MODULE SUMMARY
***

    Module                 ro code  ro data  rw data
    ------                 -------  -------  -------
C:\Users\Mr.Li\Desktop\icblocks_Pro\icblocks_luyin_cap\Debug\Obj: [1]
    delay.o                    156        1        1
    main.o                     869       74        8
    pwm_capture.o               89
    stm8s_clk.o                296       98
    stm8s_gpio.o               315       95
    stm8s_it.o                 227       12       12
    stm8s_tim2.o             1 010       95
    stm8s_uart1.o              996       96
    usart.o                    644       17
    ------------------------------------------------
    Total:                   4 602      488       21

command line: [2]
    ------------------------------------------------
    Total:

dbgstm8mmd.a: [3]
    __dbg_break.o                1
    __dbg_xxexit.o              22
    ------------------------------------------------
    Total:                      23

dlstm8mmn.a: [4]
    cexit.o                      6
    cstartup.o                  23
    dc_util.o                   88
    exit.o                       4
    far_util.o                  14
    float.o                    898
    init.o                      30
    init_small.o                40
    interrupt.o                  4      128
    long.o                     376
    long_util.o                 62
    low_level_init.o             3
    move.o                      13
    short.o                     63
    unhandled_exception.o        3
    vreg_util.o                309
    vregs.o                                       16
    ------------------------------------------------
    Total:                   1 936      128       16

    Linker created                       11      256
----------------------------------------------------
    Grand Total:             6 561      627      293


*******************************************************************************
*** ENTRY LIST
***

Entry                    Address   Size  Type      Object
-----                    -------   ----  ----      ------
.iar.init_table$$Base   0x009a70          --   Gb  - Linker created -
.iar.init_table$$Limit  0x009a7b          --   Gb  - Linker created -
?b0                     0x000000         Data  Gb  vregs.o [4]
?b1                     0x000001         Data  Gb  vregs.o [4]
?b10                    0x00000a         Data  Gb  vregs.o [4]
?b11                    0x00000b         Data  Gb  vregs.o [4]
?b12                    0x00000c         Data  Gb  vregs.o [4]
?b13                    0x00000d         Data  Gb  vregs.o [4]
?b14                    0x00000e         Data  Gb  vregs.o [4]
?b15                    0x00000f         Data  Gb  vregs.o [4]
?b2                     0x000002         Data  Gb  vregs.o [4]
?b3                     0x000003         Data  Gb  vregs.o [4]
?b4                     0x000004         Data  Gb  vregs.o [4]
?b5                     0x000005         Data  Gb  vregs.o [4]
?b6                     0x000006         Data  Gb  vregs.o [4]
?b7                     0x000007         Data  Gb  vregs.o [4]
?b8                     0x000008         Data  Gb  vregs.o [4]
?b9                     0x000009         Data  Gb  vregs.o [4]
?dc32_l0                0x009646         Code  Gb  dc_util.o [4]
?dc32_l1                0x009672         Code  Gb  dc_util.o [4]
?e0                     0x000001         Data  Gb  vregs.o [4]
?e1                     0x000005         Data  Gb  vregs.o [4]
?e2                     0x000009         Data  Gb  vregs.o [4]
?e3                     0x00000d         Data  Gb  vregs.o [4]
?epilogue_l2            0x008c8c         Code  Gb  vreg_util.o [4]
?epilogue_l2_l3         0x008c88         Code  Gb  vreg_util.o [4]
?epilogue_l2_w6         0x008c91         Code  Gb  vreg_util.o [4]
?epilogue_w4            0x008c9a         Code  Gb  vreg_util.o [4]
?fadd32_l0_l0_dc32      0x00809e         Code  Gb  float.o [4]
?fadd32_l0_l0_l1        0x0080a4         Code  Gb  float.o [4]
?fcastf32u16_l0_x       0x0082c1         Code  Gb  float.o [4]
?fcasts16f32_x_l0       0x0082df         Code  Gb  float.o [4]
?fdiv32_l0_l0_l1        0x008213         Code  Gb  float.o [4]
?fmul32_l0_l0_dc32      0x008172         Code  Gb  float.o [4]
?fmul32_l0_l0_l1        0x008178         Code  Gb  float.o [4]
?l0                     0x000000         Data  Gb  vregs.o [4]
?l1                     0x000004         Data  Gb  vregs.o [4]
?l2                     0x000008         Data  Gb  vregs.o [4]
?l3                     0x00000c         Data  Gb  vregs.o [4]
?load24_e1_0x           0x009b9f         Code  Gb  far_util.o [4]
?load32_0x_l0           0x0097a1         Code  Gb  long_util.o [4]
?load32_l0_0x           0x00978b         Code  Gb  long_util.o [4]
?load32_l0_asp          0x00977f         Code  Gb  long_util.o [4]
?load32_l0_dbsp         0x009771         Code  Gb  long_util.o [4]
?load32_l0_xsp          0x009781         Code  Gb  long_util.o [4]
?load32_xsp_l0          0x009797         Code  Gb  long_util.o [4]
?mov_e0_e1              0x008cb0         Code  Gb  vreg_util.o [4]
?mov_e0_e2              0x008cbd         Code  Gb  vreg_util.o [4]
?mov_e0_e3              0x008cca         Code  Gb  vreg_util.o [4]
?mov_e1_e0              0x008cd7         Code  Gb  vreg_util.o [4]
?mov_e1_e2              0x008ce4         Code  Gb  vreg_util.o [4]
?mov_e2_e0              0x008cf1         Code  Gb  vreg_util.o [4]
?mov_e2_e1              0x008cfe         Code  Gb  vreg_util.o [4]
?mov_e3_e0              0x008d0b         Code  Gb  vreg_util.o [4]
?mov_l0_l1              0x008cad         Code  Gb  vreg_util.o [4]
?mov_l0_l2              0x008cba         Code  Gb  vreg_util.o [4]
?mov_l0_l3              0x008cc7         Code  Gb  vreg_util.o [4]
?mov_l1_l0              0x008cd4         Code  Gb  vreg_util.o [4]
?mov_l1_l2              0x008ce1         Code  Gb  vreg_util.o [4]
?mov_l2_l0              0x008cee         Code  Gb  vreg_util.o [4]
?mov_l2_l1              0x008cfb         Code  Gb  vreg_util.o [4]
?mov_l3_l0              0x008d08         Code  Gb  vreg_util.o [4]
?mov_w1_w2              0x008c9f         Code  Gb  vreg_util.o [4]
?mov_w1_w3              0x008cb3         Code  Gb  vreg_util.o [4]
?mov_w1_w5              0x008cc0         Code  Gb  vreg_util.o [4]
?mov_w1_w7              0x008ccd         Code  Gb  vreg_util.o [4]
?mov_w3_w1              0x008cda         Code  Gb  vreg_util.o [4]
?mov_w3_w5              0x008ce7         Code  Gb  vreg_util.o [4]
?mov_w5_w1              0x008cf4         Code  Gb  vreg_util.o [4]
?mov_w5_w3              0x008d01         Code  Gb  vreg_util.o [4]
?mov_w5_w6              0x008ca6         Code  Gb  vreg_util.o [4]
?mov_w7_w1              0x008d0e         Code  Gb  vreg_util.o [4]
?move1616_v_x_y_a       0x009bad         Code  Gb  move.o [4]
?mul16_x_x_w0           0x0096f4         Code  Gb  short.o [4]
?mul32_l0_l0_l1         0x008943         Code  Gb  long.o [4]
?pop_l0                 0x008c50         Code  Gb  vreg_util.o [4]
?pop_l1                 0x008c5b         Code  Gb  vreg_util.o [4]
?pop_l2                 0x008c66         Code  Gb  vreg_util.o [4]
?pop_l3                 0x008c71         Code  Gb  vreg_util.o [4]
?pop_w4                 0x008c01         Code  Gb  vreg_util.o [4]
?pop_w6                 0x008c08         Code  Gb  vreg_util.o [4]
?push_l0                0x008c1b         Code  Gb  vreg_util.o [4]
?push_l1                0x008c20         Code  Gb  vreg_util.o [4]
?push_l2                0x008c25         Code  Gb  vreg_util.o [4]
?push_l3                0x008c2a         Code  Gb  vreg_util.o [4]
?push_w4                0x008be0         Code  Gb  vreg_util.o [4]
?push_w6                0x008be5         Code  Gb  vreg_util.o [4]
?sdiv16_x_x_y           0x009712         Code  Gb  short.o [4]
?sdiv32_l0_dl_l1        0x008a3e         Code  Gb  long.o [4]
?sdiv32_l0_l0_l1        0x008a44         Code  Gb  long.o [4]
?sll16_x_x_a            0x00972b         Code  Gb  short.o [4]
?sll32_0x_0x_a          0x008a92         Code  Gb  long.o [4]
?sll32_l0_l0_a          0x008a8f         Code  Gb  long.o [4]
?smod32_l1_l0_l1        0x008a44         Code  Gb  long.o [4]
?sub32_l0_l0_0x         0x00892b         Code  Gb  long.o [4]
?sub32_l0_l0_l1         0x008928         Code  Gb  long.o [4]
?udiv32_l0_dl_l1        0x0089c7         Code  Gb  long.o [4]
?udiv32_l0_l0_dl        0x0089cd         Code  Gb  long.o [4]
?udiv32_l0_l0_l1        0x0089d1         Code  Gb  long.o [4]
?umod32_l1_l0_dl        0x0089c1         Code  Gb  long.o [4]
?umod32_l1_l0_l1        0x0089d1         Code  Gb  long.o [4]
?w0                     0x000000         Data  Gb  vregs.o [4]
?w1                     0x000002         Data  Gb  vregs.o [4]
?w2                     0x000004         Data  Gb  vregs.o [4]
?w3                     0x000006         Data  Gb  vregs.o [4]
?w4                     0x000008         Data  Gb  vregs.o [4]
?w5                     0x00000a         Data  Gb  vregs.o [4]
?w6                     0x00000c         Data  Gb  vregs.o [4]
?w7                     0x00000e         Data  Gb  vregs.o [4]
ADC1_IRQHandler         0x009c10    0x1  Code  Gb  stm8s_it.o [1]
AWU_IRQHandler          0x009c02    0x1  Code  Gb  stm8s_it.o [1]
CLK_DeInit              0x00981f   0x36  Code  Gb  stm8s_clk.o [1]
CLK_GetClockFreq        0x009310   0x84  Code  Gb  stm8s_clk.o [1]
CLK_HSICmd              0x009889   0x30  Code  Gb  stm8s_clk.o [1]
CLK_HSIPrescalerConfig  0x009733   0x3e  Code  Gb  stm8s_clk.o [1]
CLK_IRQHandler          0x009c03    0x1  Code  Gb  stm8s_it.o [1]
CSTACK$$Base            0x000300          --   Gb  - Linker created -
CSTACK$$Limit           0x000400          --   Gb  - Linker created -
EEPROM_EEC_IRQHandler   0x009c12    0x1  Code  Gb  stm8s_it.o [1]
EXTI_PORTA_IRQHandler   0x009c04    0x1  Code  Gb  stm8s_it.o [1]
EXTI_PORTB_IRQHandler   0x009c05    0x1  Code  Gb  stm8s_it.o [1]
EXTI_PORTC_IRQHandler   0x009c06    0x1  Code  Gb  stm8s_it.o [1]
EXTI_PORTD_IRQHandler   0x009c07    0x1  Code  Gb  stm8s_it.o [1]
EXTI_PORTE_IRQHandler   0x009c08    0x1  Code  Gb  stm8s_it.o [1]
GPIO_DeInit             0x009b3e   0x13  Code  Gb  stm8s_gpio.o [1]
GPIO_Init               0x008d15  0x112  Code  Gb  stm8s_gpio.o [1]
GPIO_ReadInputPin       0x009bd1    0x7  Code  Gb  stm8s_gpio.o [1]
GPIO_WriteHigh          0x009bca    0x7  Code  Gb  stm8s_gpio.o [1]
GPIO_WriteLow           0x009bc2    0x8  Code  Gb  stm8s_gpio.o [1]
GV_Tim2PwmiDuty         0x00001b    0x4  Data  Gb  stm8s_it.o [1]
GV_Tim2PwmiFreq         0x000019    0x2  Data  Gb  stm8s_it.o [1]
HSIDivFactor            0x009bf4    0x4  Data  Gb  stm8s_clk.o [1]
I2C_IRQHandler          0x009c0f    0x1  Code  Gb  stm8s_it.o [1]
INTVEC$$Base            0x008000          --   Gb  - Linker created -
INTVEC$$Limit           0x008080          --   Gb  - Linker created -
Region$$Table$$Base     0x009a70          --   Gb  - Linker created -
Region$$Table$$Limit    0x009a7b          --   Gb  - Linker created -
SPI_IRQHandler          0x009c09    0x1  Code  Gb  stm8s_it.o [1]
TI1_Config              0x009946   0x2e  Code  Lc  stm8s_tim2.o [1]
TI2_Config              0x009974   0x2e  Code  Lc  stm8s_tim2.o [1]
TIM1_CAP_COM_IRQHandler
                        0x009c0b    0x1  Code  Gb  stm8s_it.o [1]
TIM1_UPD_OVF_TRG_BRK_IRQHandler
                        0x009c0a    0x1  Code  Gb  stm8s_it.o [1]
TIM2_CAP_COM_IRQHandler
                        0x009102   0xd0  Code  Gb  stm8s_it.o [1]
TIM2_CAP_COM_IRQHandler::icValueA
                        0x00001f    0x2  Data  Lc  stm8s_it.o [1]
TIM2_CAP_COM_IRQHandler::icValueB
                        0x000021    0x2  Data  Lc  stm8s_it.o [1]
TIM2_CAP_COM_IRQHandler::icValueC
                        0x000023    0x2  Data  Lc  stm8s_it.o [1]
TIM2_CCxCmd             0x009394   0x7d  Code  Gb  stm8s_tim2.o [1]
TIM2_ClearFlag          0x009855   0x34  Code  Gb  stm8s_tim2.o [1]
TIM2_ClearITPendingBit  0x009a20   0x28  Code  Gb  stm8s_tim2.o [1]
TIM2_Cmd                0x0098b9   0x30  Code  Gb  stm8s_tim2.o [1]
TIM2_DeInit             0x0095ed   0x59  Code  Gb  stm8s_tim2.o [1]
TIM2_GetCapture1        0x0099a2   0x2a  Code  Gb  stm8s_tim2.o [1]
TIM2_GetCapture2        0x0099cc   0x2a  Code  Gb  stm8s_tim2.o [1]
TIM2_ITConfig           0x00969e   0x56  Code  Gb  stm8s_tim2.o [1]
TIM2_PWMIConfig         0x008e27  0x10a  Code  Gb  stm8s_tim2.o [1]
TIM2_PWMI_GetDuty       0x009bba    0x8  Code  Gb  pwm_capture.o [1]
TIM2_PWMI_GetFreq       0x009be4    0x4  Code  Gb  pwm_capture.o [1]
TIM2_PWMI_Init          0x0098e9   0x2f  Code  Gb  pwm_capture.o [1]
TIM2_PWMI_Start         0x009a7b   0x1e  Code  Gb  pwm_capture.o [1]
TIM2_SetIC1Prescaler    0x0097af   0x38  Code  Gb  stm8s_tim2.o [1]
TIM2_SetIC2Prescaler    0x0097e7   0x38  Code  Gb  stm8s_tim2.o [1]
TIM2_TimeBaseInit       0x009b73   0x10  Code  Gb  stm8s_tim2.o [1]
TIM2_UPD_OVF_BRK_IRQHandler
                        0x009c0c    0x1  Code  Gb  stm8s_it.o [1]
TIM4_UPD_OVF_IRQHandler
                        0x009c11    0x1  Code  Gb  stm8s_it.o [1]
TLI_IRQHandler          0x009c01    0x1  Code  Gb  stm8s_it.o [1]
TRAP_IRQHandler         0x009c00    0x1  Code  Gb  stm8s_it.o [1]
UART1_Cmd               0x009b91    0xe  Code  Gb  stm8s_uart1.o [1]
UART1_GetFlagStatus     0x0091d2   0xae  Code  Gb  stm8s_uart1.o [1]
UART1_ITConfig          0x009031   0xd1  Code  Gb  stm8s_uart1.o [1]
UART1_Init              0x0086d5  0x253  Code  Gb  stm8s_uart1.o [1]
UART1_RX_IRQHandler     0x009c0e    0x1  Code  Gb  stm8s_it.o [1]
UART1_SendData8         0x009be8    0x4  Code  Gb  stm8s_uart1.o [1]
UART1_TX_IRQHandler     0x009c0d    0x1  Code  Gb  stm8s_it.o [1]
USART_Config            0x0099f6   0x2a  Code  Gb  usart.o [1]
__DebugBreak            0x009c13    0x1  Code  Gb  __dbg_break.o [3]
__exit                  0x009ae8   0x16  Code  Gb  __dbg_xxexit.o [3]
__iar_copy_init2        0x009a48         Code  Gb  init_small.o [4]
__iar_data_init2        0x009a99   0x1e  Code  Gb  init.o [4]
__iar_program_start     0x009ad1         Code  Gb  cstartup.o [4]
__iar_unhandled_exception
                        0x009bfb         Code  Gb  unhandled_exception.o [4]
__intvec                0x008000         Data  Gb  interrupt.o [4]
__low_level_init        0x009bf8    0x3  Code  Gb  low_level_init.o [4]
_exit                   0x009bd8         Code  Gb  cexit.o [4]
_interrupt_1            0x009c00         Code  Gb  stm8s_it.o [1]
_interrupt_12           0x009c09         Code  Gb  stm8s_it.o [1]
_interrupt_13           0x009c0a         Code  Gb  stm8s_it.o [1]
_interrupt_14           0x009c0b         Code  Gb  stm8s_it.o [1]
_interrupt_15           0x009c0c         Code  Gb  stm8s_it.o [1]
_interrupt_16           0x009102         Code  Gb  stm8s_it.o [1]
_interrupt_19           0x009c0d         Code  Gb  stm8s_it.o [1]
_interrupt_2            0x009c01         Code  Gb  stm8s_it.o [1]
_interrupt_20           0x009c0e         Code  Gb  stm8s_it.o [1]
_interrupt_21           0x009c0f         Code  Gb  stm8s_it.o [1]
_interrupt_24           0x009c10         Code  Gb  stm8s_it.o [1]
_interrupt_25           0x009c11         Code  Gb  stm8s_it.o [1]
_interrupt_26           0x009c12         Code  Gb  stm8s_it.o [1]
_interrupt_3            0x009c02         Code  Gb  stm8s_it.o [1]
_interrupt_4            0x009c03         Code  Gb  stm8s_it.o [1]
_interrupt_5            0x009c04         Code  Gb  stm8s_it.o [1]
_interrupt_6            0x009c05         Code  Gb  stm8s_it.o [1]
_interrupt_7            0x009c06         Code  Gb  stm8s_it.o [1]
_interrupt_8            0x009c07         Code  Gb  stm8s_it.o [1]
_interrupt_9            0x009c08         Code  Gb  stm8s_it.o [1]
assert_failed           0x009bfe    0x2  Code  Gb  main.o [1]
button_flag             0x000017    0x2  Data  Gb  main.o [1]
cmd                     0x000010    0x6  Data  Gb  main.o [1]
delay_init              0x009918   0x2e  Code  Gb  delay.o [1]
delay_ms                0x009411   0x60  Code  Gb  delay.o [1]
delay_us                0x009b83    0xe  Code  Gb  delay.o [1]
exit                    0x009bf0    0x4  Code  Gb  exit.o [4]
fac_us                  0x000016    0x1  Data  Gb  delay.o [1]
main                    0x008402  0x2d3  Code  Gb  main.o [1]
mprintf                 0x008aa0  0x140  Code  Gb  usart.o [1]
send_uart_data          0x009ab7   0x1a  Code  Gb  usart.o [1]
sky_itoa                0x008f31  0x100  Code  Gb  usart.o [1]
wtctrl                  0x009280   0x90  Code  Gb  main.o [1]


[1] = C:\Users\Mr.Li\Desktop\icblocks_Pro\icblocks_luyin_cap\Debug\Obj
[2] = command line
[3] = dbgstm8mmd.a
[4] = dlstm8mmn.a

  6 561 bytes of readonly  code memory
    627 bytes of readonly  data memory
    293 bytes of readwrite data memory

Errors: none
Warnings: none
