Component: ARM Compiler 5.06 update 6 (build 750) Tool: armlink [4d35ed]

==============================================================================

Section Cross References

    startup_stm32f103xb.o(RESET) refers to startup_stm32f103xb.o(STACK) for __initial_sp
    startup_stm32f103xb.o(RESET) refers to startup_stm32f103xb.o(.text) for Reset_Handler
    startup_stm32f103xb.o(RESET) refers to stm32f1xx_it.o(i.NMI_Handler) for NMI_Handler
    startup_stm32f103xb.o(RESET) refers to stm32f1xx_it.o(i.HardFault_Handler) for HardFault_Handler
    startup_stm32f103xb.o(RESET) refers to stm32f1xx_it.o(i.MemManage_Handler) for MemManage_Handler
    startup_stm32f103xb.o(RESET) refers to stm32f1xx_it.o(i.BusFault_Handler) for BusFault_Handler
    startup_stm32f103xb.o(RESET) refers to stm32f1xx_it.o(i.UsageFault_Handler) for UsageFault_Handler
    startup_stm32f103xb.o(RESET) refers to stm32f1xx_it.o(i.SVC_Handler) for SVC_Handler
    startup_stm32f103xb.o(RESET) refers to stm32f1xx_it.o(i.DebugMon_Handler) for DebugMon_Handler
    startup_stm32f103xb.o(RESET) refers to stm32f1xx_it.o(i.PendSV_Handler) for PendSV_Handler
    startup_stm32f103xb.o(RESET) refers to stm32f1xx_it.o(i.SysTick_Handler) for SysTick_Handler
    startup_stm32f103xb.o(RESET) refers to stm32f1xx_it.o(i.DMA1_Channel1_IRQHandler) for DMA1_Channel1_IRQHandler
    startup_stm32f103xb.o(RESET) refers to stm32f1xx_it.o(i.DMA1_Channel4_IRQHandler) for DMA1_Channel4_IRQHandler
    startup_stm32f103xb.o(RESET) refers to stm32f1xx_it.o(i.DMA1_Channel5_IRQHandler) for DMA1_Channel5_IRQHandler
    startup_stm32f103xb.o(RESET) refers to stm32f1xx_it.o(i.ADC1_2_IRQHandler) for ADC1_2_IRQHandler
    startup_stm32f103xb.o(RESET) refers to stm32f1xx_it.o(i.TIM1_UP_IRQHandler) for TIM1_UP_IRQHandler
    startup_stm32f103xb.o(RESET) refers to stm32f1xx_it.o(i.TIM2_IRQHandler) for TIM2_IRQHandler
    startup_stm32f103xb.o(RESET) refers to stm32f1xx_it.o(i.TIM3_IRQHandler) for TIM3_IRQHandler
    startup_stm32f103xb.o(RESET) refers to stm32f1xx_it.o(i.TIM4_IRQHandler) for TIM4_IRQHandler
    startup_stm32f103xb.o(RESET) refers to stm32f1xx_it.o(i.USART1_IRQHandler) for USART1_IRQHandler
    startup_stm32f103xb.o(.text) refers to system_stm32f1xx.o(i.SystemInit) for SystemInit
    startup_stm32f103xb.o(.text) refers to entry.o(.ARM.Collect$$$$00000000) for __main
    data_analysis.o(i.Auto_OFF) refers to stm32f1xx_hal_gpio.o(i.HAL_GPIO_WritePin) for HAL_GPIO_WritePin
    data_analysis.o(i.Auto_OFF) refers to data_analysis.o(.data) for Shutdown
    data_analysis.o(i.Boot_detection) refers to stm32f1xx_hal_gpio.o(i.HAL_GPIO_ReadPin) for HAL_GPIO_ReadPin
    data_analysis.o(i.Boot_detection) refers to stm32f1xx_hal_gpio.o(i.HAL_GPIO_WritePin) for HAL_GPIO_WritePin
    data_analysis.o(i.Boot_detection) refers to gpio.o(i.ID_GPIO_OUTPUT_Init) for ID_GPIO_OUTPUT_Init
    data_analysis.o(i.Boot_detection) refers to gpio.o(i.GPIO_SET) for GPIO_SET
    data_analysis.o(i.Boot_detection) refers to gpio.o(i.GPIO_RESET) for GPIO_RESET
    data_analysis.o(i.Boot_detection) refers to data_analysis.o(.data) for turn_on
    data_analysis.o(i.Circular_Order) refers to data_analysis.o(.bss) for Interface
    data_analysis.o(i.Circular_Order) refers to data_analysis.o(.data) for Sort_Order
    data_analysis.o(i.Error_hint) refers to gpio.o(i.GPIO_SET) for GPIO_SET
    data_analysis.o(i.Error_hint) refers to gpio.o(i.GPIO_RESET) for GPIO_RESET
    data_analysis.o(i.Error_hint) refers to data_analysis.o(.data) for temp_location
    data_analysis.o(i.Error_hint) refers to data_analysis.o(.bss) for Interface
    data_analysis.o(i.Error_hint) refers to stm32f1xx_it.o(.data) for rx_buffer
    data_analysis.o(i.Gyro_Module) refers to tim.o(i.pwm1_input) for pwm1_input
    data_analysis.o(i.Gyro_Module) refers to tim.o(i.pwm2_input) for pwm2_input
    data_analysis.o(i.Gyro_Module) refers to tim.o(i.pwm3_input) for pwm3_input
    data_analysis.o(i.Gyro_Module) refers to tim.o(i.pwm4_input) for pwm4_input
    data_analysis.o(i.Gyro_Module) refers to tim.o(i.pwm5_input) for pwm5_input
    data_analysis.o(i.Gyro_Module) refers to tim.o(i.pwm6_input) for pwm6_input
    data_analysis.o(i.Gyro_Module) refers to tim.o(i.pwm7_input) for pwm7_input
    data_analysis.o(i.Gyro_Module) refers to tim.o(i.pwm8_input) for pwm8_input
    data_analysis.o(i.Gyro_Module) refers to data_analysis.o(.data) for Location
    data_analysis.o(i.Interface_module) refers to adc.o(.bss) for ADC_Value
    data_analysis.o(i.Interface_module) refers to data_analysis.o(.bss) for Interface
    data_analysis.o(i.KEY_Scan) refers to stm32f1xx_hal_gpio.o(i.HAL_GPIO_ReadPin) for HAL_GPIO_ReadPin
    data_analysis.o(i.KEY_Scan) refers to data_analysis.o(.data) for key_up
    data_analysis.o(i.LED_Flashing) refers to gpio.o(i.GPIO_SET) for GPIO_SET
    data_analysis.o(i.LED_Flashing) refers to gpio.o(i.GPIO_RESET) for GPIO_RESET
[...]
    ..\Drivers\STM32F1xx_HAL_Driver\Src\stm32f1xx_hal_tim_ex.c 0x00000000   Number         0  stm32f1xx_hal_tim_ex.o ABSOLUTE
    ..\Drivers\STM32F1xx_HAL_Driver\Src\stm32f1xx_hal_uart.c 0x00000000   Number         0  stm32f1xx_hal_uart.o ABSOLUTE
    ..\\Core\\Src\\Bluetooth.c               0x00000000   Number         0  bluetooth.o ABSOLUTE
    ..\\Core\\Src\\Data_Analysis.c           0x00000000   Number         0  data_analysis.o ABSOLUTE
    ..\\Core\\Src\\Prestore_Analysis.c       0x00000000   Number         0  prestore_analysis.o ABSOLUTE
    cdrcmple.s                               0x00000000   Number         0  cdrcmple.o ABSOLUTE
    dc.s                                     0x00000000   Number         0  dc.o ABSOLUTE
    handlers.s                               0x00000000   Number         0  handlers.o ABSOLUTE
    init.s                                   0x00000000   Number         0  init.o ABSOLUTE
    startup_stm32f103xb.s                    0x00000000   Number         0  startup_stm32f103xb.o ABSOLUTE
    RESET                                    0x08000000   Section      236  startup_stm32f103xb.o(RESET)
    .ARM.Collect$$$$00000000                 0x080000ec   Section        0  entry.o(.ARM.Collect$$$$00000000)
    .ARM.Collect$$$$00000001                 0x080000ec   Section        4  entry2.o(.ARM.Collect$$$$00000001)
    .ARM.Collect$$$$00000004                 0x080000f0   Section        4  entry5.o(.ARM.Collect$$$$00000004)
    .ARM.Collect$$$$00000008                 0x080000f4   Section        0  entry7b.o(.ARM.Collect$$$$00000008)
    .ARM.Collect$$$$0000000A                 0x080000f4   Section        0  entry8b.o(.ARM.Collect$$$$0000000A)
    .ARM.Collect$$$$0000000B                 0x080000f4   Section        8  entry9a.o(.ARM.Collect$$$$0000000B)
    .ARM.Collect$$$$0000000D                 0x080000fc   Section        0  entry10a.o(.ARM.Collect$$$$0000000D)
    .ARM.Collect$$$$0000000F                 0x080000fc   Section        0  entry11a.o(.ARM.Collect$$$$0000000F)
    .ARM.Collect$$$$00002712                 0x080000fc   Section        4  entry2.o(.ARM.Collect$$$$00002712)
    __lit__00000000                          0x080000fc   Data           4  entry2.o(.ARM.Collect$$$$00002712)
    .text                                    0x08000100   Section       36  startup_stm32f103xb.o(.text)
    .text                                    0x08000124   Section        0  memseta.o(.text)
    .text                                    0x08000148   Section       36  init.o(.text)
    i.ADC1_2_IRQHandler                      0x0800016c   Section        0  stm32f1xx_it.o(i.ADC1_2_IRQHandler)
    i.ADC_ConversionStop_Disable             0x0800017c   Section        0  stm32f1xx_hal_adc.o(i.ADC_ConversionStop_Disable)
    i.ADC_DMAConvCplt                        0x080001d8   Section        0  stm32f1xx_hal_adc.o(i.ADC_DMAConvCplt)
    i.ADC_DMAError                           0x0800022a   Section        0  stm32f1xx_hal_adc.o(i.ADC_DMAError)
    i.ADC_DMAHalfConvCplt                    0x08000248   Section        0  stm32f1xx_hal_adc.o(i.ADC_DMAHalfConvCplt)
    i.ADC_Enable                             0x08000258   Section        0  stm32f1xx_hal_adc.o(i.ADC_Enable)
    i.Auto_OFF                               0x080002e8   Section        0  data_analysis.o(i.Auto_OFF)
    i.Boot_detection                         0x0800030c   Section        0  data_analysis.o(i.Boot_detection)
    i.BusFault_Handler                       0x0800047c   Section        0  stm32f1xx_it.o(i.BusFault_Handler)
    i.Circular_Order                         0x08000480   Section        0  data_analysis.o(i.Circular_Order)
    i.Clear_Data                             0x08000630   Section        0  prestore_analysis.o(i.Clear_Data)
    i.Clear_KEY_DOWN                         0x08000714   Section        0  prestore_analysis.o(i.Clear_KEY_DOWN)
    i.DMA1_Channel1_IRQHandler               0x08000750   Section        0  stm32f1xx_it.o(i.DMA1_Channel1_IRQHandler)
    i.DMA1_Channel4_IRQHandler               0x08000760   Section        0  stm32f1xx_it.o(i.DMA1_Channel4_IRQHandler)
    i.DMA1_Channel5_IRQHandler               0x08000770   Section        0  stm32f1xx_it.o(i.DMA1_Channel5_IRQHandler)
    i.DMA_SetConfig                          0x08000780   Section        0  stm32f1xx_hal_dma.o(i.DMA_SetConfig)
    DMA_SetConfig                            0x08000781   Thumb Code    44  stm32f1xx_hal_dma.o(i.DMA_SetConfig)
    i.DebugMon_Handler                       0x080007ac   Section        0  stm32f1xx_it.o(i.DebugMon_Handler)
    i.Error_Handler                          0x080007ae   Section        0  main.o(i.Error_Handler)
    i.Error_hint                             0x080007b4   Section        0  data_analysis.o(i.Error_hint)
    i.GPIO_RESET                             0x08000b74   Section        0  gpio.o(i.GPIO_RESET)
    i.GPIO_SET                               0x08000bf8   Section        0  gpio.o(i.GPIO_SET)
    i.Get_ADC_Averagevalue                   0x08000c7c   Section        0  adc.o(i.Get_ADC_Averagevalue)
    i.Gyro_Module                            0x08000ce4   Section        0  data_analysis.o(i.Gyro_Module)
    i.HAL_ADCEx_InjectedConvCpltCallback     0x08000d38   Section        0  stm32f1xx_hal_adc_ex.o(i.HAL_ADCEx_InjectedConvCpltCallback)
    i.HAL_ADC_ConfigChannel                  0x08000d3c   Section        0  stm32f1xx_hal_adc.o(i.HAL_ADC_ConfigChannel)
    i.HAL_ADC_ConvCpltCallback               0x08000e9c   Section        0  stm32f1xx_hal_adc.o(i.HAL_ADC_ConvCpltCallback)
    i.HAL_ADC_ConvHalfCpltCallback           0x08000e9e   Section        0  stm32f1xx_hal_adc.o(i.HAL_ADC_ConvHalfCpltCallback)
    i.HAL_ADC_ErrorCallback                  0x08000ea0   Section        0  stm32f1xx_hal_adc.o(i.HAL_ADC_ErrorCallback)
    i.HAL_ADC_IRQHandler                     0x08000ea2   Section        0  stm32f1xx_hal_adc.o(i.HAL_ADC_IRQHandler)
    i.HAL_ADC_Init                           0x08000fc4   Section        0  stm32f1xx_hal_adc.o(i.HAL_ADC_Init)
    i.HAL_ADC_LevelOutOfWindowCallback       0x08001108   Section        0  stm32f1xx_hal_adc.o(i.HAL_ADC_LevelOutOfWindowCallback)
    i.HAL_ADC_MspInit                        0x0800110c   Section        0  adc.o(i.HAL_ADC_MspInit)
    i.HAL_ADC_Start_DMA                      0x08001224   Section        0  stm32f1xx_hal_adc.o(i.HAL_ADC_Start_DMA)
    i.HAL_DMA_Abort                          0x080013a4   Section        0  stm32f1xx_hal_dma.o(i.HAL_DMA_Abort)
    i.HAL_DMA_Abort_IT                       0x080013fc   Section        0  stm32f1xx_hal_dma.o(i.HAL_DMA_Abort_IT)
    i.HAL_DMA_IRQHandler                     0x080014ac   Section        0  stm32f1xx_hal_dma.o(i.HAL_DMA_IRQHandler)
    i.HAL_DMA_Init                           0x08001648   Section        0  stm32f1xx_hal_dma.o(i.HAL_DMA_Init)
    i.HAL_DMA_Start_IT                       0x080016b0   Section        0  stm32f1xx_hal_dma.o(i.HAL_DMA_Start_IT)
    i.HAL_Delay                              0x0800174c   Section        0  stm32f1xx_hal.o(i.HAL_Delay)
    i.HAL_GPIO_Init                          0x08001774   Section        0  stm32f1xx_hal_gpio.o(i.HAL_GPIO_Init)
    i.HAL_GPIO_ReadPin                       0x08001a94   Section        0  stm32f1xx_hal_gpio.o(i.HAL_GPIO_ReadPin)
    i.HAL_GPIO_WritePin                      0x08001aa4   Section        0  stm32f1xx_hal_gpio.o(i.HAL_GPIO_WritePin)
    i.HAL_GetTick                            0x08001ab0   Section        0  stm32f1xx_hal.o(i.HAL_GetTick)
    i.HAL_IncTick                            0x08001abc   Section        0  stm32f1xx_hal.o(i.HAL_IncTick)
    i.HAL_Init                               0x08001ad4   Section        0  stm32f1xx_hal.o(i.HAL_Init)
    i.HAL_InitTick                           0x08001afc   Section        0  stm32f1xx_hal.o(i.HAL_InitTick)
    i.HAL_MspInit                            0x08001b48   Section        0  stm32f1xx_hal_msp.o(i.HAL_MspInit)
    i.HAL_NVIC_EnableIRQ                     0x08001ba4   Section        0  stm32f1xx_hal_cortex.o(i.HAL_NVIC_EnableIRQ)
    i.HAL_NVIC_SetPriority                   0x08001bc4   Section        0  stm32f1xx_hal_cortex.o(i.HAL_NVIC_SetPriority)
    i.HAL_NVIC_SetPriorityGrouping           0x08001c40   Section        0  stm32f1xx_hal_cortex.o(i.HAL_NVIC_SetPriorityGrouping)
    i.HAL_RCCEx_PeriphCLKConfig              0x08001c68   Section        0  stm32f1xx_hal_rcc_ex.o(i.HAL_RCCEx_PeriphCLKConfig)
    i.HAL_RCC_ClockConfig                    0x08001d98   Section        0  stm32f1xx_hal_rcc.o(i.HAL_RCC_ClockConfig)
    i.HAL_RCC_GetHCLKFreq                    0x08001f24   Section        0  stm32f1xx_hal_rcc.o(i.HAL_RCC_GetHCLKFreq)
    i.HAL_RCC_GetPCLK1Freq                   0x08001f30   Section        0  stm32f1xx_hal_rcc.o(i.HAL_RCC_GetPCLK1Freq)
    i.HAL_RCC_GetPCLK2Freq                   0x08001f50   Section        0  stm32f1xx_hal_rcc.o(i.HAL_RCC_GetPCLK2Freq)
    i.HAL_RCC_GetSysClockFreq                0x08001f70   Section        0  stm32f1xx_hal_rcc.o(i.HAL_RCC_GetSysClockFreq)
    i.HAL_RCC_OscConfig                      0x08002004   Section        0  stm32f1xx_hal_rcc.o(i.HAL_RCC_OscConfig)
    i.HAL_SYSTICK_Config                     0x08002468   Section        0  stm32f1xx_hal_cortex.o(i.HAL_SYSTICK_Config)
    i.HAL_TIMEx_BreakCallback                0x0800249c   Section        0  stm32f1xx_hal_tim_ex.o(i.HAL_TIMEx_BreakCallback)
    i.HAL_TIMEx_CommutCallback               0x0800249e   Section        0  stm32f1xx_hal_tim_ex.o(i.HAL_TIMEx_CommutCallback)
    i.HAL_TIMEx_MasterConfigSynchronization  0x080024a0   Section        0  stm32f1xx_hal_tim_ex.o(i.HAL_TIMEx_MasterConfigSynchronization)
    i.HAL_TIM_Base_Init                      0x08002524   Section        0  stm32f1xx_hal_tim.o(i.HAL_TIM_Base_Init)
    i.HAL_TIM_Base_MspInit                   0x0800258c   Section        0  tim.o(i.HAL_TIM_Base_MspInit)
    i.HAL_TIM_Base_Start_IT                  0x08002608   Section        0  stm32f1xx_hal_tim.o(i.HAL_TIM_Base_Start_IT)
    i.HAL_TIM_ConfigClockSource              0x08002680   Section        0  stm32f1xx_hal_tim.o(i.HAL_TIM_ConfigClockSource)
    i.HAL_TIM_IC_CaptureCallback             0x08002788   Section        0  tim.o(i.HAL_TIM_IC_CaptureCallback)
    i.HAL_TIM_IC_ConfigChannel               0x08002b7c   Section        0  stm32f1xx_hal_tim.o(i.HAL_TIM_IC_ConfigChannel)
    i.HAL_TIM_IC_Init                        0x08002c50   Section        0  stm32f1xx_hal_tim.o(i.HAL_TIM_IC_Init)
    i.HAL_TIM_IC_MspInit                     0x08002cb8   Section        0  tim.o(i.HAL_TIM_IC_MspInit)
    i.HAL_TIM_IC_Start_IT                    0x08002dd0   Section        0  stm32f1xx_hal_tim.o(i.HAL_TIM_IC_Start_IT)
    i.HAL_TIM_IC_Stop_IT                     0x08002f28   Section        0  stm32f1xx_hal_tim.o(i.HAL_TIM_IC_Stop_IT)
    i.HAL_TIM_IRQHandler                     0x08002ffe   Section        0  stm32f1xx_hal_tim.o(i.HAL_TIM_IRQHandler)
    i.HAL_TIM_OC_DelayElapsedCallback        0x08003194   Section        0  stm32f1xx_hal_tim.o(i.HAL_TIM_OC_DelayElapsedCallback)
    i.HAL_TIM_PWM_PulseFinishedCallback      0x08003196   Section        0  stm32f1xx_hal_tim.o(i.HAL_TIM_PWM_PulseFinishedCallback)
    i.HAL_TIM_PeriodElapsedCallback          0x08003198   Section        0  main.o(i.HAL_TIM_PeriodElapsedCallback)
    i.HAL_TIM_ReadCapturedValue              0x080031f8   Section        0  stm32f1xx_hal_tim.o(i.HAL_TIM_ReadCapturedValue)
    i.HAL_TIM_TriggerCallback                0x0800322a   Section        0  stm32f1xx_hal_tim.o(i.HAL_TIM_TriggerCallback)
    i.HAL_UARTEx_RxEventCallback             0x0800322c   Section        0  stm32f1xx_hal_uart.o(i.HAL_UARTEx_RxEventCallback)
    i.HAL_UART_DMAStop                       0x0800322e   Section        0  stm32f1xx_hal_uart.o(i.HAL_UART_DMAStop)
    i.HAL_UART_ErrorCallback                 0x08003294   Section        0  stm32f1xx_hal_uart.o(i.HAL_UART_ErrorCallback)
    i.HAL_UART_IRQHandler                    0x08003298   Section        0  stm32f1xx_hal_uart.o(i.HAL_UART_IRQHandler)
    i.HAL_UART_Init                          0x080034e4   Section        0  stm32f1xx_hal_uart.o(i.HAL_UART_Init)
    i.HAL_UART_MspInit                       0x08003558   Section        0  usart.o(i.HAL_UART_MspInit)
    i.HAL_UART_Receive_DMA                   0x0800367c   Section        0  stm32f1xx_hal_uart.o(i.HAL_UART_Receive_DMA)
    i.HAL_UART_RxCpltCallback                0x080036be   Section        0  stm32f1xx_hal_uart.o(i.HAL_UART_RxCpltCallback)
    i.HAL_UART_RxHalfCpltCallback            0x080036c0   Section        0  stm32f1xx_hal_uart.o(i.HAL_UART_RxHalfCpltCallback)
    i.HAL_UART_Transmit_DMA                  0x080036c4   Section        0  stm32f1xx_hal_uart.o(i.HAL_UART_Transmit_DMA)
    i.HAL_UART_TxCpltCallback                0x08003760   Section        0  stm32f1xx_hal_uart.o(i.HAL_UART_TxCpltCallback)
    i.HAL_UART_TxHalfCpltCallback            0x08003762   Section        0  stm32f1xx_hal_uart.o(i.HAL_UART_TxHalfCpltCallback)
    i.HardFault_Handler                      0x08003764   Section        0  stm32f1xx_it.o(i.HardFault_Handler)
    i.ID_GPIO_ADC_Init                       0x08003768   Section        0  gpio.o(i.ID_GPIO_ADC_Init)
    i.ID_GPIO_OUTPUT_Init                    0x08003864   Section        0  gpio.o(i.ID_GPIO_OUTPUT_Init)
    i.ID_GPIO_PWM_Init                       0x080039ec   Section        0  gpio.o(i.ID_GPIO_PWM_Init)
    i.IORD                                   0x08003b08   Section        0  prestore_analysis.o(i.IORD)
    i.IORD_Analyse                           0x08003c08   Section        0  prestore_analysis.o(i.IORD_Analyse)
    i.IORD_Loop_one                          0x08003c12   Section        0  prestore_analysis.o(i.IORD_Loop_one)
    i.IORD_Running                           0x08003c80   Section        0  prestore_analysis.o(i.IORD_Running)
    i.IOWR                                   0x08003d3c   Section        0  prestore_analysis.o(i.IOWR)
    i.IOWR_Judge                             0x08003e00   Section        0  prestore_analysis.o(i.IOWR_Judge)
    i.Interface_module                       0x08003edc   Section        0  data_analysis.o(i.Interface_module)
    i.Internal_Loop_Judgment                 0x080043f0   Section        0  prestore_analysis.o(i.Internal_Loop_Judgment)
    i.KEY_Scan                               0x08004440   Section        0  data_analysis.o(i.KEY_Scan)
    i.LED_Flashing                           0x0800449c   Section        0  data_analysis.o(i.LED_Flashing)
    i.Left_Movement                          0x080044f8   Section        0  data_analysis.o(i.Left_Movement)
    i.Loop_Movement                          0x080045b8   Section        0  data_analysis.o(i.Loop_Movement)
    i.Loop_Number                            0x080046c8   Section        0  prestore_analysis.o(i.Loop_Number)
    i.Loop_one                               0x0800488c   Section        0  data_analysis.o(i.Loop_one)
    i.MX_ADC1_Init                           0x08004a88   Section        0  adc.o(i.MX_ADC1_Init)
    i.MX_DMA_Init                            0x08004c30   Section        0  dma.o(i.MX_DMA_Init)
    i.MX_GPIO_Init                           0x08004c84   Section        0  gpio.o(i.MX_GPIO_Init)
    i.MX_TIM1_Init                           0x08004d74   Section        0  tim.o(i.MX_TIM1_Init)
    i.MX_TIM2_Init                           0x08004de8   Section        0  tim.o(i.MX_TIM2_Init)
    i.MX_TIM3_Init                           0x08004e8c   Section        0  tim.o(i.MX_TIM3_Init)
    i.MX_TIM4_Init                           0x08004f34   Section        0  tim.o(i.MX_TIM4_Init)
    i.MX_USART1_UART_Init                    0x08004fa4   Section        0  usart.o(i.MX_USART1_UART_Init)
    i.MemManage_Handler                      0x08004fdc   Section        0  stm32f1xx_it.o(i.MemManage_Handler)
    i.Module_Init                            0x08004fe0   Section        0  data_analysis.o(i.Module_Init)
    i.Module_Judge                           0x0800503c   Section        0  prestore_analysis.o(i.Module_Judge)
    i.Module_Performs                        0x0800509c   Section        0  prestore_analysis.o(i.Module_Performs)
    i.NMI_Handler                            0x08005960   Section        0  stm32f1xx_it.o(i.NMI_Handler)
    i.PendSV_Handler                         0x08005964   Section        0  stm32f1xx_it.o(i.PendSV_Handler)
    i.Programming_Determine                  0x08005968   Section        0  data_analysis.o(i.Programming_Determine)
    i.RCC_Delay                              0x080059c8   Section        0  stm32f1xx_hal_rcc.o(i.RCC_Delay)
    RCC_Delay                                0x080059c9   Thumb Code    36  stm32f1xx_hal_rcc.o(i.RCC_Delay)
    i.Right_Movement                         0x080059f0   Section        0  data_analysis.o(i.Right_Movement)
    i.SVC_Handler                            0x08005ab8   Section        0  stm32f1xx_it.o(i.SVC_Handler)
    i.Send_Data                              0x08005abc   Section        0  bluetooth.o(i.Send_Data)
    i.Special_Combination_Module             0x08005ad0   Section        0  data_analysis.o(i.Special_Combination_Module)
    i.Start_Motor_Potentiometer              0x08005b60   Section        0  data_analysis.o(i.Start_Motor_Potentiometer)
    i.Start_Potentiometer                    0x08005e48   Section        0  data_analysis.o(i.Start_Potentiometer)
    i.SysTick_Handler                        0x080060ec   Section        0  stm32f1xx_it.o(i.SysTick_Handler)
    i.SystemClock_Config                     0x080060f4   Section        0  main.o(i.SystemClock_Config)
    i.SystemInit                             0x0800617a   Section        0  system_stm32f1xx.o(i.SystemInit)
    i.TIM1_UP_IRQHandler                     0x0800617c   Section        0  stm32f1xx_it.o(i.TIM1_UP_IRQHandler)
    i.TIM2_IRQHandler                        0x0800618c   Section        0  stm32f1xx_it.o(i.TIM2_IRQHandler)
    i.TIM3_IRQHandler                        0x0800619c   Section        0  stm32f1xx_it.o(i.TIM3_IRQHandler)
    i.TIM4_IRQHandler                        0x080061ac   Section        0  stm32f1xx_it.o(i.TIM4_IRQHandler)
    i.TIM_Base_SetConfig                     0x080061bc   Section        0  stm32f1xx_hal_tim.o(i.TIM_Base_SetConfig)
    i.TIM_CCxChannelCmd                      0x08006230   Section        0  stm32f1xx_hal_tim.o(i.TIM_CCxChannelCmd)
    i.TIM_ETR_SetConfig                      0x08006252   Section        0  stm32f1xx_hal_tim.o(i.TIM_ETR_SetConfig)
    i.TIM_ITRx_SetConfig                     0x08006268   Section        0  stm32f1xx_hal_tim.o(i.TIM_ITRx_SetConfig)
    TIM_ITRx_SetConfig                       0x08006269   Thumb Code    18  stm32f1xx_hal_tim.o(i.TIM_ITRx_SetConfig)
    i.TIM_TI1_ConfigInputStage               0x0800627a   Section        0  stm32f1xx_hal_tim.o(i.TIM_TI1_ConfigInputStage)
    TIM_TI1_ConfigInputStage                 0x0800627b   Thumb Code    38  stm32f1xx_hal_tim.o(i.TIM_TI1_ConfigInputStage)
    i.TIM_TI1_SetConfig                      0x080062a0   Section        0  stm32f1xx_hal_tim.o(i.TIM_TI1_SetConfig)
    i.TIM_TI2_ConfigInputStage               0x08006308   Section        0  stm32f1xx_hal_tim.o(i.TIM_TI2_ConfigInputStage)
    TIM_TI2_ConfigInputStage                 0x08006309   Thumb Code    40  stm32f1xx_hal_tim.o(i.TIM_TI2_ConfigInputStage)
    i.TIM_TI2_SetConfig                      0x08006330   Section        0  stm32f1xx_hal_tim.o(i.TIM_TI2_SetConfig)
    TIM_TI2_SetConfig                        0x08006331   Thumb Code    58  stm32f1xx_hal_tim.o(i.TIM_TI2_SetConfig)
    i.TIM_TI3_SetConfig                      0x0800636a   Section        0  stm32f1xx_hal_tim.o(i.TIM_TI3_SetConfig)
    TIM_TI3_SetConfig                        0x0800636b   Thumb Code    56  stm32f1xx_hal_tim.o(i.TIM_TI3_SetConfig)
    i.TIM_TI4_SetConfig                      0x080063a2   Section        0  stm32f1xx_hal_tim.o(i.TIM_TI4_SetConfig)
    TIM_TI4_SetConfig                        0x080063a3   Thumb Code    60  stm32f1xx_hal_tim.o(i.TIM_TI4_SetConfig)
    i.Tilt_Movement                          0x080063e0   Section        0  data_analysis.o(i.Tilt_Movement)
    i.Turn_OFF_LED                           0x08006604   Section        0  data_analysis.o(i.Turn_OFF_LED)
    i.UART_DMAAbortOnError                   0x0800661c   Section        0  stm32f1xx_hal_uart.o(i.UART_DMAAbortOnError)
    UART_DMAAbortOnError                     0x0800661d   Thumb Code    20  stm32f1xx_hal_uart.o(i.UART_DMAAbortOnError)
    i.UART_DMAError                          0x08006630   Section        0  stm32f1xx_hal_uart.o(i.UART_DMAError)
    UART_DMAError                            0x08006631   Thumb Code    80  stm32f1xx_hal_uart.o(i.UART_DMAError)
    i.UART_DMAReceiveCplt                    0x08006680   Section        0  stm32f1xx_hal_uart.o(i.UART_DMAReceiveCplt)
    UART_DMAReceiveCplt                      0x08006681   Thumb Code   104  stm32f1xx_hal_uart.o(i.UART_DMAReceiveCplt)
    i.UART_DMARxHalfCplt                     0x080066e8   Section        0  stm32f1xx_hal_uart.o(i.UART_DMARxHalfCplt)
    UART_DMARxHalfCplt                       0x080066e9   Thumb Code    32  stm32f1xx_hal_uart.o(i.UART_DMARxHalfCplt)
    i.UART_DMATransmitCplt                   0x08006708   Section        0  stm32f1xx_hal_uart.o(i.UART_DMATransmitCplt)
    UART_DMATransmitCplt                     0x08006709   Thumb Code    54  stm32f1xx_hal_uart.o(i.UART_DMATransmitCplt)
    i.UART_DMATxHalfCplt                     0x0800673e   Section        0  stm32f1xx_hal_uart.o(i.UART_DMATxHalfCplt)
    UART_DMATxHalfCplt                       0x0800673f   Thumb Code    14  stm32f1xx_hal_uart.o(i.UART_DMATxHalfCplt)
    i.UART_EndRxTransfer                     0x0800674c   Section        0  stm32f1xx_hal_uart.o(i.UART_EndRxTransfer)
    UART_EndRxTransfer                       0x0800674d   Thumb Code    54  stm32f1xx_hal_uart.o(i.UART_EndRxTransfer)
    i.UART_EndTransmit_IT                    0x08006782   Section        0  stm32f1xx_hal_uart.o(i.UART_EndTransmit_IT)
    UART_EndTransmit_IT                      0x08006783   Thumb Code    32  stm32f1xx_hal_uart.o(i.UART_EndTransmit_IT)
    i.UART_EndTxTransfer                     0x080067a2   Section        0  stm32f1xx_hal_uart.o(i.UART_EndTxTransfer)
    UART_EndTxTransfer                       0x080067a3   Thumb Code    20  stm32f1xx_hal_uart.o(i.UART_EndTxTransfer)
    i.UART_Receive_IT                        0x080067b6   Section        0  stm32f1xx_hal_uart.o(i.UART_Receive_IT)
    UART_Receive_IT                          0x080067b7   Thumb Code   228  stm32f1xx_hal_uart.o(i.UART_Receive_IT)
    i.UART_SetConfig                         0x0800689c   Section        0  stm32f1xx_hal_uart.o(i.UART_SetConfig)
    UART_SetConfig                           0x0800689d   Thumb Code   248  stm32f1xx_hal_uart.o(i.UART_SetConfig)
    i.UART_Start_Receive_DMA                 0x08006998   Section        0  stm32f1xx_hal_uart.o(i.UART_Start_Receive_DMA)
    i.UART_Transmit_IT                       0x08006a30   Section        0  stm32f1xx_hal_uart.o(i.UART_Transmit_IT)
    UART_Transmit_IT                         0x08006a31   Thumb Code    96  stm32f1xx_hal_uart.o(i.UART_Transmit_IT)
    i.USART1_IRQHandler                      0x08006a90   Section        0  stm32f1xx_it.o(i.USART1_IRQHandler)
    i.UsageFault_Handler                     0x08006afc   Section        0  stm32f1xx_it.o(i.UsageFault_Handler)
    i.__NVIC_GetPriorityGrouping             0x08006b00   Section        0  stm32f1xx_hal_cortex.o(i.__NVIC_GetPriorityGrouping)
    __NVIC_GetPriorityGrouping               0x08006b01   Thumb Code    10  stm32f1xx_hal_cortex.o(i.__NVIC_GetPriorityGrouping)
    i.__NVIC_SetPriority                     0x08006b10   Section        0  stm32f1xx_hal_cortex.o(i.__NVIC_SetPriority)
    __NVIC_SetPriority                       0x08006b11   Thumb Code    32  stm32f1xx_hal_cortex.o(i.__NVIC_SetPriority)
    i.__scatterload_copy                     0x08006b38   Section       14  handlers.o(i.__scatterload_copy)
    i.__scatterload_null                     0x08006b46   Section        2  handlers.o(i.__scatterload_null)
    i.__scatterload_zeroinit                 0x08006b48   Section       14  handlers.o(i.__scatterload_zeroinit)
    i.emoji_Module                           0x08006b58   Section        0  data_analysis.o(i.emoji_Module)
    i.main                                   0x08006d44   Section        0  main.o(i.main)
    i.other_Module                           0x08006ec8   Section        0  data_analysis.o(i.other_Module)
    i.pwm1_input                             0x080072cc   Section        0  tim.o(i.pwm1_input)
    i.pwm2_input                             0x08007338   Section        0  tim.o(i.pwm2_input)
    i.pwm3_input                             0x080073a4   Section        0  tim.o(i.pwm3_input)
    i.pwm4_input                             0x08007410   Section        0  tim.o(i.pwm4_input)
    i.pwm5_input                             0x0800747c   Section        0  tim.o(i.pwm5_input)
    i.pwm6_input                             0x080074e8   Section        0  tim.o(i.pwm6_input)
    i.pwm7_input                             0x08007554   Section        0  tim.o(i.pwm7_input)
    i.pwm8_input                             0x080075c0   Section        0  tim.o(i.pwm8_input)
    i.send_data_time                         0x0800762c   Section        0  data_analysis.o(i.send_data_time)
    i.straight_Movement                      0x08007648   Section        0  data_analysis.o(i.straight_Movement)
    i.voice_Module                           0x08007794   Section        0  data_analysis.o(i.voice_Module)
    i.waitting                               0x08007a34   Section        0  data_analysis.o(i.waitting)
    .constdata                               0x08007be0   Section       24  system_stm32f1xx.o(.constdata)
    .data                                    0x20000000   Section       58  data_analysis.o(.data)
    .data                                    0x2000003a   Section        3  bluetooth.o(.data)
    .data                                    0x2000003e   Section       10  tim.o(.data)
    .data                                    0x20000048   Section        9  stm32f1xx_it.o(.data)
    .data                                    0x20000051   Section       17  prestore_analysis.o(.data)
    .data                                    0x20000064   Section        9  stm32f1xx_hal.o(.data)
    .data                                    0x20000070   Section        4  system_stm32f1xx.o(.data)
    .bss                                     0x20000074   Section      110  data_analysis.o(.bss)
    .bss                                     0x200000e4   Section      788  adc.o(.bss)
    .bss                                     0x200003f8   Section      416  tim.o(.bss)
    .bss                                     0x20000598   Section      204  usart.o(.bss)
    .bss                                     0x20000664   Section      890  prestore_analysis.o(.bss)
    STACK                                    0x200009e0   Section     1024  startup_stm32f103xb.o(STACK)

    Global Symbols

    Symbol Name                              Value     Ov Type        Size  Object(Section)

    BuildAttributes$$THM_ISAv4$P$D$K$B$S$PE$A:L22UL41UL21$X:L11$S22US41US21$IEEE1$IW$USESV6$~STKCKD$USESV7$~SHL$OSPACE$ROPI$EBA8$MICROLIB$REQ8$PRES8$EABIv2 0x00000000   Number         0  anon$$obj.o ABSOLUTE
    __ARM_use_no_argv                        0x00000000   Number         0  main.o ABSOLUTE
    _printf_a                                0x00000000   Number         0  stubs.o ABSOLUTE
    _printf_c                                0x00000000   Number         0  stubs.o ABSOLUTE
    _printf_charcount                        0x00000000   Number         0  stubs.o ABSOLUTE
    _printf_d                                0x00000000   Number         0  stubs.o ABSOLUTE
    _printf_e                                0x00000000   Number         0  stubs.o ABSOLUTE
    _printf_f                                0x00000000   Number         0  stubs.o ABSOLUTE
    _printf_flags                            0x00000000   Number         0  stubs.o ABSOLUTE
    _printf_fp_dec                           0x00000000   Number         0  stubs.o ABSOLUTE
    _printf_fp_hex                           0x00000000   Number         0  stubs.o ABSOLUTE
    _printf_g                                0x00000000   Number         0  stubs.o ABSOLUTE
    _printf_i                                0x00000000   Number         0  stubs.o ABSOLUTE
    _printf_int_dec                          0x00000000   Number         0  stubs.o ABSOLUTE
    _printf_l                                0x00000000   Number         0  stubs.o ABSOLUTE
    _printf_lc                               0x00000000   Number         0  stubs.o ABSOLUTE
    _printf_ll                               0x00000000   Number         0  stubs.o ABSOLUTE
    _printf_lld                              0x00000000   Number         0  stubs.o ABSOLUTE
    _printf_lli                              0x00000000   Number         0  stubs.o ABSOLUTE
    _printf_llo                              0x00000000   Number         0  stubs.o ABSOLUTE
    _printf_llu                              0x00000000   Number         0  stubs.o ABSOLUTE
    _printf_llx                              0x00000000   Number         0  stubs.o ABSOLUTE
    _printf_longlong_dec                     0x00000000   Number         0  stubs.o ABSOLUTE
    _printf_longlong_hex                     0x00000000   Number         0  stubs.o ABSOLUTE
    _printf_longlong_oct                     0x00000000   Number         0  stubs.o ABSOLUTE
    _printf_ls                               0x00000000   Number         0  stubs.o ABSOLUTE
    _printf_mbtowc                           0x00000000   Number         0  stubs.o ABSOLUTE
    _printf_n                                0x00000000   Number         0  stubs.o ABSOLUTE
    _printf_o                                0x00000000   Number         0  stubs.o ABSOLUTE
    _printf_p                                0x00000000   Number         0  stubs.o ABSOLUTE
    _printf_percent                          0x00000000   Number         0  stubs.o ABSOLUTE
    _printf_pre_padding                      0x00000000   Number         0  stubs.o ABSOLUTE
    _printf_return_value                     0x00000000   Number         0  stubs.o ABSOLUTE
    _printf_s                                0x00000000   Number         0  stubs.o ABSOLUTE
    _printf_sizespec                         0x00000000   Number         0  stubs.o ABSOLUTE
    _printf_str                              0x00000000   Number         0  stubs.o ABSOLUTE
    _printf_truncate_signed                  0x00000000   Number         0  stubs.o ABSOLUTE
    _printf_truncate_unsigned                0x00000000   Number         0  stubs.o ABSOLUTE
    _printf_u                                0x00000000   Number         0  stubs.o ABSOLUTE
    _printf_wc                               0x00000000   Number         0  stubs.o ABSOLUTE
    _printf_wctomb                           0x00000000   Number         0  stubs.o ABSOLUTE
    _printf_widthprec                        0x00000000   Number         0  stubs.o ABSOLUTE
    _printf_x                                0x00000000   Number         0  stubs.o ABSOLUTE
    __cpp_initialize__aeabi_                  - Undefined Weak Reference
    __cxa_finalize                            - Undefined Weak Reference
    __decompress                              - Undefined Weak Reference
    _clock_init                               - Undefined Weak Reference
    _microlib_exit                            - Undefined Weak Reference
    __Vectors_Size                           0x000000ec   Number         0  startup_stm32f103xb.o ABSOLUTE
    __Vectors                                0x08000000   Data           4  startup_stm32f103xb.o(RESET)
    __Vectors_End                            0x080000ec   Data           0  startup_stm32f103xb.o(RESET)
    __main                                   0x080000ed   Thumb Code     0  entry.o(.ARM.Collect$$$$00000000)
    _main_stk                                0x080000ed   Thumb Code     0  entry2.o(.ARM.Collect$$$$00000001)
    _main_scatterload                        0x080000f1   Thumb Code     0  entry5.o(.ARM.Collect$$$$00000004)
    __main_after_scatterload                 0x080000f5   Thumb Code     0  entry5.o(.ARM.Collect$$$$00000004)
    _main_clock                              0x080000f5   Thumb Code     0  entry7b.o(.ARM.Collect$$$$00000008)
    _main_cpp_init                           0x080000f5   Thumb Code     0  entry8b.o(.ARM.Collect$$$$0000000A)
    _main_init                               0x080000f5   Thumb Code     0  entry9a.o(.ARM.Collect$$$$0000000B)
    __rt_final_cpp                           0x080000fd   Thumb Code     0  entry10a.o(.ARM.Collect$$$$0000000D)
    __rt_final_exit                          0x080000fd   Thumb Code     0  entry11a.o(.ARM.Collect$$$$0000000F)
    Reset_Handler                            0x08000101   Thumb Code     8  startup_stm32f103xb.o(.text)
    CAN1_RX1_IRQHandler                      0x0800011b   Thumb Code     0  startup_stm32f103xb.o(.text)
    CAN1_SCE_IRQHandler                      0x0800011b   Thumb Code     0  startup_stm32f103xb.o(.text)
    DMA1_Channel2_IRQHandler                 0x0800011b   Thumb Code     0  startup_stm32f103xb.o(.text)
    DMA1_Channel3_IRQHandler                 0x0800011b   Thumb Code     0  startup_stm32f103xb.o(.text)
    DMA1_Channel6_IRQHandler                 0x0800011b   Thumb Code     0  startup_stm32f103xb.o(.text)
    DMA1_Channel7_IRQHandler                 0x0800011b   Thumb Code     0  startup_stm32f103xb.o(.text)
    EXTI0_IRQHandler                         0x0800011b   Thumb Code     0  startup_stm32f103xb.o(.text)
    EXTI15_10_IRQHandler                     0x0800011b   Thumb Code     0  startup_stm32f103xb.o(.text)
    EXTI1_IRQHandler                         0x0800011b   Thumb Code     0  startup_stm32f103xb.o(.text)
    EXTI2_IRQHandler                         0x0800011b   Thumb Code     0  startup_stm32f103xb.o(.text)
    EXTI3_IRQHandler                         0x0800011b   Thumb Code     0  startup_stm32f103xb.o(.text)
    EXTI4_IRQHandler                         0x0800011b   Thumb Code     0  startup_stm32f103xb.o(.text)
    EXTI9_5_IRQHandler                       0x0800011b   Thumb Code     0  startup_stm32f103xb.o(.text)
    FLASH_IRQHandler                         0x0800011b   Thumb Code     0  startup_stm32f103xb.o(.text)
    I2C1_ER_IRQHandler                       0x0800011b   Thumb Code     0  startup_stm32f103xb.o(.text)
    I2C1_EV_IRQHandler                       0x0800011b   Thumb Code     0  startup_stm32f103xb.o(.text)
    I2C2_ER_IRQHandler                       0x0800011b   Thumb Code     0  startup_stm32f103xb.o(.text)
    I2C2_EV_IRQHandler                       0x0800011b   Thumb Code     0  startup_stm32f103xb.o(.text)
    PVD_IRQHandler                           0x0800011b   Thumb Code     0  startup_stm32f103xb.o(.text)
    RCC_IRQHandler                           0x0800011b   Thumb Code     0  startup_stm32f103xb.o(.text)
    RTC_Alarm_IRQHandler                     0x0800011b   Thumb Code     0  startup_stm32f103xb.o(.text)
    RTC_IRQHandler                           0x0800011b   Thumb Code     0  startup_stm32f103xb.o(.text)
    SPI1_IRQHandler                          0x0800011b   Thumb Code     0  startup_stm32f103xb.o(.text)
    SPI2_IRQHandler                          0x0800011b   Thumb Code     0  startup_stm32f103xb.o(.text)
    TAMPER_IRQHandler                        0x0800011b   Thumb Code     0  startup_stm32f103xb.o(.text)
    TIM1_BRK_IRQHandler                      0x0800011b   Thumb Code     0  startup_stm32f103xb.o(.text)
    TIM1_CC_IRQHandler                       0x0800011b   Thumb Code     0  startup_stm32f103xb.o(.text)
    TIM1_TRG_COM_IRQHandler                  0x0800011b   Thumb Code     0  startup_stm32f103xb.o(.text)
    USART2_IRQHandler                        0x0800011b   Thumb Code     0  startup_stm32f103xb.o(.text)
    USART3_IRQHandler                        0x0800011b   Thumb Code     0  startup_stm32f103xb.o(.text)
    USBWakeUp_IRQHandler                     0x0800011b   Thumb Code     0  startup_stm32f103xb.o(.text)
    USB_HP_CAN1_TX_IRQHandler                0x0800011b   Thumb Code     0  startup_stm32f103xb.o(.text)
    USB_LP_CAN1_RX0_IRQHandler               0x0800011b   Thumb Code     0  startup_stm32f103xb.o(.text)
    WWDG_IRQHandler                          0x0800011b   Thumb Code     0  startup_stm32f103xb.o(.text)
    __aeabi_memset                           0x08000125   Thumb Code    14  memseta.o(.text)
    __aeabi_memset4                          0x08000125   Thumb Code     0  memseta.o(.text)
    __aeabi_memset8                          0x08000125   Thumb Code     0  memseta.o(.text)
    __aeabi_memclr                           0x08000133   Thumb Code     4  memseta.o(.text)
    __aeabi_memclr4                          0x08000133   Thumb Code     0  memseta.o(.text)
    __aeabi_memclr8                          0x08000133   Thumb Code     0  memseta.o(.text)
    _memset$wrapper                          0x08000137   Thumb Code    18  memseta.o(.text)
    __scatterload                            0x08000149   Thumb Code    28  init.o(.text)
    __scatterload_rt2                        0x08000149   Thumb Code     0  init.o(.text)
    ADC1_2_IRQHandler                        0x0800016d   Thumb Code    10  stm32f1xx_it.o(i.ADC1_2_IRQHandler)
    ADC_ConversionStop_Disable               0x0800017d   Thumb Code    92  stm32f1xx_hal_adc.o(i.ADC_ConversionStop_Disable)
    ADC_DMAConvCplt                          0x080001d9   Thumb Code    82  stm32f1xx_hal_adc.o(i.ADC_DMAConvCplt)
    ADC_DMAError                             0x0800022b   Thumb Code    30  stm32f1xx_hal_adc.o(i.ADC_DMAError)
    ADC_DMAHalfConvCplt                      0x08000249   Thumb Code    14  stm32f1xx_hal_adc.o(i.ADC_DMAHalfConvCplt)
    ADC_Enable                               0x08000259   Thumb Code   134  stm32f1xx_hal_adc.o(i.ADC_Enable)
    Auto_OFF                                 0x080002e9   Thumb Code    28  data_analysis.o(i.Auto_OFF)
    Boot_detection                           0x0800030d   Thumb Code   346  data_analysis.o(i.Boot_detection)
    BusFault_Handler                         0x0800047d   Thumb Code     4  stm32f1xx_it.o(i.BusFault_Handler)
    Circular_Order                           0x08000481   Thumb Code   410  data_analysis.o(i.Circular_Order)
    Clear_Data                               0x08000631   Thumb Code   184  prestore_analysis.o(i.Clear_Data)
    Clear_KEY_DOWN                           0x08000715   Thumb Code    46  prestore_analysis.o(i.Clear_KEY_DOWN)
    DMA1_Channel1_IRQHandler                 0x08000751   Thumb Code    10  stm32f1xx_it.o(i.DMA1_Channel1_IRQHandler)
    DMA1_Channel4_IRQHandler                 0x08000761   Thumb Code    10  stm32f1xx_it.o(i.DMA1_Channel4_IRQHandler)
    DMA1_Channel5_IRQHandler                 0x08000771   Thumb Code    10  stm32f1xx_it.o(i.DMA1_Channel5_IRQHandler)
    DebugMon_Handler                         0x080007ad   Thumb Code     2  stm32f1xx_it.o(i.DebugMon_Handler)
    Error_Handler                            0x080007af   Thumb Code     6  main.o(i.Error_Handler)
    Error_hint                               0x080007b5   Thumb Code   916  data_analysis.o(i.Error_hint)
    GPIO_RESET                               0x08000b75   Thumb Code   122  gpio.o(i.GPIO_RESET)
    GPIO_SET                                 0x08000bf9   Thumb Code   122  gpio.o(i.GPIO_SET)
    Get_ADC_Averagevalue                     0x08000c7d   Thumb Code    94  adc.o(i.Get_ADC_Averagevalue)
    Gyro_Module                              0x08000ce5   Thumb Code    78  data_analysis.o(i.Gyro_Module)
    HAL_ADCEx_InjectedConvCpltCallback       0x08000d39   Thumb Code     2  stm32f1xx_hal_adc_ex.o(i.HAL_ADCEx_InjectedConvCpltCallback)
    HAL_ADC_ConfigChannel                    0x08000d3d   Thumb Code   338  stm32f1xx_hal_adc.o(i.HAL_ADC_ConfigChannel)
    HAL_ADC_ConvCpltCallback                 0x08000e9d   Thumb Code     2  stm32f1xx_hal_adc.o(i.HAL_ADC_ConvCpltCallback)
    HAL_ADC_ConvHalfCpltCallback             0x08000e9f   Thumb Code     2  stm32f1xx_hal_adc.o(i.HAL_ADC_ConvHalfCpltCallback)
    HAL_ADC_ErrorCallback                    0x08000ea1   Thumb Code     2  stm32f1xx_hal_adc.o(i.HAL_ADC_ErrorCallback)
    HAL_ADC_IRQHandler                       0x08000ea3   Thumb Code   290  stm32f1xx_hal_adc.o(i.HAL_ADC_IRQHandler)
    HAL_ADC_Init                             0x08000fc5   Thumb Code   314  stm32f1xx_hal_adc.o(i.HAL_ADC_Init)
    HAL_ADC_LevelOutOfWindowCallback         0x08001109   Thumb Code     2  stm32f1xx_hal_adc.o(i.HAL_ADC_LevelOutOfWindowCallback)
    HAL_ADC_MspInit                          0x0800110d   Thumb Code   252  adc.o(i.HAL_ADC_MspInit)
    HAL_ADC_Start_DMA                        0x08001225   Thumb Code   362  stm32f1xx_hal_adc.o(i.HAL_ADC_Start_DMA)
    HAL_DMA_Abort                            0x080013a5   Thumb Code    86  stm32f1xx_hal_dma.o(i.HAL_DMA_Abort)
    HAL_DMA_Abort_IT                         0x080013fd   Thumb Code   172  stm32f1xx_hal_dma.o(i.HAL_DMA_Abort_IT)
    HAL_DMA_IRQHandler                       0x080014ad   Thumb Code   408  stm32f1xx_hal_dma.o(i.HAL_DMA_IRQHandler)
    HAL_DMA_Init                             0x08001649   Thumb Code   100  stm32f1xx_hal_dma.o(i.HAL_DMA_Init)
    HAL_DMA_Start_IT                         0x080016b1   Thumb Code   156  stm32f1xx_hal_dma.o(i.HAL_DMA_Start_IT)
    HAL_Delay                                0x0800174d   Thumb Code    36  stm32f1xx_hal.o(i.HAL_Delay)
    HAL_GPIO_Init                            0x08001775   Thumb Code   766  stm32f1xx_hal_gpio.o(i.HAL_GPIO_Init)
    HAL_GPIO_ReadPin                         0x08001a95   Thumb Code    16  stm32f1xx_hal_gpio.o(i.HAL_GPIO_ReadPin)
    HAL_GPIO_WritePin                        0x08001aa5   Thumb Code    12  stm32f1xx_hal_gpio.o(i.HAL_GPIO_WritePin)
    HAL_GetTick                              0x08001ab1   Thumb Code     6  stm32f1xx_hal.o(i.HAL_GetTick)
    HAL_IncTick                              0x08001abd   Thumb Code    16  stm32f1xx_hal.o(i.HAL_IncTick)
    HAL_Init                                 0x08001ad5   Thumb Code    34  stm32f1xx_hal.o(i.HAL_Init)
    HAL_InitTick                             0x08001afd   Thumb Code    64  stm32f1xx_hal.o(i.HAL_InitTick)
    HAL_MspInit                              0x08001b49   Thumb Code    82  stm32f1xx_hal_msp.o(i.HAL_MspInit)
    HAL_NVIC_EnableIRQ                       0x08001ba5   Thumb Code    32  stm32f1xx_hal_cortex.o(i.HAL_NVIC_EnableIRQ)
    HAL_NVIC_SetPriority                     0x08001bc5   Thumb Code   124  stm32f1xx_hal_cortex.o(i.HAL_NVIC_SetPriority)
    HAL_NVIC_SetPriorityGrouping             0x08001c41   Thumb Code    32  stm32f1xx_hal_cortex.o(i.HAL_NVIC_SetPriorityGrouping)
    HAL_RCCEx_PeriphCLKConfig                0x08001c69   Thumb Code   290  stm32f1xx_hal_rcc_ex.o(i.HAL_RCCEx_PeriphCLKConfig)
    HAL_RCC_ClockConfig                      0x08001d99   Thumb Code   376  stm32f1xx_hal_rcc.o(i.HAL_RCC_ClockConfig)
    HAL_RCC_GetHCLKFreq                      0x08001f25   Thumb Code     6  stm32f1xx_hal_rcc.o(i.HAL_RCC_GetHCLKFreq)
    HAL_RCC_GetPCLK1Freq                     0x08001f31   Thumb Code    22  stm32f1xx_hal_rcc.o(i.HAL_RCC_GetPCLK1Freq)
    HAL_RCC_GetPCLK2Freq                     0x08001f51   Thumb Code    22  stm32f1xx_hal_rcc.o(i.HAL_RCC_GetPCLK2Freq)
    HAL_RCC_GetSysClockFreq                  0x08001f71   Thumb Code   116  stm32f1xx_hal_rcc.o(i.HAL_RCC_GetSysClockFreq)
    HAL_RCC_OscConfig                        0x08002005   Thumb Code  1114  stm32f1xx_hal_rcc.o(i.HAL_RCC_OscConfig)
    HAL_SYSTICK_Config                       0x08002469   Thumb Code    52  stm32f1xx_hal_cortex.o(i.HAL_SYSTICK_Config)
    HAL_TIMEx_BreakCallback                  0x0800249d   Thumb Code     2  stm32f1xx_hal_tim_ex.o(i.HAL_TIMEx_BreakCallback)
    HAL_TIMEx_CommutCallback                 0x0800249f   Thumb Code     2  stm32f1xx_hal_tim_ex.o(i.HAL_TIMEx_CommutCallback)
    HAL_TIMEx_MasterConfigSynchronization    0x080024a1   Thumb Code   118  stm32f1xx_hal_tim_ex.o(i.HAL_TIMEx_MasterConfigSynchronization)
    HAL_TIM_Base_Init                        0x08002525   Thumb Code   102  stm32f1xx_hal_tim.o(i.HAL_TIM_Base_Init)
    HAL_TIM_Base_MspInit                     0x0800258d   Thumb Code   112  tim.o(i.HAL_TIM_Base_MspInit)
    HAL_TIM_Base_Start_IT                    0x08002609   Thumb Code   106  stm32f1xx_hal_tim.o(i.HAL_TIM_Base_Start_IT)
    HAL_TIM_ConfigClockSource                0x08002681   Thumb Code   264  stm32f1xx_hal_tim.o(i.HAL_TIM_ConfigClockSource)
    HAL_TIM_IC_CaptureCallback               0x08002789   Thumb Code   986  tim.o(i.HAL_TIM_IC_CaptureCallback)
    HAL_TIM_IC_ConfigChannel                 0x08002b7d   Thumb Code   212  stm32f1xx_hal_tim.o(i.HAL_TIM_IC_ConfigChannel)
    HAL_TIM_IC_Init                          0x08002c51   Thumb Code   102  stm32f1xx_hal_tim.o(i.HAL_TIM_IC_Init)
    HAL_TIM_IC_MspInit                       0x08002cb9   Thumb Code   264  tim.o(i.HAL_TIM_IC_MspInit)
    HAL_TIM_IC_Start_IT                      0x08002dd1   Thumb Code   332  stm32f1xx_hal_tim.o(i.HAL_TIM_IC_Start_IT)
    HAL_TIM_IC_Stop_IT                       0x08002f29   Thumb Code   214  stm32f1xx_hal_tim.o(i.HAL_TIM_IC_Stop_IT)
    HAL_TIM_IRQHandler                       0x08002fff   Thumb Code   406  stm32f1xx_hal_tim.o(i.HAL_TIM_IRQHandler)
    HAL_TIM_OC_DelayElapsedCallback          0x08003195   Thumb Code     2  stm32f1xx_hal_tim.o(i.HAL_TIM_OC_DelayElapsedCallback)
    HAL_TIM_PWM_PulseFinishedCallback        0x08003197   Thumb Code     2  stm32f1xx_hal_tim.o(i.HAL_TIM_PWM_PulseFinishedCallback)
    HAL_TIM_PeriodElapsedCallback            0x08003199   Thumb Code    72  main.o(i.HAL_TIM_PeriodElapsedCallback)
    HAL_TIM_ReadCapturedValue                0x080031f9   Thumb Code    50  stm32f1xx_hal_tim.o(i.HAL_TIM_ReadCapturedValue)
    HAL_TIM_TriggerCallback                  0x0800322b   Thumb Code     2  stm32f1xx_hal_tim.o(i.HAL_TIM_TriggerCallback)
    HAL_UARTEx_RxEventCallback               0x0800322d   Thumb Code     2  stm32f1xx_hal_uart.o(i.HAL_UARTEx_RxEventCallback)
    HAL_UART_DMAStop                         0x0800322f   Thumb Code   102  stm32f1xx_hal_uart.o(i.HAL_UART_DMAStop)
    HAL_UART_ErrorCallback                   0x08003295   Thumb Code     2  stm32f1xx_hal_uart.o(i.HAL_UART_ErrorCallback)
    HAL_UART_IRQHandler                      0x08003299   Thumb Code   582  stm32f1xx_hal_uart.o(i.HAL_UART_IRQHandler)
    HAL_UART_Init                            0x080034e5   Thumb Code   114  stm32f1xx_hal_uart.o(i.HAL_UART_Init)
    HAL_UART_MspInit                         0x08003559   Thumb Code   264  usart.o(i.HAL_UART_MspInit)
    HAL_UART_Receive_DMA                     0x0800367d   Thumb Code    66  stm32f1xx_hal_uart.o(i.HAL_UART_Receive_DMA)
    HAL_UART_RxCpltCallback                  0x080036bf   Thumb Code     2  stm32f1xx_hal_uart.o(i.HAL_UART_RxCpltCallback)
    HAL_UART_RxHalfCpltCallback              0x080036c1   Thumb Code     2  stm32f1xx_hal_uart.o(i.HAL_UART_RxHalfCpltCallback)
    HAL_UART_Transmit_DMA                    0x080036c5   Thumb Code   142  stm32f1xx_hal_uart.o(i.HAL_UART_Transmit_DMA)
    HAL_UART_TxCpltCallback                  0x08003761   Thumb Code     2  stm32f1xx_hal_uart.o(i.HAL_UART_TxCpltCallback)
    HAL_UART_TxHalfCpltCallback              0x08003763   Thumb Code     2  stm32f1xx_hal_uart.o(i.HAL_UART_TxHalfCpltCallback)
    HardFault_Handler                        0x08003765   Thumb Code     4  stm32f1xx_it.o(i.HardFault_Handler)
    ID_GPIO_ADC_Init                         0x08003769   Thumb Code   238  gpio.o(i.ID_GPIO_ADC_Init)
    ID_GPIO_OUTPUT_Init                      0x08003865   Thumb Code   380  gpio.o(i.ID_GPIO_OUTPUT_Init)
    ID_GPIO_PWM_Init                         0x080039ed   Thumb Code   270  gpio.o(i.ID_GPIO_PWM_Init)
    IORD                                     0x08003b09   Thumb Code   222  prestore_analysis.o(i.IORD)
    IORD_Analyse                             0x08003c09   Thumb Code    10  prestore_analysis.o(i.IORD_Analyse)
    IORD_Loop_one                            0x08003c13   Thumb Code   108  prestore_analysis.o(i.IORD_Loop_one)
    IORD_Running                             0x08003c81   Thumb Code   162  prestore_analysis.o(i.IORD_Running)
    IOWR                                     0x08003d3d   Thumb Code   170  prestore_analysis.o(i.IOWR)
    IOWR_Judge                               0x08003e01   Thumb Code   206  prestore_analysis.o(i.IOWR_Judge)
    Interface_module                         0x08003edd   Thumb Code  1292  data_analysis.o(i.Interface_module)
    Internal_Loop_Judgment                   0x080043f1   Thumb Code    70  prestore_analysis.o(i.Internal_Loop_Judgment)
    KEY_Scan                                 0x08004441   Thumb Code    78  data_analysis.o(i.KEY_Scan)
    LED_Flashing                             0x0800449d   Thumb Code    84  data_analysis.o(i.LED_Flashing)
    Left_Movement                            0x080044f9   Thumb Code   176  data_analysis.o(i.Left_Movement)
    Loop_Movement                            0x080045b9   Thumb Code   232  data_analysis.o(i.Loop_Movement)
    Loop_Number                              0x080046c9   Thumb Code   426  prestore_analysis.o(i.Loop_Number)
    Loop_one                                 0x0800488d   Thumb Code   504  data_analysis.o(i.Loop_one)
    MX_ADC1_Init                             0x08004a89   Thumb Code   416  adc.o(i.MX_ADC1_Init)
    MX_DMA_Init                              0x08004c31   Thumb Code    80  dma.o(i.MX_DMA_Init)
    MX_GPIO_Init                             0x08004c85   Thumb Code   226  gpio.o(i.MX_GPIO_Init)
    MX_TIM1_Init                             0x08004d75   Thumb Code   106  tim.o(i.MX_TIM1_Init)
    MX_TIM2_Init                             0x08004de9   Thumb Code   160  tim.o(i.MX_TIM2_Init)
    MX_TIM3_Init                             0x08004e8d   Thumb Code   158  tim.o(i.MX_TIM3_Init)
    MX_TIM4_Init                             0x08004f35   Thumb Code   104  tim.o(i.MX_TIM4_Init)
    MX_USART1_UART_Init                      0x08004fa5   Thumb Code    46  usart.o(i.MX_USART1_UART_Init)
    MemManage_Handler                        0x08004fdd   Thumb Code     4  stm32f1xx_it.o(i.MemManage_Handler)
    Module_Init                              0x08004fe1   Thumb Code    86  data_analysis.o(i.Module_Init)
    Module_Judge                             0x0800503d   Thumb Code    84  prestore_analysis.o(i.Module_Judge)
    Module_Performs                          0x0800509d   Thumb Code  2228  prestore_analysis.o(i.Module_Performs)
    NMI_Handler                              0x08005961   Thumb Code     4  stm32f1xx_it.o(i.NMI_Handler)
    PendSV_Handler                           0x08005965   Thumb Code     2  stm32f1xx_it.o(i.PendSV_Handler)
    Programming_Determine                    0x08005969   Thumb Code    76  data_analysis.o(i.Programming_Determine)
    Right_Movement                           0x080059f1   Thumb Code   184  data_analysis.o(i.Right_Movement)
    SVC_Handler                              0x08005ab9   Thumb Code     2  stm32f1xx_it.o(i.SVC_Handler)
    Send_Data                                0x08005abd   Thumb Code    16  bluetooth.o(i.Send_Data)
    Special_Combination_Module               0x08005ad1   Thumb Code   136  data_analysis.o(i.Special_Combination_Module)
    Start_Motor_Potentiometer                0x08005b61   Thumb Code   720  data_analysis.o(i.Start_Motor_Potentiometer)
    Start_Potentiometer                      0x08005e49   Thumb Code   652  data_analysis.o(i.Start_Potentiometer)
    SysTick_Handler                          0x080060ed   Thumb Code     8  stm32f1xx_it.o(i.SysTick_Handler)
    SystemClock_Config                       0x080060f5   Thumb Code   134  main.o(i.SystemClock_Config)
    SystemInit                               0x0800617b   Thumb Code     2  system_stm32f1xx.o(i.SystemInit)
    TIM1_UP_IRQHandler                       0x0800617d   Thumb Code    10  stm32f1xx_it.o(i.TIM1_UP_IRQHandler)
    TIM2_IRQHandler                          0x0800618d   Thumb Code    10  stm32f1xx_it.o(i.TIM2_IRQHandler)
    TIM3_IRQHandler                          0x0800619d   Thumb Code    10  stm32f1xx_it.o(i.TIM3_IRQHandler)
    TIM4_IRQHandler                          0x080061ad   Thumb Code    10  stm32f1xx_it.o(i.TIM4_IRQHandler)
    TIM_Base_SetConfig                       0x080061bd   Thumb Code   104  stm32f1xx_hal_tim.o(i.TIM_Base_SetConfig)
    TIM_CCxChannelCmd                        0x08006231   Thumb Code    34  stm32f1xx_hal_tim.o(i.TIM_CCxChannelCmd)
    TIM_ETR_SetConfig                        0x08006253   Thumb Code    22  stm32f1xx_hal_tim.o(i.TIM_ETR_SetConfig)
    TIM_TI1_SetConfig                        0x080062a1   Thumb Code    90  stm32f1xx_hal_tim.o(i.TIM_TI1_SetConfig)
    Tilt_Movement                            0x080063e1   Thumb Code   518  data_analysis.o(i.Tilt_Movement)
    Turn_OFF_LED                             0x08006605   Thumb Code    24  data_analysis.o(i.Turn_OFF_LED)
    UART_Start_Receive_DMA                   0x08006999   Thumb Code   138  stm32f1xx_hal_uart.o(i.UART_Start_Receive_DMA)
    USART1_IRQHandler                        0x08006a91   Thumb Code    88  stm32f1xx_it.o(i.USART1_IRQHandler)
    UsageFault_Handler                       0x08006afd   Thumb Code     4  stm32f1xx_it.o(i.UsageFault_Handler)
    __scatterload_copy                       0x08006b39   Thumb Code    14  handlers.o(i.__scatterload_copy)
    __scatterload_null                       0x08006b47   Thumb Code     2  handlers.o(i.__scatterload_null)
    __scatterload_zeroinit                   0x08006b49   Thumb Code    14  handlers.o(i.__scatterload_zeroinit)
    emoji_Module                             0x08006b59   Thumb Code   476  data_analysis.o(i.emoji_Module)
    main                                     0x08006d45   Thumb Code   330  main.o(i.main)
    other_Module                             0x08006ec9   Thumb Code  1028  data_analysis.o(i.other_Module)
    pwm1_input                               0x080072cd   Thumb Code    92  tim.o(i.pwm1_input)
    pwm2_input                               0x08007339   Thumb Code    92  tim.o(i.pwm2_input)
    pwm3_input                               0x080073a5   Thumb Code    92  tim.o(i.pwm3_input)
    pwm4_input                               0x08007411   Thumb Code    92  tim.o(i.pwm4_input)
    pwm5_input                               0x0800747d   Thumb Code    92  tim.o(i.pwm5_input)
    pwm6_input                               0x080074e9   Thumb Code    92  tim.o(i.pwm6_input)
    pwm7_input                               0x08007555   Thumb Code    92  tim.o(i.pwm7_input)
    pwm8_input                               0x080075c1   Thumb Code    92  tim.o(i.pwm8_input)
    send_data_time                           0x0800762d   Thumb Code    22  data_analysis.o(i.send_data_time)
    straight_Movement                        0x08007649   Thumb Code   316  data_analysis.o(i.straight_Movement)
    voice_Module                             0x08007795   Thumb Code   654  data_analysis.o(i.voice_Module)
    waitting                                 0x08007a35   Thumb Code   406  data_analysis.o(i.waitting)
    AHBPrescTable                            0x08007be0   Data          16  system_stm32f1xx.o(.constdata)
    APBPrescTable                            0x08007bf0   Data           8  system_stm32f1xx.o(.constdata)
    Region$$Table$$Base                      0x08007bf8   Number         0  anon$$obj.o(Region$$Table)
    Region$$Table$$Limit                     0x08007c18   Number         0  anon$$obj.o(Region$$Table)
    On_Off_Time                              0x20000000   Data           4  data_analysis.o(.data)
    Set_LED_Num                              0x20000004   Data           1  data_analysis.o(.data)
    Location                                 0x20000005   Data           1  data_analysis.o(.data)
    turn_onn                                 0x20000006   Data           1  data_analysis.o(.data)
    bbb                                      0x20000007   Data           1  data_analysis.o(.data)
    Loop_number_Start                        0x20000008   Data           5  data_analysis.o(.data)
    Loop_number_Stop                         0x2000000d   Data           5  data_analysis.o(.data)
    Loop_Times                               0x20000012   Data           2  data_analysis.o(.data)
    Loop_Start                               0x20000014   Data           1  data_analysis.o(.data)
    Loop_Stop                                0x20000015   Data           1  data_analysis.o(.data)
    Sort_Order                               0x20000016   Data           1  data_analysis.o(.data)
    Order_Residue                            0x20000017   Data           1  data_analysis.o(.data)
    Order                                    0x20000018   Data           4  data_analysis.o(.data)
    Shutdown                                 0x2000001c   Data           2  data_analysis.o(.data)
    KEY                                      0x2000001e   Data           1  data_analysis.o(.data)
    key_running                              0x2000001f   Data           1  data_analysis.o(.data)
    sport                                    0x20000020   Data           1  data_analysis.o(.data)
    sport1                                   0x20000021   Data           1  data_analysis.o(.data)
    turn_on                                  0x20000022   Data           1  data_analysis.o(.data)
    key_up                                   0x20000023   Data           1  data_analysis.o(.data)
    Long_key_up                              0x20000024   Data           2  data_analysis.o(.data)
    location                                 0x20000026   Data           1  data_analysis.o(.data)
    last_location                            0x20000027   Data           1  data_analysis.o(.data)
    temp_location                            0x20000028   Data           1  data_analysis.o(.data)
    Programming_Error                        0x20000029   Data           1  data_analysis.o(.data)
    Programming_Warning                      0x2000002a   Data           1  data_analysis.o(.data)
    LED_Glint                                0x2000002b   Data           1  data_analysis.o(.data)
    NO_Touch                                 0x2000002c   Data           1  data_analysis.o(.data)
    Expression_flag                          0x2000002d   Data           1  data_analysis.o(.data)
    Light_flag                               0x2000002e   Data           1  data_analysis.o(.data)
    Recording_flag                           0x2000002f   Data           1  data_analysis.o(.data)
    Motor_flag                               0x20000030   Data           1  data_analysis.o(.data)
    G_location                               0x20000031   Data           8  data_analysis.o(.data)
    Light_times                              0x20000039   Data           1  data_analysis.o(.data)
    Sendbuff                                 0x2000003a   Data           1  bluetooth.o(.data)
    Sendbuff1                                0x2000003b   Data           1  bluetooth.o(.data)
    Sendbuf                                  0x2000003c   Data           1  bluetooth.o(.data)
    capture_Cnt                              0x2000003e   Data           8  tim.o(.data)
    LED_Flashing_Time                        0x20000046   Data           2  tim.o(.data)
    rx_buffer                                0x20000048   Data           7  stm32f1xx_it.o(.data)
    rx_len                                   0x2000004f   Data           1  stm32f1xx_it.o(.data)
    recv_end_flag                            0x20000050   Data           1  stm32f1xx_it.o(.data)
    Prestore_Times                           0x20000051   Data           1  prestore_analysis.o(.data)
    Data_Flag                                0x20000052   Data           1  prestore_analysis.o(.data)
    IOWR_Flag                                0x20000053   Data           1  prestore_analysis.o(.data)
    IORD_Sort_Order                          0x20000054   Data           1  prestore_analysis.o(.data)
    IORD_Order_Residue                       0x20000055   Data           1  prestore_analysis.o(.data)
    IORD_Order                               0x20000056   Data           5  prestore_analysis.o(.data)
    Last_IORD_Sort_Order                     0x2000005b   Data           1  prestore_analysis.o(.data)
    Last_Loop_number_Stop                    0x2000005c   Data           1  prestore_analysis.o(.data)
    IORD_Prestore_Times                      0x2000005d   Data           1  prestore_analysis.o(.data)
    IOWD_Prestore_Times                      0x2000005e   Data           1  prestore_analysis.o(.data)
    Clear_KEY                                0x2000005f   Data           1  prestore_analysis.o(.data)
    IOWD_Nummber                             0x20000060   Data           1  prestore_analysis.o(.data)
    Write_Finish                             0x20000061   Data           1  prestore_analysis.o(.data)
    uwTick                                   0x20000064   Data           4  stm32f1xx_hal.o(.data)
    uwTickPrio                               0x20000068   Data           4  stm32f1xx_hal.o(.data)
    uwTickFreq                               0x2000006c   Data           1  stm32f1xx_hal.o(.data)
    SystemCoreClock                          0x20000070   Data           4  system_stm32f1xx.o(.data)
    Interface                                0x20000074   Data          99  data_analysis.o(.bss)
    Loop_number_Times                        0x200000d8   Data          10  data_analysis.o(.bss)
    ADC_Value                                0x200000e4   Data          32  adc.o(.bss)
    ADC_ValBuf                               0x20000104   Data         640  adc.o(.bss)
    hadc1                                    0x20000384   Data          48  adc.o(.bss)
    hdma_adc1                                0x200003b4   Data          68  adc.o(.bss)
    capture_Buf                              0x200003f8   Data          96  tim.o(.bss)
    high_time                                0x20000458   Data          32  tim.o(.bss)
    htim2                                    0x20000478   Data          72  tim.o(.bss)
    htim3                                    0x200004c0   Data          72  tim.o(.bss)
    htim1                                    0x20000508   Data          72  tim.o(.bss)
    htim4                                    0x20000550   Data          72  tim.o(.bss)
    huart1                                   0x20000598   Data          68  usart.o(.bss)
    hdma_usart1_rx                           0x200005dc   Data          68  usart.o(.bss)
    hdma_usart1_tx                           0x20000620   Data          68  usart.o(.bss)
    Prestore_Data                            0x20000664   Data          99  prestore_analysis.o(.bss)
    IORD_Loop_number_Times                   0x200006c8   Data         198  prestore_analysis.o(.bss)
    IORD_Loop_number_Start                   0x2000078e   Data          99  prestore_analysis.o(.bss)
    IORD_Loop_number_Stop                    0x200007f1   Data          99  prestore_analysis.o(.bss)
    IORD_Loop_Times                          0x20000854   Data          98  prestore_analysis.o(.bss)
    IORD_Loop_Start                          0x200008b6   Data          49  prestore_analysis.o(.bss)
    IORD_Loop_Stop                           0x200008e7   Data          49  prestore_analysis.o(.bss)
    IORD_Sort_Order_S                        0x20000918   Data          99  prestore_analysis.o(.bss)
    Write_Interface                          0x2000097b   Data          99  prestore_analysis.o(.bss)
    __initial_sp                             0x20000de0   Data           0  startup_stm32f103xb.o(STACK)



==============================================================================

Memory Map of the image

  Image Entry point : 0x080000ed

  Load Region LR_IROM1 (Base: 0x08000000, Size: 0x00007c8c, Max: 0x00020000, ABSOLUTE)

    Execution Region ER_IROM1 (Exec base: 0x08000000, Load base: 0x08000000, Size: 0x00007c18, Max: 0x00020000, ABSOLUTE)

    Exec Addr    Load Addr    Size         Type   Attr      Idx    E Section Name        Object

    0x08000000   0x08000000   0x000000ec   Data   RO            3    RESET               startup_stm32f103xb.o
    0x080000ec   0x080000ec   0x00000000   Code   RO         3934  * .ARM.Collect$$$$00000000  mc_w.l(entry.o)
    0x080000ec   0x080000ec   0x00000004   Code   RO         4202    .ARM.Collect$$$$00000001  mc_w.l(entry2.o)
    0x080000f0   0x080000f0   0x00000004   Code   RO         4205    .ARM.Collect$$$$00000004  mc_w.l(entry5.o)
    0x080000f4   0x080000f4   0x00000000   Code   RO         4207    .ARM.Collect$$$$00000008  mc_w.l(entry7b.o)
    0x080000f4   0x080000f4   0x00000000   Code   RO         4209    .ARM.Collect$$$$0000000A  mc_w.l(entry8b.o)
    0x080000f4   0x080000f4   0x00000008   Code   RO         4210    .ARM.Collect$$$$0000000B  mc_w.l(entry9a.o)
    0x080000fc   0x080000fc   0x00000000   Code   RO         4212    .ARM.Collect$$$$0000000D  mc_w.l(entry10a.o)
    0x080000fc   0x080000fc   0x00000000   Code   RO         4214    .ARM.Collect$$$$0000000F  mc_w.l(entry11a.o)
    0x080000fc   0x080000fc   0x00000004   Code   RO         4203    .ARM.Collect$$$$00002712  mc_w.l(entry2.o)
    0x08000100   0x08000100   0x00000024   Code   RO            4    .text               startup_stm32f103xb.o
    0x08000124   0x08000124   0x00000024   Code   RO         3939    .text               mc_w.l(memseta.o)
    0x08000148   0x08000148   0x00000024   Code   RO         4234    .text               mc_w.l(init.o)
    0x0800016c   0x0800016c   0x00000010   Code   RO          971    i.ADC1_2_IRQHandler  stm32f1xx_it.o
    0x0800017c   0x0800017c   0x0000005c   Code   RO         1267    i.ADC_ConversionStop_Disable  stm32f1xx_hal_adc.o
    0x080001d8   0x080001d8   0x00000052   Code   RO         1268    i.ADC_DMAConvCplt   stm32f1xx_hal_adc.o
    0x0800022a   0x0800022a   0x0000001e   Code   RO         1269    i.ADC_DMAError      stm32f1xx_hal_adc.o
    0x08000248   0x08000248   0x0000000e   Code   RO         1270    i.ADC_DMAHalfConvCplt  stm32f1xx_hal_adc.o
    0x08000256   0x08000256   0x00000002   PAD
    0x08000258   0x08000258   0x00000090   Code   RO         1271    i.ADC_Enable        stm32f1xx_hal_adc.o
    0x080002e8   0x080002e8   0x00000024   Code   RO           13    i.Auto_OFF          data_analysis.o
    0x0800030c   0x0800030c   0x00000170   Code   RO           14    i.Boot_detection    data_analysis.o
    0x0800047c   0x0800047c   0x00000004   Code   RO          972    i.BusFault_Handler  stm32f1xx_it.o
    0x08000480   0x08000480   0x000001b0   Code   RO           15    i.Circular_Order    data_analysis.o
    0x08000630   0x08000630   0x000000e4   Code   RO         1128    i.Clear_Data        prestore_analysis.o
    0x08000714   0x08000714   0x0000003c   Code   RO         1129    i.Clear_KEY_DOWN    prestore_analysis.o
    0x08000750   0x08000750   0x00000010   Code   RO          973    i.DMA1_Channel1_IRQHandler  stm32f1xx_it.o
    0x08000760   0x08000760   0x00000010   Code   RO          974    i.DMA1_Channel4_IRQHandler  stm32f1xx_it.o
    0x08000770   0x08000770   0x00000010   Code   RO          975    i.DMA1_Channel5_IRQHandler  stm32f1xx_it.o
    0x08000780   0x08000780   0x0000002c   Code   RO         1926    i.DMA_SetConfig     stm32f1xx_hal_dma.o
    0x080007ac   0x080007ac   0x00000002   Code   RO          976    i.DebugMon_Handler  stm32f1xx_it.o
    0x080007ae   0x080007ae   0x00000006   Code   RO          464    i.Error_Handler     main.o
    0x080007b4   0x080007b4   0x000003c0   Code   RO           16    i.Error_hint        data_analysis.o
    0x08000b74   0x08000b74   0x00000084   Code   RO          526    i.GPIO_RESET        gpio.o
    0x08000bf8   0x08000bf8   0x00000084   Code   RO          527    i.GPIO_SET          gpio.o
    0x08000c7c   0x08000c7c   0x00000068   Code   RO          727    i.Get_ADC_Averagevalue  adc.o
    0x08000ce4   0x08000ce4   0x00000054   Code   RO           17    i.Gyro_Module       data_analysis.o
    0x08000d38   0x08000d38   0x00000002   Code   RO         1449    i.HAL_ADCEx_InjectedConvCpltCallback  stm32f1xx_hal_adc_ex.o
    0x08000d3a   0x08000d3a   0x00000002   PAD
    0x08000d3c   0x08000d3c   0x00000160   Code   RO         1273    i.HAL_ADC_ConfigChannel  stm32f1xx_hal_adc.o
    0x08000e9c   0x08000e9c   0x00000002   Code   RO         1274    i.HAL_ADC_ConvCpltCallback  stm32f1xx_hal_adc.o
    0x08000e9e   0x08000e9e   0x00000002   Code   RO         1275    i.HAL_ADC_ConvHalfCpltCallback  stm32f1xx_hal_adc.o
    0x08000ea0   0x08000ea0   0x00000002   Code   RO         1277    i.HAL_ADC_ErrorCallback  stm32f1xx_hal_adc.o
    0x08000ea2   0x08000ea2   0x00000122   Code   RO         1281    i.HAL_ADC_IRQHandler  stm32f1xx_hal_adc.o
    0x08000fc4   0x08000fc4   0x00000144   Code   RO         1282    i.HAL_ADC_Init      stm32f1xx_hal_adc.o
    0x08001108   0x08001108   0x00000002   Code   RO         1283    i.HAL_ADC_LevelOutOfWindowCallback  stm32f1xx_hal_adc.o
    0x0800110a   0x0800110a   0x00000002   PAD
    0x0800110c   0x0800110c   0x00000118   Code   RO          729    i.HAL_ADC_MspInit   adc.o
    0x08001224   0x08001224   0x00000180   Code   RO         1289    i.HAL_ADC_Start_DMA  stm32f1xx_hal_adc.o
    0x080013a4   0x080013a4   0x00000056   Code   RO         1927    i.HAL_DMA_Abort     stm32f1xx_hal_dma.o
    0x080013fa   0x080013fa   0x00000002   PAD
    0x080013fc   0x080013fc   0x000000b0   Code   RO         1928    i.HAL_DMA_Abort_IT  stm32f1xx_hal_dma.o
    0x080014ac   0x080014ac   0x0000019c   Code   RO         1932    i.HAL_DMA_IRQHandler  stm32f1xx_hal_dma.o
    0x08001648   0x08001648   0x00000068   Code   RO         1933    i.HAL_DMA_Init      stm32f1xx_hal_dma.o
    0x080016b0   0x080016b0   0x0000009c   Code   RO         1937    i.HAL_DMA_Start_IT  stm32f1xx_hal_dma.o
    0x0800174c   0x0800174c   0x00000028   Code   RO         1550    i.HAL_Delay         stm32f1xx_hal.o
    0x08001774   0x08001774   0x00000320   Code   RO         1863    i.HAL_GPIO_Init     stm32f1xx_hal_gpio.o
    0x08001a94   0x08001a94   0x00000010   Code   RO         1865    i.HAL_GPIO_ReadPin  stm32f1xx_hal_gpio.o
    0x08001aa4   0x08001aa4   0x0000000c   Code   RO         1867    i.HAL_GPIO_WritePin  stm32f1xx_hal_gpio.o
    0x08001ab0   0x08001ab0   0x0000000c   Code   RO         1554    i.HAL_GetTick       stm32f1xx_hal.o
    0x08001abc   0x08001abc   0x00000018   Code   RO         1560    i.HAL_IncTick       stm32f1xx_hal.o
    0x08001ad4   0x08001ad4   0x00000028   Code   RO         1561    i.HAL_Init          stm32f1xx_hal.o
    0x08001afc   0x08001afc   0x0000004c   Code   RO         1562    i.HAL_InitTick      stm32f1xx_hal.o
    0x08001b48   0x08001b48   0x0000005c   Code   RO         1104    i.HAL_MspInit       stm32f1xx_hal_msp.o
    0x08001ba4   0x08001ba4   0x00000020   Code   RO         2023    i.HAL_NVIC_EnableIRQ  stm32f1xx_hal_cortex.o
    0x08001bc4   0x08001bc4   0x0000007c   Code   RO         2029    i.HAL_NVIC_SetPriority  stm32f1xx_hal_cortex.o
    0x08001c40   0x08001c40   0x00000028   Code   RO         2030    i.HAL_NVIC_SetPriorityGrouping  stm32f1xx_hal_cortex.o
    0x08001c68   0x08001c68   0x00000130   Code   RO         1826    i.HAL_RCCEx_PeriphCLKConfig  stm32f1xx_hal_rcc_ex.o
    0x08001d98   0x08001d98   0x0000018c   Code   RO         1718    i.HAL_RCC_ClockConfig  stm32f1xx_hal_rcc.o
    0x08001f24   0x08001f24   0x0000000c   Code   RO         1723    i.HAL_RCC_GetHCLKFreq  stm32f1xx_hal_rcc.o
    0x08001f30   0x08001f30   0x00000020   Code   RO         1725    i.HAL_RCC_GetPCLK1Freq  stm32f1xx_hal_rcc.o
    0x08001f50   0x08001f50   0x00000020   Code   RO         1726    i.HAL_RCC_GetPCLK2Freq  stm32f1xx_hal_rcc.o
    0x08001f70   0x08001f70   0x00000094   Code   RO         1727    i.HAL_RCC_GetSysClockFreq  stm32f1xx_hal_rcc.o
    0x08002004   0x08002004   0x00000464   Code   RO         1730    i.HAL_RCC_OscConfig  stm32f1xx_hal_rcc.o
    0x08002468   0x08002468   0x00000034   Code   RO         2034    i.HAL_SYSTICK_Config  stm32f1xx_hal_cortex.o
    0x0800249c   0x0800249c   0x00000002   Code   RO         3266    i.HAL_TIMEx_BreakCallback  stm32f1xx_hal_tim_ex.o
    0x0800249e   0x0800249e   0x00000002   Code   RO         3267    i.HAL_TIMEx_CommutCallback  stm32f1xx_hal_tim_ex.o
    0x080024a0   0x080024a0   0x00000084   Code   RO         3285    i.HAL_TIMEx_MasterConfigSynchronization  stm32f1xx_hal_tim_ex.o
    0x08002524   0x08002524   0x00000066   Code   RO         2551    i.HAL_TIM_Base_Init  stm32f1xx_hal_tim.o
    0x0800258a   0x0800258a   0x00000002   PAD
    0x0800258c   0x0800258c   0x0000007c   Code   RO          803    i.HAL_TIM_Base_MspInit  tim.o
    0x08002608   0x08002608   0x00000078   Code   RO         2556    i.HAL_TIM_Base_Start_IT  stm32f1xx_hal_tim.o
    0x08002680   0x08002680   0x00000108   Code   RO         2560    i.HAL_TIM_ConfigClockSource  stm32f1xx_hal_tim.o
    0x08002788   0x08002788   0x000003f4   Code   RO          804    i.HAL_TIM_IC_CaptureCallback  tim.o
    0x08002b7c   0x08002b7c   0x000000d4   Code   RO         2587    i.HAL_TIM_IC_ConfigChannel  stm32f1xx_hal_tim.o
    0x08002c50   0x08002c50   0x00000066   Code   RO         2590    i.HAL_TIM_IC_Init   stm32f1xx_hal_tim.o
    0x08002cb6   0x08002cb6   0x00000002   PAD
    0x08002cb8   0x08002cb8   0x00000118   Code   RO          806    i.HAL_TIM_IC_MspInit  tim.o
    0x08002dd0   0x08002dd0   0x00000158   Code   RO         2595    i.HAL_TIM_IC_Start_IT  stm32f1xx_hal_tim.o
    0x08002f28   0x08002f28   0x000000d6   Code   RO         2598    i.HAL_TIM_IC_Stop_IT  stm32f1xx_hal_tim.o
    0x08002ffe   0x08002ffe   0x00000196   Code   RO         2599    i.HAL_TIM_IRQHandler  stm32f1xx_hal_tim.o
    0x08003194   0x08003194   0x00000002   Code   RO         2602    i.HAL_TIM_OC_DelayElapsedCallback  stm32f1xx_hal_tim.o
    0x08003196   0x08003196   0x00000002   Code   RO         2629    i.HAL_TIM_PWM_PulseFinishedCallback  stm32f1xx_hal_tim.o
    0x08003198   0x08003198   0x00000060   Code   RO          465    i.HAL_TIM_PeriodElapsedCallback  main.o
    0x080031f8   0x080031f8   0x00000032   Code   RO         2639    i.HAL_TIM_ReadCapturedValue  stm32f1xx_hal_tim.o
    0x0800322a   0x0800322a   0x00000002   Code   RO         2642    i.HAL_TIM_TriggerCallback  stm32f1xx_hal_tim.o
    0x0800322c   0x0800322c   0x00000002   Code   RO         3544    i.HAL_UARTEx_RxEventCallback  stm32f1xx_hal_uart.o
    0x0800322e   0x0800322e   0x00000066   Code   RO         3556    i.HAL_UART_DMAStop  stm32f1xx_hal_uart.o
    0x08003294   0x08003294   0x00000002   Code   RO         3558    i.HAL_UART_ErrorCallback  stm32f1xx_hal_uart.o
    0x08003296   0x08003296   0x00000002   PAD
    0x08003298   0x08003298   0x0000024c   Code   RO         3561    i.HAL_UART_IRQHandler  stm32f1xx_hal_uart.o
    0x080034e4   0x080034e4   0x00000072   Code   RO         3562    i.HAL_UART_Init     stm32f1xx_hal_uart.o
    0x08003556   0x08003556   0x00000002   PAD
    0x08003558   0x08003558   0x00000124   Code   RO          930    i.HAL_UART_MspInit  usart.o
    0x0800367c   0x0800367c   0x00000042   Code   RO         3566    i.HAL_UART_Receive_DMA  stm32f1xx_hal_uart.o
    0x080036be   0x080036be   0x00000002   Code   RO         3568    i.HAL_UART_RxCpltCallback  stm32f1xx_hal_uart.o
    0x080036c0   0x080036c0   0x00000002   Code   RO         3569    i.HAL_UART_RxHalfCpltCallback  stm32f1xx_hal_uart.o
    0x080036c2   0x080036c2   0x00000002   PAD
    0x080036c4   0x080036c4   0x0000009c   Code   RO         3571    i.HAL_UART_Transmit_DMA  stm32f1xx_hal_uart.o
    0x08003760   0x08003760   0x00000002   Code   RO         3573    i.HAL_UART_TxCpltCallback  stm32f1xx_hal_uart.o
    0x08003762   0x08003762   0x00000002   Code   RO         3574    i.HAL_UART_TxHalfCpltCallback  stm32f1xx_hal_uart.o
    0x08003764   0x08003764   0x00000004   Code   RO          977    i.HardFault_Handler  stm32f1xx_it.o
    0x08003768   0x08003768   0x000000fc   Code   RO          552    i.ID_GPIO_ADC_Init  gpio.o
    0x08003864   0x08003864   0x00000188   Code   RO          553    i.ID_GPIO_OUTPUT_Init  gpio.o
    0x080039ec   0x080039ec   0x0000011c   Code   RO          554    i.ID_GPIO_PWM_Init  gpio.o
    0x08003b08   0x08003b08   0x00000100   Code   RO         1130    i.IORD              prestore_analysis.o
    0x08003c08   0x08003c08   0x0000000a   Code   RO         1131    i.IORD_Analyse      prestore_analysis.o
    0x08003c12   0x08003c12   0x0000006c   Code   RO         1132    i.IORD_Loop_one     prestore_analysis.o
    0x08003c7e   0x08003c7e   0x00000002   PAD
    0x08003c80   0x08003c80   0x000000bc   Code   RO         1133    i.IORD_Running      prestore_analysis.o
    0x08003d3c   0x08003d3c   0x000000c4   Code   RO         1134    i.IOWR              prestore_analysis.o
    0x08003e00   0x08003e00   0x000000dc   Code   RO         1135    i.IOWR_Judge        prestore_analysis.o
    0x08003edc   0x08003edc   0x00000514   Code   RO           19    i.Interface_module  data_analysis.o
    0x080043f0   0x080043f0   0x00000050   Code   RO         1136    i.Internal_Loop_Judgment  prestore_analysis.o
    0x08004440   0x08004440   0x0000005c   Code   RO           20    i.KEY_Scan          data_analysis.o
    0x0800449c   0x0800449c   0x0000005c   Code   RO           21    i.LED_Flashing      data_analysis.o
    0x080044f8   0x080044f8   0x000000c0   Code   RO           22    i.Left_Movement     data_analysis.o
    0x080045b8   0x080045b8   0x00000110   Code   RO           23    i.Loop_Movement     data_analysis.o
    0x080046c8   0x080046c8   0x000001c4   Code   RO         1137    i.Loop_Number       prestore_analysis.o
    0x0800488c   0x0800488c   0x000001fc   Code   RO           24    i.Loop_one          data_analysis.o
    0x08004a88   0x08004a88   0x000001a8   Code   RO          730    i.MX_ADC1_Init      adc.o
    0x08004c30   0x08004c30   0x00000054   Code   RO          775    i.MX_DMA_Init       dma.o
    0x08004c84   0x08004c84   0x000000f0   Code   RO          555    i.MX_GPIO_Init      gpio.o
    0x08004d74   0x08004d74   0x00000074   Code   RO          807    i.MX_TIM1_Init      tim.o
    0x08004de8   0x08004de8   0x000000a4   Code   RO          808    i.MX_TIM2_Init      tim.o
    0x08004e8c   0x08004e8c   0x000000a8   Code   RO          809    i.MX_TIM3_Init      tim.o
    0x08004f34   0x08004f34   0x00000070   Code   RO          810    i.MX_TIM4_Init      tim.o
    0x08004fa4   0x08004fa4   0x00000038   Code   RO          931    i.MX_USART1_UART_Init  usart.o
    0x08004fdc   0x08004fdc   0x00000004   Code   RO          978    i.MemManage_Handler  stm32f1xx_it.o
    0x08004fe0   0x08004fe0   0x0000005c   Code   RO           25    i.Module_Init       data_analysis.o
    0x0800503c   0x0800503c   0x00000060   Code   RO         1138    i.Module_Judge      prestore_analysis.o
    0x0800509c   0x0800509c   0x000008c4   Code   RO         1139    i.Module_Performs   prestore_analysis.o
    0x08005960   0x08005960   0x00000004   Code   RO          979    i.NMI_Handler       stm32f1xx_it.o
    0x08005964   0x08005964   0x00000002   Code   RO          980    i.PendSV_Handler    stm32f1xx_it.o
    0x08005966   0x08005966   0x00000002   PAD
    0x08005968   0x08005968   0x00000060   Code   RO           26    i.Programming_Determine  data_analysis.o
    0x080059c8   0x080059c8   0x00000028   Code   RO         1731    i.RCC_Delay         stm32f1xx_hal_rcc.o
    0x080059f0   0x080059f0   0x000000c8   Code   RO           27    i.Right_Movement    data_analysis.o
    0x08005ab8   0x08005ab8   0x00000002   Code   RO          981    i.SVC_Handler       stm32f1xx_it.o
    0x08005aba   0x08005aba   0x00000002   PAD
    0x08005abc   0x08005abc   0x00000014   Code   RO          314    i.Send_Data         bluetooth.o
    0x08005ad0   0x08005ad0   0x00000090   Code   RO           28    i.Special_Combination_Module  data_analysis.o
    0x08005b60   0x08005b60   0x000002e8   Code   RO           29    i.Start_Motor_Potentiometer  data_analysis.o
    0x08005e48   0x08005e48   0x000002a4   Code   RO           30    i.Start_Potentiometer  data_analysis.o
    0x080060ec   0x080060ec   0x00000008   Code   RO          982    i.SysTick_Handler   stm32f1xx_it.o
    0x080060f4   0x080060f4   0x00000086   Code   RO          466    i.SystemClock_Config  main.o
    0x0800617a   0x0800617a   0x00000002   Code   RO         3901    i.SystemInit        system_stm32f1xx.o
    0x0800617c   0x0800617c   0x00000010   Code   RO          983    i.TIM1_UP_IRQHandler  stm32f1xx_it.o
    0x0800618c   0x0800618c   0x00000010   Code   RO          984    i.TIM2_IRQHandler   stm32f1xx_it.o
    0x0800619c   0x0800619c   0x00000010   Code   RO          985    i.TIM3_IRQHandler   stm32f1xx_it.o
    0x080061ac   0x080061ac   0x00000010   Code   RO          986    i.TIM4_IRQHandler   stm32f1xx_it.o
    0x080061bc   0x080061bc   0x00000074   Code   RO         2644    i.TIM_Base_SetConfig  stm32f1xx_hal_tim.o
    0x08006230   0x08006230   0x00000022   Code   RO         2645    i.TIM_CCxChannelCmd  stm32f1xx_hal_tim.o
    0x08006252   0x08006252   0x00000016   Code   RO         2655    i.TIM_ETR_SetConfig  stm32f1xx_hal_tim.o
    0x08006268   0x08006268   0x00000012   Code   RO         2656    i.TIM_ITRx_SetConfig  stm32f1xx_hal_tim.o
    0x0800627a   0x0800627a   0x00000026   Code   RO         2662    i.TIM_TI1_ConfigInputStage  stm32f1xx_hal_tim.o
    0x080062a0   0x080062a0   0x00000068   Code   RO         2663    i.TIM_TI1_SetConfig  stm32f1xx_hal_tim.o
    0x08006308   0x08006308   0x00000028   Code   RO         2664    i.TIM_TI2_ConfigInputStage  stm32f1xx_hal_tim.o
    0x08006330   0x08006330   0x0000003a   Code   RO         2665    i.TIM_TI2_SetConfig  stm32f1xx_hal_tim.o
    0x0800636a   0x0800636a   0x00000038   Code   RO         2666    i.TIM_TI3_SetConfig  stm32f1xx_hal_tim.o
    0x080063a2   0x080063a2   0x0000003c   Code   RO         2667    i.TIM_TI4_SetConfig  stm32f1xx_hal_tim.o
    0x080063de   0x080063de   0x00000002   PAD
    0x080063e0   0x080063e0   0x00000224   Code   RO           31    i.Tilt_Movement     data_analysis.o
    0x08006604   0x08006604   0x00000018   Code   RO           32    i.Turn_OFF_LED      data_analysis.o
    0x0800661c   0x0800661c   0x00000014   Code   RO         3575    i.UART_DMAAbortOnError  stm32f1xx_hal_uart.o
    0x08006630   0x08006630   0x00000050   Code   RO         3576    i.UART_DMAError     stm32f1xx_hal_uart.o
    0x08006680   0x08006680   0x00000068   Code   RO         3577    i.UART_DMAReceiveCplt  stm32f1xx_hal_uart.o
    0x080066e8   0x080066e8   0x00000020   Code   RO         3579    i.UART_DMARxHalfCplt  stm32f1xx_hal_uart.o
    0x08006708   0x08006708   0x00000036   Code   RO         3581    i.UART_DMATransmitCplt  stm32f1xx_hal_uart.o
    0x0800673e   0x0800673e   0x0000000e   Code   RO         3583    i.UART_DMATxHalfCplt  stm32f1xx_hal_uart.o
    0x0800674c   0x0800674c   0x00000036   Code   RO         3585    i.UART_EndRxTransfer  stm32f1xx_hal_uart.o
    0x08006782   0x08006782   0x00000020   Code   RO         3586    i.UART_EndTransmit_IT  stm32f1xx_hal_uart.o
    0x080067a2   0x080067a2   0x00000014   Code   RO         3587    i.UART_EndTxTransfer  stm32f1xx_hal_uart.o
    0x080067b6   0x080067b6   0x000000e4   Code   RO         3588    i.UART_Receive_IT   stm32f1xx_hal_uart.o
    0x0800689a   0x0800689a   0x00000002   PAD
    0x0800689c   0x0800689c   0x000000fc   Code   RO         3589    i.UART_SetConfig    stm32f1xx_hal_uart.o
    0x08006998   0x08006998   0x00000098   Code   RO         3590    i.UART_Start_Receive_DMA  stm32f1xx_hal_uart.o
    0x08006a30   0x08006a30   0x00000060   Code   RO         3592    i.UART_Transmit_IT  stm32f1xx_hal_uart.o
    0x08006a90   0x08006a90   0x0000006c   Code   RO          987    i.USART1_IRQHandler  stm32f1xx_it.o
    0x08006afc   0x08006afc   0x00000004   Code   RO          988    i.UsageFault_Handler  stm32f1xx_it.o
    0x08006b00   0x08006b00   0x00000010   Code   RO         2036    i.__NVIC_GetPriorityGrouping  stm32f1xx_hal_cortex.o
    0x08006b10   0x08006b10   0x00000028   Code   RO         2037    i.__NVIC_SetPriority  stm32f1xx_hal_cortex.o
    0x08006b38   0x08006b38   0x0000000e   Code   RO         4246    i.__scatterload_copy  mc_w.l(handlers.o)
    0x08006b46   0x08006b46   0x00000002   Code   RO         4247    i.__scatterload_null  mc_w.l(handlers.o)
    0x08006b48   0x08006b48   0x0000000e   Code   RO         4248    i.__scatterload_zeroinit  mc_w.l(handlers.o)
    0x08006b56   0x08006b56   0x00000002   PAD
    0x08006b58   0x08006b58   0x000001ec   Code   RO           33    i.emoji_Module      data_analysis.o
    0x08006d44   0x08006d44   0x00000184   Code   RO          468    i.main              main.o
    0x08006ec8   0x08006ec8   0x00000404   Code   RO           34    i.other_Module      data_analysis.o
    0x080072cc   0x080072cc   0x0000006c   Code   RO          811    i.pwm1_input        tim.o
    0x08007338   0x08007338   0x0000006c   Code   RO          812    i.pwm2_input        tim.o
    0x080073a4   0x080073a4   0x0000006c   Code   RO          813    i.pwm3_input        tim.o
    0x08007410   0x08007410   0x0000006c   Code   RO          814    i.pwm4_input        tim.o
    0x0800747c   0x0800747c   0x0000006c   Code   RO          815    i.pwm5_input        tim.o
    0x080074e8   0x080074e8   0x0000006c   Code   RO          816    i.pwm6_input        tim.o
    0x08007554   0x08007554   0x0000006c   Code   RO          817    i.pwm7_input        tim.o
    0x080075c0   0x080075c0   0x0000006c   Code   RO          818    i.pwm8_input        tim.o
    0x0800762c   0x0800762c   0x0000001c   Code   RO           35    i.send_data_time    data_analysis.o
    0x08007648   0x08007648   0x0000014c   Code   RO           36    i.straight_Movement  data_analysis.o
    0x08007794   0x08007794   0x000002a0   Code   RO           37    i.voice_Module      data_analysis.o
    0x08007a34   0x08007a34   0x000001ac   Code   RO           38    i.waitting          data_analysis.o
    0x08007be0   0x08007be0   0x00000018   Data   RO         3902    .constdata          system_stm32f1xx.o
    0x08007bf8   0x08007bf8   0x00000020   Data   RO         4244    Region$$Table       anon$$obj.o


    Execution Region RW_IRAM1 (Exec base: 0x20000000, Load base: 0x08007c18, Size: 0x00000de0, Max: 0x00005000, ABSOLUTE)

    Exec Addr    Load Addr    Size         Type   Attr      Idx    E Section Name        Object

    0x20000000   0x08007c18   0x0000003a   Data   RW           40    .data               data_analysis.o
    0x2000003a   0x08007c52   0x00000003   Data   RW          317    .data               bluetooth.o
    0x2000003d   0x08007c55   0x00000001   PAD
    0x2000003e   0x08007c56   0x0000000a   Data   RW          820    .data               tim.o
    0x20000048   0x08007c60   0x00000009   Data   RW          989    .data               stm32f1xx_it.o
    0x20000051   0x08007c69   0x00000011   Data   RW         1142    .data               prestore_analysis.o
    0x20000062   0x08007c7a   0x00000002   PAD
    0x20000064   0x08007c7c   0x00000009   Data   RW         1568    .data               stm32f1xx_hal.o
    0x2000006d   0x08007c85   0x00000003   PAD
    0x20000070   0x08007c88   0x00000004   Data   RW         3903    .data               system_stm32f1xx.o
    0x20000074        -       0x0000006e   Zero   RW           39    .bss                data_analysis.o
    0x200000e2   0x08007c8c   0x00000002   PAD
    0x200000e4        -       0x00000314   Zero   RW          731    .bss                adc.o
    0x200003f8        -       0x000001a0   Zero   RW          819    .bss                tim.o
    0x20000598        -       0x000000cc   Zero   RW          932    .bss                usart.o
    0x20000664        -       0x0000037a   Zero   RW         1141    .bss                prestore_analysis.o
    0x200009de   0x08007c8c   0x00000002   PAD
    0x200009e0        -       0x00000400   Zero   RW            1    STACK               startup_stm32f103xb.o


==============================================================================

Image component sizes


      Code (inc. data)   RO Data    RW Data    ZI Data      Debug   Object Name

       808         46          0          0        788       3083   adc.o
        20          4          0          3          0     443833   bluetooth.o
      9840        436          0         58        110     464899   data_analysis.o
        84          4          0          0          0        842   dma.o
      1432        114          0          0          0       4703   gpio.o
       624         82          0          0          0       3064   main.o
      4138        258          0         17        890      12524   prestore_analysis.o
        36          8        236          0       1024        824   startup_stm32f103xb.o
       192         36          0          9          0       6225   stm32f1xx_hal.o
      1720         56          0          0          0      10242   stm32f1xx_hal_adc.o
         2          0          0          0          0       1165   stm32f1xx_hal_adc_ex.o
       304         22          0          0          0      29711   stm32f1xx_hal_cortex.o
       978         12          0          0          0       5154   stm32f1xx_hal_dma.o
       828         34          0          0          0       3483   stm32f1xx_hal_gpio.o
        92         10          0          0          0        982   stm32f1xx_hal_msp.o
      1784        110          0          0          0       6340   stm32f1xx_hal_rcc.o
       304         14          0          0          0       1484   stm32f1xx_hal_rcc_ex.o
      2366         52          0          0          0      17274   stm32f1xx_hal_tim.o
       136         14          0          0          0       2565   stm32f1xx_hal_tim_ex.o
      2176         38          0          0          0      17187   stm32f1xx_hal_uart.o
       270         68          0          9          0      10134   stm32f1xx_it.o
         2          0         24          4          0       1247   system_stm32f1xx.o
      2840        224          0         10        416      10187   tim.o
       348         38          0          0        204       2076   usart.o

    ----------------------------------------------------------------------
     31352       1680        292        116       3436    1059228   Object Totals
         0          0         32          0          0          0   (incl. Generated)
        28          0          0          6          4          0   (incl. Padding)

    ----------------------------------------------------------------------

      Code (inc. data)   RO Data    RW Data    ZI Data      Debug   Library Member Name

         0          0          0          0          0          0   entry.o
         0          0          0          0          0          0   entry10a.o
         0          0          0          0          0          0   entry11a.o
         8          4          0          0          0          0   entry2.o
         4          0          0          0          0          0   entry5.o
         0          0          0          0          0          0   entry7b.o
         0          0          0          0          0          0   entry8b.o
         8          4          0          0          0          0   entry9a.o
        30          0          0          0          0          0   handlers.o
        36          8          0          0          0         68   init.o
        36          0          0          0          0        108   memseta.o

    ----------------------------------------------------------------------
       124         16          0          0          0        176   Library Totals
         2          0          0          0          0          0   (incl. Padding)

    ----------------------------------------------------------------------

      Code (inc. data)   RO Data    RW Data    ZI Data      Debug   Library Name

       122         16          0          0          0        176   mc_w.l

    ----------------------------------------------------------------------
       124         16          0          0          0        176   Library Totals

    ----------------------------------------------------------------------

==============================================================================


      Code (inc. data)   RO Data    RW Data    ZI Data      Debug   

     31476       1696        292        116       3436    1050456   Grand Totals
     31476       1696        292        116       3436    1050456   ELF Image Totals
     31476       1696        292        116          0          0   ROM Totals

==============================================================================

    Total RO  Size (Code + RO Data)                31768 (  31.02kB)
    Total RW  Size (RW Data + ZI Data)              3552 (   3.47kB)
    Total ROM Size (Code + RO Data + RW Data)      31884 (  31.14kB)

==============================================================================

