<html>
<body>
<pre>
<h1>礦ision Build Log</h1>
<h2>Tool Versions:</h2>
IDE-Version: μVision V5.31.0.0
Copyright (C) 2020 ARM Ltd and ARM Germany GmbH. All rights reserved.
License Information: FVGD HASEE, DB, LIC=BUURY-IRC86-9UY4U-SMXRA-BMK3R-639X2
 
Tool Versions:
Toolchain:       MDK-ARM Plus  Version: 5.31.0.0
Toolchain Path:  D:\Keil_v5\ARM\ARMCC\Bin
C Compiler:      Armcc.exe V5.06 update 6 (build 750)
Assembler:       Armasm.exe V5.06 update 6 (build 750)
Linker/Locator:  ArmLink.exe V5.06 update 6 (build 750)
Library Manager: ArmAr.exe V5.06 update 6 (build 750)
Hex Converter:   FromElf.exe V5.06 update 6 (build 750)
CPU DLL:         SARMCM3.DLL V5.31.0.0
Dialog DLL:      DCM.DLL V1.17.3.0
Target DLL:      STLink\ST-LINKIII-KEIL_SWO.dll V3.0.7.0
Dialog DLL:      TCM.DLL V1.46.0.0
 
<h2>Project:</h2>
E:\艾克瑞特\ICBlocks\遥控器程序带循环程序\遥控器程序+循环+直到8.3\遥控器程序\MDK-ARM\All.uvprojx
Project File Date:  11/21/2021

<h2>Output:</h2>
*** Using Compiler 'V5.06 update 6 (build 750)', folder: 'D:\Keil_v5\ARM\ARMCC\Bin'
Build target 'All'
compiling main.c...
compiling Data_Analysis.c...
linking...
Program Size: Code=25548 RO-data=292 RW-data=100 ZI-data=3084  
FromELF: creating hex file...
"All\All.axf" - 0 Error(s), 0 Warning(s).

<h2>Software Packages used:</h2>

Package Vendor: APEXMIC
                https://geehy.com/uploads/tool/APEXMIC.APM32F1xx_DFP.1.0.4.pack
                APEXMIC.APM32F1xx_DFP.1.0.4
                APEX Microelectronics APM32F1 Series Device Support, Drivers and Examples

Package Vendor: ARM
                http://www.keil.com/pack/ARM.CMSIS.5.7.0.pack
                ARM.CMSIS.5.7.0
                CMSIS (Cortex Microcontroller Software Interface Standard)
   * Component: CORE Version: 5.4.0

<h2>Collection of Component include folders:</h2>
  .\RTE\_All
  D:\Users\HASEE\AppData\Local\Arm\Packs\APEXMIC\APM32F1xx_DFP\1.0.4\Device\Include
  D:\Users\HASEE\AppData\Local\Arm\Packs\ARM\CMSIS\5.7.0\CMSIS\Core\Include

<h2>Collection of Component Files used:</h2>

   * Component: ARM::CMSIS:CORE:5.4.0
Build Time Elapsed:  00:00:02
</pre>
</body>
</html>
