Component: ARM Compiler 5.06 update 6 (build 750) Tool: armlink [4d35ed]

==============================================================================

Section Cross References

    startup_stm32f103xb.o(RESET) refers to startup_stm32f103xb.o(STACK) for __initial_sp
    startup_stm32f103xb.o(RESET) refers to startup_stm32f103xb.o(.text) for Reset_Handler
    startup_stm32f103xb.o(RESET) refers to stm32f1xx_it.o(i.NMI_Handler) for NMI_Handler
    startup_stm32f103xb.o(RESET) refers to stm32f1xx_it.o(i.HardFault_Handler) for HardFault_Handler
    startup_stm32f103xb.o(RESET) refers to stm32f1xx_it.o(i.MemManage_Handler) for MemManage_Handler
    startup_stm32f103xb.o(RESET) refers to stm32f1xx_it.o(i.BusFault_Handler) for BusFault_Handler
    startup_stm32f103xb.o(RESET) refers to stm32f1xx_it.o(i.UsageFault_Handler) for UsageFault_Handler
    startup_stm32f103xb.o(RESET) refers to stm32f1xx_it.o(i.SVC_Handler) for SVC_Handler
    startup_stm32f103xb.o(RESET) refers to stm32f1xx_it.o(i.DebugMon_Handler) for DebugMon_Handler
    startup_stm32f103xb.o(RESET) refers to stm32f1xx_it.o(i.PendSV_Handler) for PendSV_Handler
    startup_stm32f103xb.o(RESET) refers to stm32f1xx_it.o(i.SysTick_Handler) for SysTick_Handler
    startup_stm32f103xb.o(RESET) refers to stm32f1xx_it.o(i.DMA1_Channel1_IRQHandler) for DMA1_Channel1_IRQHandler
    startup_stm32f103xb.o(RESET) refers to stm32f1xx_it.o(i.DMA1_Channel4_IRQHandler) for DMA1_Channel4_IRQHandler
    startup_stm32f103xb.o(RESET) refers to stm32f1xx_it.o(i.DMA1_Channel5_IRQHandler) for DMA1_Channel5_IRQHandler
    startup_stm32f103xb.o(RESET) refers to stm32f1xx_it.o(i.ADC1_2_IRQHandler) for ADC1_2_IRQHandler
    startup_stm32f103xb.o(RESET) refers to stm32f1xx_it.o(i.TIM1_UP_IRQHandler) for TIM1_UP_IRQHandler
    startup_stm32f103xb.o(RESET) refers to stm32f1xx_it.o(i.TIM2_IRQHandler) for TIM2_IRQHandler
    startup_stm32f103xb.o(RESET) refers to stm32f1xx_it.o(i.TIM3_IRQHandler) for TIM3_IRQHandler
    startup_stm32f103xb.o(RESET) refers to stm32f1xx_it.o(i.TIM4_IRQHandler) for TIM4_IRQHandler
    startup_stm32f103xb.o(RESET) refers to stm32f1xx_it.o(i.USART1_IRQHandler) for USART1_IRQHandler
    startup_stm32f103xb.o(.text) refers to system_stm32f1xx.o(i.SystemInit) for SystemInit
    startup_stm32f103xb.o(.text) refers to entry.o(.ARM.Collect$$$$00000000) for __main
    data_analysis.o(i.Boot_detection) refers to stm32f1xx_hal_gpio.o(i.HAL_GPIO_ReadPin) for HAL_GPIO_ReadPin
    data_analysis.o(i.Boot_detection) refers to stm32f1xx_hal_gpio.o(i.HAL_GPIO_WritePin) for HAL_GPIO_WritePin
    data_analysis.o(i.Boot_detection) refers to gpio.o(i.ID_GPIO_OUTPUT_Init) for ID_GPIO_OUTPUT_Init
    data_analysis.o(i.Boot_detection) refers to gpio.o(i.GPIO_SET) for GPIO_SET
    data_analysis.o(i.Boot_detection) refers to gpio.o(i.GPIO_RESET) for GPIO_RESET
    data_analysis.o(i.Boot_detection) refers to data_analysis.o(.data) for turn_on
    data_analysis.o(i.Gyro_Module) refers to tim.o(i.pwm1_input) for pwm1_input
    data_analysis.o(i.Gyro_Module) refers to tim.o(i.pwm2_input) for pwm2_input
    data_analysis.o(i.Gyro_Module) refers to tim.o(i.pwm3_input) for pwm3_input
    data_analysis.o(i.Gyro_Module) refers to tim.o(i.pwm4_input) for pwm4_input
    data_analysis.o(i.Gyro_Module) refers to tim.o(i.pwm5_input) for pwm5_input
    data_analysis.o(i.Gyro_Module) refers to tim.o(i.pwm6_input) for pwm6_input
    data_analysis.o(i.Gyro_Module) refers to tim.o(i.pwm7_input) for pwm7_input
    data_analysis.o(i.Gyro_Module) refers to tim.o(i.pwm8_input) for pwm8_input
    data_analysis.o(i.Gyro_Module) refers to data_analysis.o(.data) for Location
    data_analysis.o(i.Interface_module) refers to adc.o(.bss) for ADC_Value
    data_analysis.o(i.Interface_module) refers to data_analysis.o(.data) for Interface
    data_analysis.o(i.Interface_module) refers to data_analysis.o(.bss) for Loop_number_Times
    data_analysis.o(i.KEY_Scan) refers to stm32f1xx_hal_gpio.o(i.HAL_GPIO_ReadPin) for HAL_GPIO_ReadPin
    data_analysis.o(i.KEY_Scan) refers to stm32f1xx_hal.o(i.HAL_Delay) for HAL_Delay
    data_analysis.o(i.KEY_Scan) refers to data_analysis.o(.data) for key_up
    data_analysis.o(i.LED_Flashing) refers to gpio.o(i.GPIO_SET) for GPIO_SET
    data_analysis.o(i.LED_Flashing) refers to gpio.o(i.GPIO_RESET) for GPIO_RESET
    data_analysis.o(i.LED_Flashing) refers to tim.o(.data) for LED_Flashing_Time
    data_analysis.o(i.LED_Flashing) refers to data_analysis.o(.data) for Set_LED_Num
    data_analysis.o(i.Left_Movement) refers to gpio.o(i.GPIO_SET) for GPIO_SET
    data_analysis.o(i.Left_Movement) refers to data_analysis.o(i.send_data_time) for send_data_time
    data_analysis.o(i.Left_Movement) refers to data_analysis.o(i.LED_Flashing) for LED_Flashing
    data_analysis.o(i.Left_Movement) refers to gpio.o(i.GPIO_RESET) for GPIO_RESET
    data_analysis.o(i.Left_Movement) refers to data_analysis.o(i.KEY_Scan) for KEY_Scan
[...]
    ../Drivers/STM32F1xx_HAL_Driver/Src/stm32f1xx_hal_tim_ex.c 0x00000000   Number         0  stm32f1xx_hal_tim_ex.o ABSOLUTE
    ../Drivers/STM32F1xx_HAL_Driver/Src/stm32f1xx_hal_uart.c 0x00000000   Number         0  stm32f1xx_hal_uart.o ABSOLUTE
    ../clib/microlib/division.c              0x00000000   Number         0  uldiv.o ABSOLUTE
    ../clib/microlib/division.c              0x00000000   Number         0  uidiv.o ABSOLUTE
    ../clib/microlib/init/entry.s            0x00000000   Number         0  entry7b.o ABSOLUTE
    ../clib/microlib/init/entry.s            0x00000000   Number         0  entry.o ABSOLUTE
    ../clib/microlib/init/entry.s            0x00000000   Number         0  entry8a.o ABSOLUTE
    ../clib/microlib/init/entry.s            0x00000000   Number         0  entry8b.o ABSOLUTE
    ../clib/microlib/init/entry.s            0x00000000   Number         0  entry9b.o ABSOLUTE
    ../clib/microlib/init/entry.s            0x00000000   Number         0  entry2.o ABSOLUTE
    ../clib/microlib/init/entry.s            0x00000000   Number         0  entry5.o ABSOLUTE
    ../clib/microlib/init/entry.s            0x00000000   Number         0  entry10a.o ABSOLUTE
    ../clib/microlib/init/entry.s            0x00000000   Number         0  entry11b.o ABSOLUTE
    ../clib/microlib/init/entry.s            0x00000000   Number         0  entry9a.o ABSOLUTE
    ../clib/microlib/init/entry.s            0x00000000   Number         0  entry7a.o ABSOLUTE
    ../clib/microlib/init/entry.s            0x00000000   Number         0  entry10b.o ABSOLUTE
    ../clib/microlib/init/entry.s            0x00000000   Number         0  entry11a.o ABSOLUTE
    ../clib/microlib/longlong.c              0x00000000   Number         0  llshl.o ABSOLUTE
    ../clib/microlib/longlong.c              0x00000000   Number         0  llushr.o ABSOLUTE
    ../clib/microlib/longlong.c              0x00000000   Number         0  llsshr.o ABSOLUTE
    ../clib/microlib/printf/printf.c         0x00000000   Number         0  printf4.o ABSOLUTE
    ../clib/microlib/printf/printf.c         0x00000000   Number         0  printf3.o ABSOLUTE
    ../clib/microlib/printf/printf.c         0x00000000   Number         0  printf2.o ABSOLUTE
    ../clib/microlib/printf/printf.c         0x00000000   Number         0  printf1.o ABSOLUTE
    ../clib/microlib/printf/printf.c         0x00000000   Number         0  printf0.o ABSOLUTE
    ../clib/microlib/printf/printf.c         0x00000000   Number         0  printfb.o ABSOLUTE
    ../clib/microlib/printf/printf.c         0x00000000   Number         0  printf7.o ABSOLUTE
    ../clib/microlib/printf/printf.c         0x00000000   Number         0  printfa.o ABSOLUTE
    ../clib/microlib/printf/printf.c         0x00000000   Number         0  printf8.o ABSOLUTE
    ../clib/microlib/printf/printf.c         0x00000000   Number         0  printf6.o ABSOLUTE
    ../clib/microlib/printf/printf.c         0x00000000   Number         0  printf5.o ABSOLUTE
    ../clib/microlib/printf/stubs.s          0x00000000   Number         0  stubs.o ABSOLUTE
    ../clib/microlib/stdio/fputc.c           0x00000000   Number         0  fputc.o ABSOLUTE
    ../clib/microlib/stdio/semi.s            0x00000000   Number         0  semi.o ABSOLUTE
    ../clib/microlib/stdio/streams.c         0x00000000   Number         0  stdout.o ABSOLUTE
    ../clib/microlib/string/memset.c         0x00000000   Number         0  memseta.o ABSOLUTE
    ../clib/microlib/stubs.s                 0x00000000   Number         0  iusesemip.o ABSOLUTE
    ../clib/microlib/stubs.s                 0x00000000   Number         0  iusefp.o ABSOLUTE
    ../fplib/microlib/fpadd.c                0x00000000   Number         0  dadd.o ABSOLUTE
    ../fplib/microlib/fpdiv.c                0x00000000   Number         0  ddiv.o ABSOLUTE
    ../fplib/microlib/fpepilogue.c           0x00000000   Number         0  depilogue.o ABSOLUTE
    ../fplib/microlib/fpfix.c                0x00000000   Number         0  dfixul.o ABSOLUTE
    ../fplib/microlib/fpmul.c                0x00000000   Number         0  dmul.o ABSOLUTE
    ..\Core\Src\Bluetooth.c                  0x00000000   Number         0  bluetooth.o ABSOLUTE
    ..\Core\Src\Data_Analysis.c              0x00000000   Number         0  data_analysis.o ABSOLUTE
    ..\Core\Src\adc.c                        0x00000000   Number         0  adc.o ABSOLUTE
    ..\Core\Src\dma.c                        0x00000000   Number         0  dma.o ABSOLUTE
    ..\Core\Src\gpio.c                       0x00000000   Number         0  gpio.o ABSOLUTE
    ..\Core\Src\main.c                       0x00000000   Number         0  main.o ABSOLUTE
    ..\Core\Src\stm32f1xx_hal_msp.c          0x00000000   Number         0  stm32f1xx_hal_msp.o ABSOLUTE
    ..\Core\Src\stm32f1xx_it.c               0x00000000   Number         0  stm32f1xx_it.o ABSOLUTE
    ..\Core\Src\system_stm32f1xx.c           0x00000000   Number         0  system_stm32f1xx.o ABSOLUTE
    ..\Core\Src\tim.c                        0x00000000   Number         0  tim.o ABSOLUTE
    ..\Core\Src\usart.c                      0x00000000   Number         0  usart.o ABSOLUTE
    ..\Drivers\STM32F1xx_HAL_Driver\Src\stm32f1xx_hal.c 0x00000000   Number         0  stm32f1xx_hal.o ABSOLUTE
    ..\Drivers\STM32F1xx_HAL_Driver\Src\stm32f1xx_hal_adc.c 0x00000000   Number         0  stm32f1xx_hal_adc.o ABSOLUTE
    ..\Drivers\STM32F1xx_HAL_Driver\Src\stm32f1xx_hal_adc_ex.c 0x00000000   Number         0  stm32f1xx_hal_adc_ex.o ABSOLUTE
    ..\Drivers\STM32F1xx_HAL_Driver\Src\stm32f1xx_hal_cortex.c 0x00000000   Number         0  stm32f1xx_hal_cortex.o ABSOLUTE
    ..\Drivers\STM32F1xx_HAL_Driver\Src\stm32f1xx_hal_dma.c 0x00000000   Number         0  stm32f1xx_hal_dma.o ABSOLUTE
    ..\Drivers\STM32F1xx_HAL_Driver\Src\stm32f1xx_hal_exti.c 0x00000000   Number         0  stm32f1xx_hal_exti.o ABSOLUTE
    ..\Drivers\STM32F1xx_HAL_Driver\Src\stm32f1xx_hal_flash.c 0x00000000   Number         0  stm32f1xx_hal_flash.o ABSOLUTE
    ..\Drivers\STM32F1xx_HAL_Driver\Src\stm32f1xx_hal_flash_ex.c 0x00000000   Number         0  stm32f1xx_hal_flash_ex.o ABSOLUTE
    ..\Drivers\STM32F1xx_HAL_Driver\Src\stm32f1xx_hal_gpio.c 0x00000000   Number         0  stm32f1xx_hal_gpio.o ABSOLUTE
    ..\Drivers\STM32F1xx_HAL_Driver\Src\stm32f1xx_hal_gpio_ex.c 0x00000000   Number         0  stm32f1xx_hal_gpio_ex.o ABSOLUTE
    ..\Drivers\STM32F1xx_HAL_Driver\Src\stm32f1xx_hal_pwr.c 0x00000000   Number         0  stm32f1xx_hal_pwr.o ABSOLUTE
    ..\Drivers\STM32F1xx_HAL_Driver\Src\stm32f1xx_hal_rcc.c 0x00000000   Number         0  stm32f1xx_hal_rcc.o ABSOLUTE
    ..\Drivers\STM32F1xx_HAL_Driver\Src\stm32f1xx_hal_rcc_ex.c 0x00000000   Number         0  stm32f1xx_hal_rcc_ex.o ABSOLUTE
    ..\Drivers\STM32F1xx_HAL_Driver\Src\stm32f1xx_hal_tim.c 0x00000000   Number         0  stm32f1xx_hal_tim.o ABSOLUTE
    ..\Drivers\STM32F1xx_HAL_Driver\Src\stm32f1xx_hal_tim_ex.c 0x00000000   Number         0  stm32f1xx_hal_tim_ex.o ABSOLUTE
    ..\Drivers\STM32F1xx_HAL_Driver\Src\stm32f1xx_hal_uart.c 0x00000000   Number         0  stm32f1xx_hal_uart.o ABSOLUTE
    ..\\Core\\Src\\Bluetooth.c               0x00000000   Number         0  bluetooth.o ABSOLUTE
    ..\\Core\\Src\\Data_Analysis.c           0x00000000   Number         0  data_analysis.o ABSOLUTE
    cdrcmple.s                               0x00000000   Number         0  cdrcmple.o ABSOLUTE
    dc.s                                     0x00000000   Number         0  dc.o ABSOLUTE
    handlers.s                               0x00000000   Number         0  handlers.o ABSOLUTE
    init.s                                   0x00000000   Number         0  init.o ABSOLUTE
    startup_stm32f103xb.s                    0x00000000   Number         0  startup_stm32f103xb.o ABSOLUTE
    RESET                                    0x08000000   Section      236  startup_stm32f103xb.o(RESET)
    .ARM.Collect$$$$00000000                 0x080000ec   Section        0  entry.o(.ARM.Collect$$$$00000000)
    .ARM.Collect$$$$00000001                 0x080000ec   Section        4  entry2.o(.ARM.Collect$$$$00000001)
    .ARM.Collect$$$$00000004                 0x080000f0   Section        4  entry5.o(.ARM.Collect$$$$00000004)
    .ARM.Collect$$$$00000008                 0x080000f4   Section        0  entry7b.o(.ARM.Collect$$$$00000008)
    .ARM.Collect$$$$0000000A                 0x080000f4   Section        0  entry8b.o(.ARM.Collect$$$$0000000A)
    .ARM.Collect$$$$0000000B                 0x080000f4   Section        8  entry9a.o(.ARM.Collect$$$$0000000B)
    .ARM.Collect$$$$0000000D                 0x080000fc   Section        0  entry10a.o(.ARM.Collect$$$$0000000D)
    .ARM.Collect$$$$0000000F                 0x080000fc   Section        0  entry11a.o(.ARM.Collect$$$$0000000F)
    .ARM.Collect$$$$00002712                 0x080000fc   Section        4  entry2.o(.ARM.Collect$$$$00002712)
    __lit__00000000                          0x080000fc   Data           4  entry2.o(.ARM.Collect$$$$00002712)
    .text                                    0x08000100   Section       36  startup_stm32f103xb.o(.text)
    .text                                    0x08000124   Section        0  uldiv.o(.text)
    .text                                    0x08000186   Section        0  llushr.o(.text)
    .text                                    0x080001a6   Section        0  memseta.o(.text)
    .text                                    0x080001ca   Section        0  llshl.o(.text)
    .text                                    0x080001e8   Section       36  init.o(.text)
    i.ADC1_2_IRQHandler                      0x0800020c   Section        0  stm32f1xx_it.o(i.ADC1_2_IRQHandler)
    i.ADC_ConversionStop_Disable             0x0800021c   Section        0  stm32f1xx_hal_adc.o(i.ADC_ConversionStop_Disable)
    i.ADC_DMAConvCplt                        0x08000278   Section        0  stm32f1xx_hal_adc.o(i.ADC_DMAConvCplt)
    i.ADC_DMAError                           0x080002ca   Section        0  stm32f1xx_hal_adc.o(i.ADC_DMAError)
    i.ADC_DMAHalfConvCplt                    0x080002e8   Section        0  stm32f1xx_hal_adc.o(i.ADC_DMAHalfConvCplt)
    i.ADC_Enable                             0x080002f8   Section        0  stm32f1xx_hal_adc.o(i.ADC_Enable)
    i.Boot_detection                         0x08000388   Section        0  data_analysis.o(i.Boot_detection)
    i.BusFault_Handler                       0x080004f8   Section        0  stm32f1xx_it.o(i.BusFault_Handler)
    i.DMA1_Channel1_IRQHandler               0x080004fc   Section        0  stm32f1xx_it.o(i.DMA1_Channel1_IRQHandler)
    i.DMA1_Channel4_IRQHandler               0x0800050c   Section        0  stm32f1xx_it.o(i.DMA1_Channel4_IRQHandler)
    i.DMA1_Channel5_IRQHandler               0x0800051c   Section        0  stm32f1xx_it.o(i.DMA1_Channel5_IRQHandler)
    i.DMA_SetConfig                          0x0800052c   Section        0  stm32f1xx_hal_dma.o(i.DMA_SetConfig)
    DMA_SetConfig                            0x0800052d   Thumb Code    44  stm32f1xx_hal_dma.o(i.DMA_SetConfig)
    i.DebugMon_Handler                       0x08000558   Section        0  stm32f1xx_it.o(i.DebugMon_Handler)
    i.Error_Handler                          0x0800055a   Section        0  main.o(i.Error_Handler)
    i.GPIO_RESET                             0x08000560   Section        0  gpio.o(i.GPIO_RESET)
    i.GPIO_SET                               0x080005e4   Section        0  gpio.o(i.GPIO_SET)
    i.Get_ADC_Averagevalue                   0x08000668   Section        0  adc.o(i.Get_ADC_Averagevalue)
    i.Gyro_Module                            0x080006e4   Section        0  data_analysis.o(i.Gyro_Module)
    i.HAL_ADCEx_InjectedConvCpltCallback     0x08000738   Section        0  stm32f1xx_hal_adc_ex.o(i.HAL_ADCEx_InjectedConvCpltCallback)
    i.HAL_ADC_ConfigChannel                  0x0800073c   Section        0  stm32f1xx_hal_adc.o(i.HAL_ADC_ConfigChannel)
    i.HAL_ADC_ConvCpltCallback               0x0800089c   Section        0  stm32f1xx_hal_adc.o(i.HAL_ADC_ConvCpltCallback)
    i.HAL_ADC_ConvHalfCpltCallback           0x0800089e   Section        0  stm32f1xx_hal_adc.o(i.HAL_ADC_ConvHalfCpltCallback)
    i.HAL_ADC_ErrorCallback                  0x080008a0   Section        0  stm32f1xx_hal_adc.o(i.HAL_ADC_ErrorCallback)
    i.HAL_ADC_IRQHandler                     0x080008a2   Section        0  stm32f1xx_hal_adc.o(i.HAL_ADC_IRQHandler)
    i.HAL_ADC_Init                           0x080009c4   Section        0  stm32f1xx_hal_adc.o(i.HAL_ADC_Init)
    i.HAL_ADC_LevelOutOfWindowCallback       0x08000b08   Section        0  stm32f1xx_hal_adc.o(i.HAL_ADC_LevelOutOfWindowCallback)
    i.HAL_ADC_MspInit                        0x08000b0c   Section        0  adc.o(i.HAL_ADC_MspInit)
    i.HAL_ADC_Start_DMA                      0x08000c24   Section        0  stm32f1xx_hal_adc.o(i.HAL_ADC_Start_DMA)
    i.HAL_DMA_Abort                          0x08000da4   Section        0  stm32f1xx_hal_dma.o(i.HAL_DMA_Abort)
    i.HAL_DMA_Abort_IT                       0x08000dfc   Section        0  stm32f1xx_hal_dma.o(i.HAL_DMA_Abort_IT)
    i.HAL_DMA_IRQHandler                     0x08000eac   Section        0  stm32f1xx_hal_dma.o(i.HAL_DMA_IRQHandler)
    i.HAL_DMA_Init                           0x08001048   Section        0  stm32f1xx_hal_dma.o(i.HAL_DMA_Init)
    i.HAL_DMA_Start_IT                       0x080010b0   Section        0  stm32f1xx_hal_dma.o(i.HAL_DMA_Start_IT)
    i.HAL_Delay                              0x0800114c   Section        0  stm32f1xx_hal.o(i.HAL_Delay)
    i.HAL_GPIO_Init                          0x08001174   Section        0  stm32f1xx_hal_gpio.o(i.HAL_GPIO_Init)
    i.HAL_GPIO_ReadPin                       0x08001494   Section        0  stm32f1xx_hal_gpio.o(i.HAL_GPIO_ReadPin)
    i.HAL_GPIO_WritePin                      0x080014a4   Section        0  stm32f1xx_hal_gpio.o(i.HAL_GPIO_WritePin)
    i.HAL_GetTick                            0x080014b0   Section        0  stm32f1xx_hal.o(i.HAL_GetTick)
    i.HAL_IncTick                            0x080014bc   Section        0  stm32f1xx_hal.o(i.HAL_IncTick)
    i.HAL_Init                               0x080014d4   Section        0  stm32f1xx_hal.o(i.HAL_Init)
    i.HAL_InitTick                           0x080014fc   Section        0  stm32f1xx_hal.o(i.HAL_InitTick)
    i.HAL_MspInit                            0x08001548   Section        0  stm32f1xx_hal_msp.o(i.HAL_MspInit)
    i.HAL_NVIC_EnableIRQ                     0x080015a4   Section        0  stm32f1xx_hal_cortex.o(i.HAL_NVIC_EnableIRQ)
    i.HAL_NVIC_SetPriority                   0x080015c4   Section        0  stm32f1xx_hal_cortex.o(i.HAL_NVIC_SetPriority)
    i.HAL_NVIC_SetPriorityGrouping           0x08001640   Section        0  stm32f1xx_hal_cortex.o(i.HAL_NVIC_SetPriorityGrouping)
    i.HAL_RCCEx_PeriphCLKConfig              0x08001668   Section        0  stm32f1xx_hal_rcc_ex.o(i.HAL_RCCEx_PeriphCLKConfig)
    i.HAL_RCC_ClockConfig                    0x08001798   Section        0  stm32f1xx_hal_rcc.o(i.HAL_RCC_ClockConfig)
    i.HAL_RCC_GetHCLKFreq                    0x08001924   Section        0  stm32f1xx_hal_rcc.o(i.HAL_RCC_GetHCLKFreq)
    i.HAL_RCC_GetPCLK1Freq                   0x08001930   Section        0  stm32f1xx_hal_rcc.o(i.HAL_RCC_GetPCLK1Freq)
    i.HAL_RCC_GetPCLK2Freq                   0x08001950   Section        0  stm32f1xx_hal_rcc.o(i.HAL_RCC_GetPCLK2Freq)
    i.HAL_RCC_GetSysClockFreq                0x08001970   Section        0  stm32f1xx_hal_rcc.o(i.HAL_RCC_GetSysClockFreq)
    i.HAL_RCC_OscConfig                      0x08001a04   Section        0  stm32f1xx_hal_rcc.o(i.HAL_RCC_OscConfig)
    i.HAL_SYSTICK_Config                     0x08001e68   Section        0  stm32f1xx_hal_cortex.o(i.HAL_SYSTICK_Config)
    i.HAL_TIMEx_BreakCallback                0x08001e9c   Section        0  stm32f1xx_hal_tim_ex.o(i.HAL_TIMEx_BreakCallback)
    i.HAL_TIMEx_CommutCallback               0x08001e9e   Section        0  stm32f1xx_hal_tim_ex.o(i.HAL_TIMEx_CommutCallback)
    i.HAL_TIMEx_MasterConfigSynchronization  0x08001ea0   Section        0  stm32f1xx_hal_tim_ex.o(i.HAL_TIMEx_MasterConfigSynchronization)
    i.HAL_TIM_Base_Init                      0x08001f24   Section        0  stm32f1xx_hal_tim.o(i.HAL_TIM_Base_Init)
    i.HAL_TIM_Base_MspInit                   0x08001f8c   Section        0  tim.o(i.HAL_TIM_Base_MspInit)
    i.HAL_TIM_Base_Start_IT                  0x08002008   Section        0  stm32f1xx_hal_tim.o(i.HAL_TIM_Base_Start_IT)
    i.HAL_TIM_ConfigClockSource              0x08002080   Section        0  stm32f1xx_hal_tim.o(i.HAL_TIM_ConfigClockSource)
    i.HAL_TIM_IC_CaptureCallback             0x08002188   Section        0  tim.o(i.HAL_TIM_IC_CaptureCallback)
    i.HAL_TIM_IC_ConfigChannel               0x0800257c   Section        0  stm32f1xx_hal_tim.o(i.HAL_TIM_IC_ConfigChannel)
    i.HAL_TIM_IC_Init                        0x08002650   Section        0  stm32f1xx_hal_tim.o(i.HAL_TIM_IC_Init)
    i.HAL_TIM_IC_MspInit                     0x080026b8   Section        0  tim.o(i.HAL_TIM_IC_MspInit)
    i.HAL_TIM_IC_Start_IT                    0x080027d0   Section        0  stm32f1xx_hal_tim.o(i.HAL_TIM_IC_Start_IT)
    i.HAL_TIM_IC_Stop_IT                     0x08002928   Section        0  stm32f1xx_hal_tim.o(i.HAL_TIM_IC_Stop_IT)
    i.HAL_TIM_IRQHandler                     0x080029fe   Section        0  stm32f1xx_hal_tim.o(i.HAL_TIM_IRQHandler)
    i.HAL_TIM_OC_DelayElapsedCallback        0x08002b94   Section        0  stm32f1xx_hal_tim.o(i.HAL_TIM_OC_DelayElapsedCallback)
    i.HAL_TIM_PWM_PulseFinishedCallback      0x08002b96   Section        0  stm32f1xx_hal_tim.o(i.HAL_TIM_PWM_PulseFinishedCallback)
    i.HAL_TIM_PeriodElapsedCallback          0x08002b98   Section        0  main.o(i.HAL_TIM_PeriodElapsedCallback)
    i.HAL_TIM_ReadCapturedValue              0x08002bdc   Section        0  stm32f1xx_hal_tim.o(i.HAL_TIM_ReadCapturedValue)
    i.HAL_TIM_TriggerCallback                0x08002c0e   Section        0  stm32f1xx_hal_tim.o(i.HAL_TIM_TriggerCallback)
    i.HAL_UARTEx_RxEventCallback             0x08002c10   Section        0  stm32f1xx_hal_uart.o(i.HAL_UARTEx_RxEventCallback)
    i.HAL_UART_DMAStop                       0x08002c12   Section        0  stm32f1xx_hal_uart.o(i.HAL_UART_DMAStop)
    i.HAL_UART_ErrorCallback                 0x08002c78   Section        0  stm32f1xx_hal_uart.o(i.HAL_UART_ErrorCallback)
    i.HAL_UART_IRQHandler                    0x08002c7c   Section        0  stm32f1xx_hal_uart.o(i.HAL_UART_IRQHandler)
    i.HAL_UART_Init                          0x08002ec8   Section        0  stm32f1xx_hal_uart.o(i.HAL_UART_Init)
    i.HAL_UART_MspInit                       0x08002f3c   Section        0  usart.o(i.HAL_UART_MspInit)
    i.HAL_UART_Receive_DMA                   0x08003060   Section        0  stm32f1xx_hal_uart.o(i.HAL_UART_Receive_DMA)
    i.HAL_UART_RxCpltCallback                0x080030a2   Section        0  stm32f1xx_hal_uart.o(i.HAL_UART_RxCpltCallback)
    i.HAL_UART_RxHalfCpltCallback            0x080030a4   Section        0  stm32f1xx_hal_uart.o(i.HAL_UART_RxHalfCpltCallback)
    i.HAL_UART_Transmit_DMA                  0x080030a8   Section        0  stm32f1xx_hal_uart.o(i.HAL_UART_Transmit_DMA)
    i.HAL_UART_TxCpltCallback                0x08003144   Section        0  stm32f1xx_hal_uart.o(i.HAL_UART_TxCpltCallback)
    i.HAL_UART_TxHalfCpltCallback            0x08003146   Section        0  stm32f1xx_hal_uart.o(i.HAL_UART_TxHalfCpltCallback)
    i.HardFault_Handler                      0x08003148   Section        0  stm32f1xx_it.o(i.HardFault_Handler)
    i.ID_GPIO_ADC_Init                       0x0800314c   Section        0  gpio.o(i.ID_GPIO_ADC_Init)
    i.ID_GPIO_OUTPUT_Init                    0x08003248   Section        0  gpio.o(i.ID_GPIO_OUTPUT_Init)
    i.ID_GPIO_PWM_Init                       0x080033d0   Section        0  gpio.o(i.ID_GPIO_PWM_Init)
    i.Interface_module                       0x080034ec   Section        0  data_analysis.o(i.Interface_module)
    i.KEY_Scan                               0x08003b30   Section        0  data_analysis.o(i.KEY_Scan)
    i.LED_Flashing                           0x08003b80   Section        0  data_analysis.o(i.LED_Flashing)
    i.Left_Movement                          0x08003bdc   Section        0  data_analysis.o(i.Left_Movement)
    i.Loop_Movement                          0x08003c9c   Section        0  data_analysis.o(i.Loop_Movement)
    i.Loop_one                               0x08003d90   Section        0  data_analysis.o(i.Loop_one)
    i.MX_ADC1_Init                           0x08003f64   Section        0  adc.o(i.MX_ADC1_Init)
    i.MX_DMA_Init                            0x0800410c   Section        0  dma.o(i.MX_DMA_Init)
    i.MX_GPIO_Init                           0x08004160   Section        0  gpio.o(i.MX_GPIO_Init)
    i.MX_TIM1_Init                           0x08004250   Section        0  tim.o(i.MX_TIM1_Init)
    i.MX_TIM2_Init                           0x080042c4   Section        0  tim.o(i.MX_TIM2_Init)
    i.MX_TIM3_Init                           0x08004368   Section        0  tim.o(i.MX_TIM3_Init)
    i.MX_TIM4_Init                           0x08004410   Section        0  tim.o(i.MX_TIM4_Init)
    i.MX_USART1_UART_Init                    0x08004480   Section        0  usart.o(i.MX_USART1_UART_Init)
    i.MemManage_Handler                      0x080044b8   Section        0  stm32f1xx_it.o(i.MemManage_Handler)
    i.Module_Init                            0x080044bc   Section        0  data_analysis.o(i.Module_Init)
    i.NMI_Handler                            0x08004518   Section        0  stm32f1xx_it.o(i.NMI_Handler)
    i.PendSV_Handler                         0x0800451c   Section        0  stm32f1xx_it.o(i.PendSV_Handler)
    i.Programming_Determine                  0x08004520   Section        0  data_analysis.o(i.Programming_Determine)
    i.RCC_Delay                              0x08004878   Section        0  stm32f1xx_hal_rcc.o(i.RCC_Delay)
    RCC_Delay                                0x08004879   Thumb Code    36  stm32f1xx_hal_rcc.o(i.RCC_Delay)
    i.Right_Movement                         0x080048a0   Section        0  data_analysis.o(i.Right_Movement)
    i.SVC_Handler                            0x08004968   Section        0  stm32f1xx_it.o(i.SVC_Handler)
    i.Send_Data                              0x0800496c   Section        0  bluetooth.o(i.Send_Data)
    i.Special_Combination_Module             0x08004980   Section        0  data_analysis.o(i.Special_Combination_Module)
    i.Start_Motor_Potentiometer              0x08004a20   Section        0  data_analysis.o(i.Start_Motor_Potentiometer)
    i.Start_Potentiometer                    0x08004d34   Section        0  data_analysis.o(i.Start_Potentiometer)
    i.SysTick_Handler                        0x08004fd8   Section        0  stm32f1xx_it.o(i.SysTick_Handler)
    i.SystemClock_Config                     0x08004fe0   Section        0  main.o(i.SystemClock_Config)
    i.SystemInit                             0x08005066   Section        0  system_stm32f1xx.o(i.SystemInit)
    i.TIM1_UP_IRQHandler                     0x08005068   Section        0  stm32f1xx_it.o(i.TIM1_UP_IRQHandler)
    i.TIM2_IRQHandler                        0x08005078   Section        0  stm32f1xx_it.o(i.TIM2_IRQHandler)
    i.TIM3_IRQHandler                        0x08005088   Section        0  stm32f1xx_it.o(i.TIM3_IRQHandler)
    i.TIM4_IRQHandler                        0x08005098   Section        0  stm32f1xx_it.o(i.TIM4_IRQHandler)
    i.TIM_Base_SetConfig                     0x080050a8   Section        0  stm32f1xx_hal_tim.o(i.TIM_Base_SetConfig)
    i.TIM_CCxChannelCmd                      0x0800511c   Section        0  stm32f1xx_hal_tim.o(i.TIM_CCxChannelCmd)
    i.TIM_ETR_SetConfig                      0x0800513e   Section        0  stm32f1xx_hal_tim.o(i.TIM_ETR_SetConfig)
    i.TIM_ITRx_SetConfig                     0x08005154   Section        0  stm32f1xx_hal_tim.o(i.TIM_ITRx_SetConfig)
    TIM_ITRx_SetConfig                       0x08005155   Thumb Code    18  stm32f1xx_hal_tim.o(i.TIM_ITRx_SetConfig)
    i.TIM_TI1_ConfigInputStage               0x08005166   Section        0  stm32f1xx_hal_tim.o(i.TIM_TI1_ConfigInputStage)
    TIM_TI1_ConfigInputStage                 0x08005167   Thumb Code    38  stm32f1xx_hal_tim.o(i.TIM_TI1_ConfigInputStage)
    i.TIM_TI1_SetConfig                      0x0800518c   Section        0  stm32f1xx_hal_tim.o(i.TIM_TI1_SetConfig)
    i.TIM_TI2_ConfigInputStage               0x080051f4   Section        0  stm32f1xx_hal_tim.o(i.TIM_TI2_ConfigInputStage)
    TIM_TI2_ConfigInputStage                 0x080051f5   Thumb Code    40  stm32f1xx_hal_tim.o(i.TIM_TI2_ConfigInputStage)
    i.TIM_TI2_SetConfig                      0x0800521c   Section        0  stm32f1xx_hal_tim.o(i.TIM_TI2_SetConfig)
    TIM_TI2_SetConfig                        0x0800521d   Thumb Code    58  stm32f1xx_hal_tim.o(i.TIM_TI2_SetConfig)
    i.TIM_TI3_SetConfig                      0x08005256   Section        0  stm32f1xx_hal_tim.o(i.TIM_TI3_SetConfig)
    TIM_TI3_SetConfig                        0x08005257   Thumb Code    56  stm32f1xx_hal_tim.o(i.TIM_TI3_SetConfig)
    i.TIM_TI4_SetConfig                      0x0800528e   Section        0  stm32f1xx_hal_tim.o(i.TIM_TI4_SetConfig)
    TIM_TI4_SetConfig                        0x0800528f   Thumb Code    60  stm32f1xx_hal_tim.o(i.TIM_TI4_SetConfig)
    i.Tilt_Movement                          0x080052cc   Section        0  data_analysis.o(i.Tilt_Movement)
    i.Turn_OFF_LED                           0x080054ec   Section        0  data_analysis.o(i.Turn_OFF_LED)
    i.UART_DMAAbortOnError                   0x08005504   Section        0  stm32f1xx_hal_uart.o(i.UART_DMAAbortOnError)
    UART_DMAAbortOnError                     0x08005505   Thumb Code    20  stm32f1xx_hal_uart.o(i.UART_DMAAbortOnError)
    i.UART_DMAError                          0x08005518   Section        0  stm32f1xx_hal_uart.o(i.UART_DMAError)
    UART_DMAError                            0x08005519   Thumb Code    80  stm32f1xx_hal_uart.o(i.UART_DMAError)
    i.UART_DMAReceiveCplt                    0x08005568   Section        0  stm32f1xx_hal_uart.o(i.UART_DMAReceiveCplt)
    UART_DMAReceiveCplt                      0x08005569   Thumb Code   104  stm32f1xx_hal_uart.o(i.UART_DMAReceiveCplt)
    i.UART_DMARxHalfCplt                     0x080055d0   Section        0  stm32f1xx_hal_uart.o(i.UART_DMARxHalfCplt)
    UART_DMARxHalfCplt                       0x080055d1   Thumb Code    32  stm32f1xx_hal_uart.o(i.UART_DMARxHalfCplt)
    i.UART_DMATransmitCplt                   0x080055f0   Section        0  stm32f1xx_hal_uart.o(i.UART_DMATransmitCplt)
    UART_DMATransmitCplt                     0x080055f1   Thumb Code    54  stm32f1xx_hal_uart.o(i.UART_DMATransmitCplt)
    i.UART_DMATxHalfCplt                     0x08005626   Section        0  stm32f1xx_hal_uart.o(i.UART_DMATxHalfCplt)
    UART_DMATxHalfCplt                       0x08005627   Thumb Code    14  stm32f1xx_hal_uart.o(i.UART_DMATxHalfCplt)
    i.UART_EndRxTransfer                     0x08005634   Section        0  stm32f1xx_hal_uart.o(i.UART_EndRxTransfer)
    UART_EndRxTransfer                       0x08005635   Thumb Code    54  stm32f1xx_hal_uart.o(i.UART_EndRxTransfer)
    i.UART_EndTransmit_IT                    0x0800566a   Section        0  stm32f1xx_hal_uart.o(i.UART_EndTransmit_IT)
    UART_EndTransmit_IT                      0x0800566b   Thumb Code    32  stm32f1xx_hal_uart.o(i.UART_EndTransmit_IT)
    i.UART_EndTxTransfer                     0x0800568a   Section        0  stm32f1xx_hal_uart.o(i.UART_EndTxTransfer)
    UART_EndTxTransfer                       0x0800568b   Thumb Code    20  stm32f1xx_hal_uart.o(i.UART_EndTxTransfer)
    i.UART_Receive_IT                        0x0800569e   Section        0  stm32f1xx_hal_uart.o(i.UART_Receive_IT)
    UART_Receive_IT                          0x0800569f   Thumb Code   228  stm32f1xx_hal_uart.o(i.UART_Receive_IT)
    i.UART_SetConfig                         0x08005784   Section        0  stm32f1xx_hal_uart.o(i.UART_SetConfig)
    UART_SetConfig                           0x08005785   Thumb Code   248  stm32f1xx_hal_uart.o(i.UART_SetConfig)
    i.UART_Start_Receive_DMA                 0x08005880   Section        0  stm32f1xx_hal_uart.o(i.UART_Start_Receive_DMA)
    i.UART_Transmit_IT                       0x08005918   Section        0  stm32f1xx_hal_uart.o(i.UART_Transmit_IT)
    UART_Transmit_IT                         0x08005919   Thumb Code    96  stm32f1xx_hal_uart.o(i.UART_Transmit_IT)
    i.USART1_IRQHandler                      0x08005978   Section        0  stm32f1xx_it.o(i.USART1_IRQHandler)
    i.UsageFault_Handler                     0x080059e4   Section        0  stm32f1xx_it.o(i.UsageFault_Handler)
    i.__NVIC_GetPriorityGrouping             0x080059e8   Section        0  stm32f1xx_hal_cortex.o(i.__NVIC_GetPriorityGrouping)
    __NVIC_GetPriorityGrouping               0x080059e9   Thumb Code    10  stm32f1xx_hal_cortex.o(i.__NVIC_GetPriorityGrouping)
    i.__NVIC_SetPriority                     0x080059f8   Section        0  stm32f1xx_hal_cortex.o(i.__NVIC_SetPriority)
    __NVIC_SetPriority                       0x080059f9   Thumb Code    32  stm32f1xx_hal_cortex.o(i.__NVIC_SetPriority)
    i.__scatterload_copy                     0x08005a20   Section       14  handlers.o(i.__scatterload_copy)
    i.__scatterload_null                     0x08005a2e   Section        2  handlers.o(i.__scatterload_null)
    i.__scatterload_zeroinit                 0x08005a30   Section       14  handlers.o(i.__scatterload_zeroinit)
    i.emoji_Module                           0x08005a40   Section        0  data_analysis.o(i.emoji_Module)
    i.main                                   0x08005c2c   Section        0  main.o(i.main)
    i.other_Module                           0x08005d5c   Section        0  data_analysis.o(i.other_Module)
    i.pwm1_input                             0x08006160   Section        0  tim.o(i.pwm1_input)
    i.pwm2_input                             0x080061c8   Section        0  tim.o(i.pwm2_input)
    i.pwm3_input                             0x08006234   Section        0  tim.o(i.pwm3_input)
    i.pwm4_input                             0x080062a0   Section        0  tim.o(i.pwm4_input)
    i.pwm5_input                             0x0800630c   Section        0  tim.o(i.pwm5_input)
    i.pwm6_input                             0x08006378   Section        0  tim.o(i.pwm6_input)
    i.pwm7_input                             0x080063e4   Section        0  tim.o(i.pwm7_input)
    i.pwm8_input                             0x08006450   Section        0  tim.o(i.pwm8_input)
    i.send_data_time                         0x080064bc   Section        0  data_analysis.o(i.send_data_time)
    i.straight_Movement                      0x080064d8   Section        0  data_analysis.o(i.straight_Movement)
    i.voice_Module                           0x08006624   Section        0  data_analysis.o(i.voice_Module)
    i.waitting                               0x080068c4   Section        0  data_analysis.o(i.waitting)
    .constdata                               0x08006a70   Section       24  system_stm32f1xx.o(.constdata)
    .data                                    0x20000000   Section       54  data_analysis.o(.data)
    .data                                    0x20000036   Section        3  bluetooth.o(.data)
    .data                                    0x20000039   Section       30  main.o(.data)
    .data                                    0x20000058   Section       10  tim.o(.data)
    .data                                    0x20000062   Section        9  stm32f1xx_it.o(.data)
    .data                                    0x2000006c   Section        9  stm32f1xx_hal.o(.data)
    .data                                    0x20000078   Section        4  system_stm32f1xx.o(.data)
    .bss                                     0x2000007c   Section       10  data_analysis.o(.bss)
    .bss                                     0x20000088   Section     1428  adc.o(.bss)
    .bss                                     0x2000061c   Section      416  tim.o(.bss)
    .bss                                     0x200007bc   Section      204  usart.o(.bss)
    STACK                                    0x20000888   Section     1024  startup_stm32f103xb.o(STACK)

    Global Symbols

    Symbol Name                              Value     Ov Type        Size  Object(Section)

    BuildAttributes$$THM_ISAv4$P$D$K$B$S$PE$A:L22UL41UL21$X:L11$S22US41US21$IEEE1$IW$USESV6$~STKCKD$USESV7$~SHL$OSPACE$ROPI$EBA8$MICROLIB$REQ8$PRES8$EABIv2 0x00000000   Number         0  anon$$obj.o ABSOLUTE
    __ARM_use_no_argv                        0x00000000   Number         0  main.o ABSOLUTE
    _printf_a                                0x00000000   Number         0  stubs.o ABSOLUTE
    _printf_c                                0x00000000   Number         0  stubs.o ABSOLUTE
    _printf_charcount                        0x00000000   Number         0  stubs.o ABSOLUTE
    _printf_d                                0x00000000   Number         0  stubs.o ABSOLUTE
    _printf_e                                0x00000000   Number         0  stubs.o ABSOLUTE
    _printf_f                                0x00000000   Number         0  stubs.o ABSOLUTE
    _printf_flags                            0x00000000   Number         0  stubs.o ABSOLUTE
    _printf_fp_dec                           0x00000000   Number         0  stubs.o ABSOLUTE
    _printf_fp_hex                           0x00000000   Number         0  stubs.o ABSOLUTE
    _printf_g                                0x00000000   Number         0  stubs.o ABSOLUTE
    _printf_i                                0x00000000   Number         0  stubs.o ABSOLUTE
    _printf_int_dec                          0x00000000   Number         0  stubs.o ABSOLUTE
    _printf_l                                0x00000000   Number         0  stubs.o ABSOLUTE
    _printf_lc                               0x00000000   Number         0  stubs.o ABSOLUTE
    _printf_ll                               0x00000000   Number         0  stubs.o ABSOLUTE
    _printf_lld                              0x00000000   Number         0  stubs.o ABSOLUTE
    _printf_lli                              0x00000000   Number         0  stubs.o ABSOLUTE
    _printf_llo                              0x00000000   Number         0  stubs.o ABSOLUTE
    _printf_llu                              0x00000000   Number         0  stubs.o ABSOLUTE
    _printf_llx                              0x00000000   Number         0  stubs.o ABSOLUTE
    _printf_longlong_dec                     0x00000000   Number         0  stubs.o ABSOLUTE
    _printf_longlong_hex                     0x00000000   Number         0  stubs.o ABSOLUTE
    _printf_longlong_oct                     0x00000000   Number         0  stubs.o ABSOLUTE
    _printf_ls                               0x00000000   Number         0  stubs.o ABSOLUTE
    _printf_mbtowc                           0x00000000   Number         0  stubs.o ABSOLUTE
    _printf_n                                0x00000000   Number         0  stubs.o ABSOLUTE
    _printf_o                                0x00000000   Number         0  stubs.o ABSOLUTE
    _printf_p                                0x00000000   Number         0  stubs.o ABSOLUTE
    _printf_percent                          0x00000000   Number         0  stubs.o ABSOLUTE
    _printf_pre_padding                      0x00000000   Number         0  stubs.o ABSOLUTE
    _printf_return_value                     0x00000000   Number         0  stubs.o ABSOLUTE
    _printf_s                                0x00000000   Number         0  stubs.o ABSOLUTE
    _printf_sizespec                         0x00000000   Number         0  stubs.o ABSOLUTE
    _printf_str                              0x00000000   Number         0  stubs.o ABSOLUTE
    _printf_truncate_signed                  0x00000000   Number         0  stubs.o ABSOLUTE
    _printf_truncate_unsigned                0x00000000   Number         0  stubs.o ABSOLUTE
    _printf_u                                0x00000000   Number         0  stubs.o ABSOLUTE
    _printf_wc                               0x00000000   Number         0  stubs.o ABSOLUTE
    _printf_wctomb                           0x00000000   Number         0  stubs.o ABSOLUTE
    _printf_widthprec                        0x00000000   Number         0  stubs.o ABSOLUTE
    _printf_x                                0x00000000   Number         0  stubs.o ABSOLUTE
    __cpp_initialize__aeabi_                  - Undefined Weak Reference
    __cxa_finalize                            - Undefined Weak Reference
    __decompress                              - Undefined Weak Reference
    _clock_init                               - Undefined Weak Reference
    _microlib_exit                            - Undefined Weak Reference
    __Vectors_Size                           0x000000ec   Number         0  startup_stm32f103xb.o ABSOLUTE
    __Vectors                                0x08000000   Data           4  startup_stm32f103xb.o(RESET)
    __Vectors_End                            0x080000ec   Data           0  startup_stm32f103xb.o(RESET)
    __main                                   0x080000ed   Thumb Code     0  entry.o(.ARM.Collect$$$$00000000)
    _main_stk                                0x080000ed   Thumb Code     0  entry2.o(.ARM.Collect$$$$00000001)
    _main_scatterload                        0x080000f1   Thumb Code     0  entry5.o(.ARM.Collect$$$$00000004)
    __main_after_scatterload                 0x080000f5   Thumb Code     0  entry5.o(.ARM.Collect$$$$00000004)
    _main_clock                              0x080000f5   Thumb Code     0  entry7b.o(.ARM.Collect$$$$00000008)
    _main_cpp_init                           0x080000f5   Thumb Code     0  entry8b.o(.ARM.Collect$$$$0000000A)
    _main_init                               0x080000f5   Thumb Code     0  entry9a.o(.ARM.Collect$$$$0000000B)
    __rt_final_cpp                           0x080000fd   Thumb Code     0  entry10a.o(.ARM.Collect$$$$0000000D)
    __rt_final_exit                          0x080000fd   Thumb Code     0  entry11a.o(.ARM.Collect$$$$0000000F)
    Reset_Handler                            0x08000101   Thumb Code     8  startup_stm32f103xb.o(.text)
    CAN1_RX1_IRQHandler                      0x0800011b   Thumb Code     0  startup_stm32f103xb.o(.text)
    CAN1_SCE_IRQHandler                      0x0800011b   Thumb Code     0  startup_stm32f103xb.o(.text)
    DMA1_Channel2_IRQHandler                 0x0800011b   Thumb Code     0  startup_stm32f103xb.o(.text)
    DMA1_Channel3_IRQHandler                 0x0800011b   Thumb Code     0  startup_stm32f103xb.o(.text)
    DMA1_Channel6_IRQHandler                 0x0800011b   Thumb Code     0  startup_stm32f103xb.o(.text)
    DMA1_Channel7_IRQHandler                 0x0800011b   Thumb Code     0  startup_stm32f103xb.o(.text)
    EXTI0_IRQHandler                         0x0800011b   Thumb Code     0  startup_stm32f103xb.o(.text)
    EXTI15_10_IRQHandler                     0x0800011b   Thumb Code     0  startup_stm32f103xb.o(.text)
    EXTI1_IRQHandler                         0x0800011b   Thumb Code     0  startup_stm32f103xb.o(.text)
    EXTI2_IRQHandler                         0x0800011b   Thumb Code     0  startup_stm32f103xb.o(.text)
    EXTI3_IRQHandler                         0x0800011b   Thumb Code     0  startup_stm32f103xb.o(.text)
    EXTI4_IRQHandler                         0x0800011b   Thumb Code     0  startup_stm32f103xb.o(.text)
    EXTI9_5_IRQHandler                       0x0800011b   Thumb Code     0  startup_stm32f103xb.o(.text)
    FLASH_IRQHandler                         0x0800011b   Thumb Code     0  startup_stm32f103xb.o(.text)
    I2C1_ER_IRQHandler                       0x0800011b   Thumb Code     0  startup_stm32f103xb.o(.text)
    I2C1_EV_IRQHandler                       0x0800011b   Thumb Code     0  startup_stm32f103xb.o(.text)
    I2C2_ER_IRQHandler                       0x0800011b   Thumb Code     0  startup_stm32f103xb.o(.text)
    I2C2_EV_IRQHandler                       0x0800011b   Thumb Code     0  startup_stm32f103xb.o(.text)
    PVD_IRQHandler                           0x0800011b   Thumb Code     0  startup_stm32f103xb.o(.text)
    RCC_IRQHandler                           0x0800011b   Thumb Code     0  startup_stm32f103xb.o(.text)
    RTC_Alarm_IRQHandler                     0x0800011b   Thumb Code     0  startup_stm32f103xb.o(.text)
    RTC_IRQHandler                           0x0800011b   Thumb Code     0  startup_stm32f103xb.o(.text)
    SPI1_IRQHandler                          0x0800011b   Thumb Code     0  startup_stm32f103xb.o(.text)
    SPI2_IRQHandler                          0x0800011b   Thumb Code     0  startup_stm32f103xb.o(.text)
    TAMPER_IRQHandler                        0x0800011b   Thumb Code     0  startup_stm32f103xb.o(.text)
    TIM1_BRK_IRQHandler                      0x0800011b   Thumb Code     0  startup_stm32f103xb.o(.text)
    TIM1_CC_IRQHandler                       0x0800011b   Thumb Code     0  startup_stm32f103xb.o(.text)
    TIM1_TRG_COM_IRQHandler                  0x0800011b   Thumb Code     0  startup_stm32f103xb.o(.text)
    USART2_IRQHandler                        0x0800011b   Thumb Code     0  startup_stm32f103xb.o(.text)
    USART3_IRQHandler                        0x0800011b   Thumb Code     0  startup_stm32f103xb.o(.text)
    USBWakeUp_IRQHandler                     0x0800011b   Thumb Code     0  startup_stm32f103xb.o(.text)
    USB_HP_CAN1_TX_IRQHandler                0x0800011b   Thumb Code     0  startup_stm32f103xb.o(.text)
    USB_LP_CAN1_RX0_IRQHandler               0x0800011b   Thumb Code     0  startup_stm32f103xb.o(.text)
    WWDG_IRQHandler                          0x0800011b   Thumb Code     0  startup_stm32f103xb.o(.text)
    __aeabi_uldivmod                         0x08000125   Thumb Code    98  uldiv.o(.text)
    __aeabi_llsr                             0x08000187   Thumb Code    32  llushr.o(.text)
    _ll_ushift_r                             0x08000187   Thumb Code     0  llushr.o(.text)
    __aeabi_memset                           0x080001a7   Thumb Code    14  memseta.o(.text)
    __aeabi_memset4                          0x080001a7   Thumb Code     0  memseta.o(.text)
    __aeabi_memset8                          0x080001a7   Thumb Code     0  memseta.o(.text)
    __aeabi_memclr                           0x080001b5   Thumb Code     4  memseta.o(.text)
    __aeabi_memclr4                          0x080001b5   Thumb Code     0  memseta.o(.text)
    __aeabi_memclr8                          0x080001b5   Thumb Code     0  memseta.o(.text)
    _memset$wrapper                          0x080001b9   Thumb Code    18  memseta.o(.text)
    __aeabi_llsl                             0x080001cb   Thumb Code    30  llshl.o(.text)
    _ll_shift_l                              0x080001cb   Thumb Code     0  llshl.o(.text)
    __scatterload                            0x080001e9   Thumb Code    28  init.o(.text)
    __scatterload_rt2                        0x080001e9   Thumb Code     0  init.o(.text)
    ADC1_2_IRQHandler                        0x0800020d   Thumb Code    10  stm32f1xx_it.o(i.ADC1_2_IRQHandler)
    ADC_ConversionStop_Disable               0x0800021d   Thumb Code    92  stm32f1xx_hal_adc.o(i.ADC_ConversionStop_Disable)
    ADC_DMAConvCplt                          0x08000279   Thumb Code    82  stm32f1xx_hal_adc.o(i.ADC_DMAConvCplt)
    ADC_DMAError                             0x080002cb   Thumb Code    30  stm32f1xx_hal_adc.o(i.ADC_DMAError)
    ADC_DMAHalfConvCplt                      0x080002e9   Thumb Code    14  stm32f1xx_hal_adc.o(i.ADC_DMAHalfConvCplt)
    ADC_Enable                               0x080002f9   Thumb Code   134  stm32f1xx_hal_adc.o(i.ADC_Enable)
    Boot_detection                           0x08000389   Thumb Code   346  data_analysis.o(i.Boot_detection)
    BusFault_Handler                         0x080004f9   Thumb Code     4  stm32f1xx_it.o(i.BusFault_Handler)
    DMA1_Channel1_IRQHandler                 0x080004fd   Thumb Code    10  stm32f1xx_it.o(i.DMA1_Channel1_IRQHandler)
    DMA1_Channel4_IRQHandler                 0x0800050d   Thumb Code    10  stm32f1xx_it.o(i.DMA1_Channel4_IRQHandler)
    DMA1_Channel5_IRQHandler                 0x0800051d   Thumb Code    10  stm32f1xx_it.o(i.DMA1_Channel5_IRQHandler)
    DebugMon_Handler                         0x08000559   Thumb Code     2  stm32f1xx_it.o(i.DebugMon_Handler)
    Error_Handler                            0x0800055b   Thumb Code     6  main.o(i.Error_Handler)
    GPIO_RESET                               0x08000561   Thumb Code   122  gpio.o(i.GPIO_RESET)
    GPIO_SET                                 0x080005e5   Thumb Code   122  gpio.o(i.GPIO_SET)
    Get_ADC_Averagevalue                     0x08000669   Thumb Code   114  adc.o(i.Get_ADC_Averagevalue)
    Gyro_Module                              0x080006e5   Thumb Code    78  data_analysis.o(i.Gyro_Module)
    HAL_ADCEx_InjectedConvCpltCallback       0x08000739   Thumb Code     2  stm32f1xx_hal_adc_ex.o(i.HAL_ADCEx_InjectedConvCpltCallback)
    HAL_ADC_ConfigChannel                    0x0800073d   Thumb Code   338  stm32f1xx_hal_adc.o(i.HAL_ADC_ConfigChannel)
    HAL_ADC_ConvCpltCallback                 0x0800089d   Thumb Code     2  stm32f1xx_hal_adc.o(i.HAL_ADC_ConvCpltCallback)
    HAL_ADC_ConvHalfCpltCallback             0x0800089f   Thumb Code     2  stm32f1xx_hal_adc.o(i.HAL_ADC_ConvHalfCpltCallback)
    HAL_ADC_ErrorCallback                    0x080008a1   Thumb Code     2  stm32f1xx_hal_adc.o(i.HAL_ADC_ErrorCallback)
    HAL_ADC_IRQHandler                       0x080008a3   Thumb Code   290  stm32f1xx_hal_adc.o(i.HAL_ADC_IRQHandler)
    HAL_ADC_Init                             0x080009c5   Thumb Code   314  stm32f1xx_hal_adc.o(i.HAL_ADC_Init)
    HAL_ADC_LevelOutOfWindowCallback         0x08000b09   Thumb Code     2  stm32f1xx_hal_adc.o(i.HAL_ADC_LevelOutOfWindowCallback)
    HAL_ADC_MspInit                          0x08000b0d   Thumb Code   252  adc.o(i.HAL_ADC_MspInit)
    HAL_ADC_Start_DMA                        0x08000c25   Thumb Code   362  stm32f1xx_hal_adc.o(i.HAL_ADC_Start_DMA)
    HAL_DMA_Abort                            0x08000da5   Thumb Code    86  stm32f1xx_hal_dma.o(i.HAL_DMA_Abort)
    HAL_DMA_Abort_IT                         0x08000dfd   Thumb Code   172  stm32f1xx_hal_dma.o(i.HAL_DMA_Abort_IT)
    HAL_DMA_IRQHandler                       0x08000ead   Thumb Code   408  stm32f1xx_hal_dma.o(i.HAL_DMA_IRQHandler)
    HAL_DMA_Init                             0x08001049   Thumb Code   100  stm32f1xx_hal_dma.o(i.HAL_DMA_Init)
    HAL_DMA_Start_IT                         0x080010b1   Thumb Code   156  stm32f1xx_hal_dma.o(i.HAL_DMA_Start_IT)
    HAL_Delay                                0x0800114d   Thumb Code    36  stm32f1xx_hal.o(i.HAL_Delay)
    HAL_GPIO_Init                            0x08001175   Thumb Code   766  stm32f1xx_hal_gpio.o(i.HAL_GPIO_Init)
    HAL_GPIO_ReadPin                         0x08001495   Thumb Code    16  stm32f1xx_hal_gpio.o(i.HAL_GPIO_ReadPin)
    HAL_GPIO_WritePin                        0x080014a5   Thumb Code    12  stm32f1xx_hal_gpio.o(i.HAL_GPIO_WritePin)
    HAL_GetTick                              0x080014b1   Thumb Code     6  stm32f1xx_hal.o(i.HAL_GetTick)
    HAL_IncTick                              0x080014bd   Thumb Code    16  stm32f1xx_hal.o(i.HAL_IncTick)
    HAL_Init                                 0x080014d5   Thumb Code    34  stm32f1xx_hal.o(i.HAL_Init)
    HAL_InitTick                             0x080014fd   Thumb Code    64  stm32f1xx_hal.o(i.HAL_InitTick)
    HAL_MspInit                              0x08001549   Thumb Code    82  stm32f1xx_hal_msp.o(i.HAL_MspInit)
    HAL_NVIC_EnableIRQ                       0x080015a5   Thumb Code    32  stm32f1xx_hal_cortex.o(i.HAL_NVIC_EnableIRQ)
    HAL_NVIC_SetPriority                     0x080015c5   Thumb Code   124  stm32f1xx_hal_cortex.o(i.HAL_NVIC_SetPriority)
    HAL_NVIC_SetPriorityGrouping             0x08001641   Thumb Code    32  stm32f1xx_hal_cortex.o(i.HAL_NVIC_SetPriorityGrouping)
    HAL_RCCEx_PeriphCLKConfig                0x08001669   Thumb Code   290  stm32f1xx_hal_rcc_ex.o(i.HAL_RCCEx_PeriphCLKConfig)
    HAL_RCC_ClockConfig                      0x08001799   Thumb Code   376  stm32f1xx_hal_rcc.o(i.HAL_RCC_ClockConfig)
    HAL_RCC_GetHCLKFreq                      0x08001925   Thumb Code     6  stm32f1xx_hal_rcc.o(i.HAL_RCC_GetHCLKFreq)
    HAL_RCC_GetPCLK1Freq                     0x08001931   Thumb Code    22  stm32f1xx_hal_rcc.o(i.HAL_RCC_GetPCLK1Freq)
    HAL_RCC_GetPCLK2Freq                     0x08001951   Thumb Code    22  stm32f1xx_hal_rcc.o(i.HAL_RCC_GetPCLK2Freq)
    HAL_RCC_GetSysClockFreq                  0x08001971   Thumb Code   116  stm32f1xx_hal_rcc.o(i.HAL_RCC_GetSysClockFreq)
    HAL_RCC_OscConfig                        0x08001a05   Thumb Code  1114  stm32f1xx_hal_rcc.o(i.HAL_RCC_OscConfig)
    HAL_SYSTICK_Config                       0x08001e69   Thumb Code    52  stm32f1xx_hal_cortex.o(i.HAL_SYSTICK_Config)
    HAL_TIMEx_BreakCallback                  0x08001e9d   Thumb Code     2  stm32f1xx_hal_tim_ex.o(i.HAL_TIMEx_BreakCallback)
    HAL_TIMEx_CommutCallback                 0x08001e9f   Thumb Code     2  stm32f1xx_hal_tim_ex.o(i.HAL_TIMEx_CommutCallback)
    HAL_TIMEx_MasterConfigSynchronization    0x08001ea1   Thumb Code   118  stm32f1xx_hal_tim_ex.o(i.HAL_TIMEx_MasterConfigSynchronization)
    HAL_TIM_Base_Init                        0x08001f25   Thumb Code   102  stm32f1xx_hal_tim.o(i.HAL_TIM_Base_Init)
    HAL_TIM_Base_MspInit                     0x08001f8d   Thumb Code   112  tim.o(i.HAL_TIM_Base_MspInit)
    HAL_TIM_Base_Start_IT                    0x08002009   Thumb Code   106  stm32f1xx_hal_tim.o(i.HAL_TIM_Base_Start_IT)
    HAL_TIM_ConfigClockSource                0x08002081   Thumb Code   264  stm32f1xx_hal_tim.o(i.HAL_TIM_ConfigClockSource)
    HAL_TIM_IC_CaptureCallback               0x08002189   Thumb Code   986  tim.o(i.HAL_TIM_IC_CaptureCallback)
    HAL_TIM_IC_ConfigChannel                 0x0800257d   Thumb Code   212  stm32f1xx_hal_tim.o(i.HAL_TIM_IC_ConfigChannel)
    HAL_TIM_IC_Init                          0x08002651   Thumb Code   102  stm32f1xx_hal_tim.o(i.HAL_TIM_IC_Init)
    HAL_TIM_IC_MspInit                       0x080026b9   Thumb Code   264  tim.o(i.HAL_TIM_IC_MspInit)
    HAL_TIM_IC_Start_IT                      0x080027d1   Thumb Code   332  stm32f1xx_hal_tim.o(i.HAL_TIM_IC_Start_IT)
    HAL_TIM_IC_Stop_IT                       0x08002929   Thumb Code   214  stm32f1xx_hal_tim.o(i.HAL_TIM_IC_Stop_IT)
    HAL_TIM_IRQHandler                       0x080029ff   Thumb Code   406  stm32f1xx_hal_tim.o(i.HAL_TIM_IRQHandler)
    HAL_TIM_OC_DelayElapsedCallback          0x08002b95   Thumb Code     2  stm32f1xx_hal_tim.o(i.HAL_TIM_OC_DelayElapsedCallback)
    HAL_TIM_PWM_PulseFinishedCallback        0x08002b97   Thumb Code     2  stm32f1xx_hal_tim.o(i.HAL_TIM_PWM_PulseFinishedCallback)
    HAL_TIM_PeriodElapsedCallback            0x08002b99   Thumb Code    50  main.o(i.HAL_TIM_PeriodElapsedCallback)
    HAL_TIM_ReadCapturedValue                0x08002bdd   Thumb Code    50  stm32f1xx_hal_tim.o(i.HAL_TIM_ReadCapturedValue)
    HAL_TIM_TriggerCallback                  0x08002c0f   Thumb Code     2  stm32f1xx_hal_tim.o(i.HAL_TIM_TriggerCallback)
    HAL_UARTEx_RxEventCallback               0x08002c11   Thumb Code     2  stm32f1xx_hal_uart.o(i.HAL_UARTEx_RxEventCallback)
    HAL_UART_DMAStop                         0x08002c13   Thumb Code   102  stm32f1xx_hal_uart.o(i.HAL_UART_DMAStop)
    HAL_UART_ErrorCallback                   0x08002c79   Thumb Code     2  stm32f1xx_hal_uart.o(i.HAL_UART_ErrorCallback)
    HAL_UART_IRQHandler                      0x08002c7d   Thumb Code   582  stm32f1xx_hal_uart.o(i.HAL_UART_IRQHandler)
    HAL_UART_Init                            0x08002ec9   Thumb Code   114  stm32f1xx_hal_uart.o(i.HAL_UART_Init)
    HAL_UART_MspInit                         0x08002f3d   Thumb Code   264  usart.o(i.HAL_UART_MspInit)
    HAL_UART_Receive_DMA                     0x08003061   Thumb Code    66  stm32f1xx_hal_uart.o(i.HAL_UART_Receive_DMA)
    HAL_UART_RxCpltCallback                  0x080030a3   Thumb Code     2  stm32f1xx_hal_uart.o(i.HAL_UART_RxCpltCallback)
    HAL_UART_RxHalfCpltCallback              0x080030a5   Thumb Code     2  stm32f1xx_hal_uart.o(i.HAL_UART_RxHalfCpltCallback)
    HAL_UART_Transmit_DMA                    0x080030a9   Thumb Code   142  stm32f1xx_hal_uart.o(i.HAL_UART_Transmit_DMA)
    HAL_UART_TxCpltCallback                  0x08003145   Thumb Code     2  stm32f1xx_hal_uart.o(i.HAL_UART_TxCpltCallback)
    HAL_UART_TxHalfCpltCallback              0x08003147   Thumb Code     2  stm32f1xx_hal_uart.o(i.HAL_UART_TxHalfCpltCallback)
    HardFault_Handler                        0x08003149   Thumb Code     4  stm32f1xx_it.o(i.HardFault_Handler)
    ID_GPIO_ADC_Init                         0x0800314d   Thumb Code   238  gpio.o(i.ID_GPIO_ADC_Init)
    ID_GPIO_OUTPUT_Init                      0x08003249   Thumb Code   380  gpio.o(i.ID_GPIO_OUTPUT_Init)
    ID_GPIO_PWM_Init                         0x080033d1   Thumb Code   270  gpio.o(i.ID_GPIO_PWM_Init)
    Interface_module                         0x080034ed   Thumb Code  1580  data_analysis.o(i.Interface_module)
    KEY_Scan                                 0x08003b31   Thumb Code    70  data_analysis.o(i.KEY_Scan)
    LED_Flashing                             0x08003b81   Thumb Code    84  data_analysis.o(i.LED_Flashing)
    Left_Movement                            0x08003bdd   Thumb Code   176  data_analysis.o(i.Left_Movement)
    Loop_Movement                            0x08003c9d   Thumb Code   202  data_analysis.o(i.Loop_Movement)
    Loop_one                                 0x08003d91   Thumb Code   468  data_analysis.o(i.Loop_one)
    MX_ADC1_Init                             0x08003f65   Thumb Code   416  adc.o(i.MX_ADC1_Init)
    MX_DMA_Init                              0x0800410d   Thumb Code    80  dma.o(i.MX_DMA_Init)
    MX_GPIO_Init                             0x08004161   Thumb Code   226  gpio.o(i.MX_GPIO_Init)
    MX_TIM1_Init                             0x08004251   Thumb Code   106  tim.o(i.MX_TIM1_Init)
    MX_TIM2_Init                             0x080042c5   Thumb Code   160  tim.o(i.MX_TIM2_Init)
    MX_TIM3_Init                             0x08004369   Thumb Code   158  tim.o(i.MX_TIM3_Init)
    MX_TIM4_Init                             0x08004411   Thumb Code   104  tim.o(i.MX_TIM4_Init)
    MX_USART1_UART_Init                      0x08004481   Thumb Code    46  usart.o(i.MX_USART1_UART_Init)
    MemManage_Handler                        0x080044b9   Thumb Code     4  stm32f1xx_it.o(i.MemManage_Handler)
    Module_Init                              0x080044bd   Thumb Code    86  data_analysis.o(i.Module_Init)
    NMI_Handler                              0x08004519   Thumb Code     4  stm32f1xx_it.o(i.NMI_Handler)
    PendSV_Handler                           0x0800451d   Thumb Code     2  stm32f1xx_it.o(i.PendSV_Handler)
    Programming_Determine                    0x08004521   Thumb Code   816  data_analysis.o(i.Programming_Determine)
    Right_Movement                           0x080048a1   Thumb Code   184  data_analysis.o(i.Right_Movement)
    SVC_Handler                              0x08004969   Thumb Code     2  stm32f1xx_it.o(i.SVC_Handler)
    Send_Data                                0x0800496d   Thumb Code    16  bluetooth.o(i.Send_Data)
    Special_Combination_Module               0x08004981   Thumb Code   152  data_analysis.o(i.Special_Combination_Module)
    Start_Motor_Potentiometer                0x08004a21   Thumb Code   764  data_analysis.o(i.Start_Motor_Potentiometer)
    Start_Potentiometer                      0x08004d35   Thumb Code   652  data_analysis.o(i.Start_Potentiometer)
    SysTick_Handler                          0x08004fd9   Thumb Code     8  stm32f1xx_it.o(i.SysTick_Handler)
    SystemClock_Config                       0x08004fe1   Thumb Code   134  main.o(i.SystemClock_Config)
    SystemInit                               0x08005067   Thumb Code     2  system_stm32f1xx.o(i.SystemInit)
    TIM1_UP_IRQHandler                       0x08005069   Thumb Code    10  stm32f1xx_it.o(i.TIM1_UP_IRQHandler)
    TIM2_IRQHandler                          0x08005079   Thumb Code    10  stm32f1xx_it.o(i.TIM2_IRQHandler)
    TIM3_IRQHandler                          0x08005089   Thumb Code    10  stm32f1xx_it.o(i.TIM3_IRQHandler)
    TIM4_IRQHandler                          0x08005099   Thumb Code    10  stm32f1xx_it.o(i.TIM4_IRQHandler)
    TIM_Base_SetConfig                       0x080050a9   Thumb Code   104  stm32f1xx_hal_tim.o(i.TIM_Base_SetConfig)
    TIM_CCxChannelCmd                        0x0800511d   Thumb Code    34  stm32f1xx_hal_tim.o(i.TIM_CCxChannelCmd)
    TIM_ETR_SetConfig                        0x0800513f   Thumb Code    22  stm32f1xx_hal_tim.o(i.TIM_ETR_SetConfig)
    TIM_TI1_SetConfig                        0x0800518d   Thumb Code    90  stm32f1xx_hal_tim.o(i.TIM_TI1_SetConfig)
    Tilt_Movement                            0x080052cd   Thumb Code   516  data_analysis.o(i.Tilt_Movement)
    Turn_OFF_LED                             0x080054ed   Thumb Code    24  data_analysis.o(i.Turn_OFF_LED)
    UART_Start_Receive_DMA                   0x08005881   Thumb Code   138  stm32f1xx_hal_uart.o(i.UART_Start_Receive_DMA)
    USART1_IRQHandler                        0x08005979   Thumb Code    88  stm32f1xx_it.o(i.USART1_IRQHandler)
    UsageFault_Handler                       0x080059e5   Thumb Code     4  stm32f1xx_it.o(i.UsageFault_Handler)
    __scatterload_copy                       0x08005a21   Thumb Code    14  handlers.o(i.__scatterload_copy)
    __scatterload_null                       0x08005a2f   Thumb Code     2  handlers.o(i.__scatterload_null)
    __scatterload_zeroinit                   0x08005a31   Thumb Code    14  handlers.o(i.__scatterload_zeroinit)
    emoji_Module                             0x08005a41   Thumb Code   476  data_analysis.o(i.emoji_Module)
    main                                     0x08005c2d   Thumb Code   262  main.o(i.main)
    other_Module                             0x08005d5d   Thumb Code  1028  data_analysis.o(i.other_Module)
    pwm1_input                               0x08006161   Thumb Code    86  tim.o(i.pwm1_input)
    pwm2_input                               0x080061c9   Thumb Code    92  tim.o(i.pwm2_input)
    pwm3_input                               0x08006235   Thumb Code    92  tim.o(i.pwm3_input)
    pwm4_input                               0x080062a1   Thumb Code    92  tim.o(i.pwm4_input)
    pwm5_input                               0x0800630d   Thumb Code    92  tim.o(i.pwm5_input)
    pwm6_input                               0x08006379   Thumb Code    92  tim.o(i.pwm6_input)
    pwm7_input                               0x080063e5   Thumb Code    92  tim.o(i.pwm7_input)
    pwm8_input                               0x08006451   Thumb Code    92  tim.o(i.pwm8_input)
    send_data_time                           0x080064bd   Thumb Code    22  data_analysis.o(i.send_data_time)
    straight_Movement                        0x080064d9   Thumb Code   316  data_analysis.o(i.straight_Movement)
    voice_Module                             0x08006625   Thumb Code   654  data_analysis.o(i.voice_Module)
    waitting                                 0x080068c5   Thumb Code   406  data_analysis.o(i.waitting)
    AHBPrescTable                            0x08006a70   Data          16  system_stm32f1xx.o(.constdata)
    APBPrescTable                            0x08006a80   Data           8  system_stm32f1xx.o(.constdata)
    Region$$Table$$Base                      0x08006a88   Number         0  anon$$obj.o(Region$$Table)
    Region$$Table$$Limit                     0x08006aa8   Number         0  anon$$obj.o(Region$$Table)
    On_Off_Time                              0x20000000   Data           4  data_analysis.o(.data)
    Set_LED_Num                              0x20000004   Data           1  data_analysis.o(.data)
    Interface                                0x20000005   Data           8  data_analysis.o(.data)
    Location                                 0x2000000d   Data           1  data_analysis.o(.data)
    turn_onn                                 0x2000000e   Data           1  data_analysis.o(.data)
    bbb                                      0x2000000f   Data           1  data_analysis.o(.data)
    Loop_number_Start                        0x20000010   Data           5  data_analysis.o(.data)
    Loop_number_Stop                         0x20000015   Data           5  data_analysis.o(.data)
    Loop_Times                               0x2000001a   Data           2  data_analysis.o(.data)
    Loop_Start                               0x2000001c   Data           1  data_analysis.o(.data)
    Loop_Stop                                0x2000001d   Data           1  data_analysis.o(.data)
    Sort_Order                               0x2000001e   Data           1  data_analysis.o(.data)
    Order_Residue                            0x2000001f   Data           1  data_analysis.o(.data)
    sport                                    0x20000020   Data           1  data_analysis.o(.data)
    sport1                                   0x20000021   Data           1  data_analysis.o(.data)
    turn_on                                  0x20000022   Data           1  data_analysis.o(.data)
    key_up                                   0x20000023   Data           1  data_analysis.o(.data)
    location                                 0x20000024   Data           1  data_analysis.o(.data)
    Programming_Error                        0x20000025   Data           1  data_analysis.o(.data)
    Programming_Warning                      0x20000026   Data           1  data_analysis.o(.data)
    LED_Glint                                0x20000027   Data           1  data_analysis.o(.data)
    NO_Touch                                 0x20000028   Data           1  data_analysis.o(.data)
    Expression_flag                          0x20000029   Data           1  data_analysis.o(.data)
    Light_flag                               0x2000002a   Data           1  data_analysis.o(.data)
    Recording_flag                           0x2000002b   Data           1  data_analysis.o(.data)
    Motor_flag                               0x2000002c   Data           1  data_analysis.o(.data)
    G_location                               0x2000002d   Data           8  data_analysis.o(.data)
    Light_times                              0x20000035   Data           1  data_analysis.o(.data)
    Sendbuff                                 0x20000036   Data           1  bluetooth.o(.data)
    Sendbuff1                                0x20000037   Data           1  bluetooth.o(.data)
    Sendbuf                                  0x20000038   Data           1  bluetooth.o(.data)
    SendCom1                                 0x20000039   Data          16  main.o(.data)
    SendCom2                                 0x20000049   Data          13  main.o(.data)
    Turn_OFF                                 0x20000056   Data           1  main.o(.data)
    capture_Cnt                              0x20000058   Data           8  tim.o(.data)
    LED_Flashing_Time                        0x20000060   Data           2  tim.o(.data)
    rx_buffer                                0x20000062   Data           7  stm32f1xx_it.o(.data)
    rx_len                                   0x20000069   Data           1  stm32f1xx_it.o(.data)
    recv_end_flag                            0x2000006a   Data           1  stm32f1xx_it.o(.data)
    uwTick                                   0x2000006c   Data           4  stm32f1xx_hal.o(.data)
    uwTickPrio                               0x20000070   Data           4  stm32f1xx_hal.o(.data)
    uwTickFreq                               0x20000074   Data           1  stm32f1xx_hal.o(.data)
    SystemCoreClock                          0x20000078   Data           4  system_stm32f1xx.o(.data)
    Loop_number_Times                        0x2000007c   Data          10  data_analysis.o(.bss)
    ADC_Value                                0x20000088   Data          32  adc.o(.bss)
    ADC_ValBuf                               0x200000a8   Data        1280  adc.o(.bss)
    hadc1                                    0x200005a8   Data          48  adc.o(.bss)
    hdma_adc1                                0x200005d8   Data          68  adc.o(.bss)
    capture_Buf                              0x2000061c   Data          96  tim.o(.bss)
    high_time                                0x2000067c   Data          32  tim.o(.bss)
    htim2                                    0x2000069c   Data          72  tim.o(.bss)
    htim3                                    0x200006e4   Data          72  tim.o(.bss)
    htim1                                    0x2000072c   Data          72  tim.o(.bss)
    htim4                                    0x20000774   Data          72  tim.o(.bss)
    huart1                                   0x200007bc   Data          68  usart.o(.bss)
    hdma_usart1_rx                           0x20000800   Data          68  usart.o(.bss)
    hdma_usart1_tx                           0x20000844   Data          68  usart.o(.bss)
    __initial_sp                             0x20000c88   Data           0  startup_stm32f103xb.o(STACK)



==============================================================================

Memory Map of the image

  Image Entry point : 0x080000ed

  Load Region LR_IROM1 (Base: 0x08000000, Size: 0x00006b24, Max: 0x00020000, ABSOLUTE)

    Execution Region ER_IROM1 (Exec base: 0x08000000, Load base: 0x08000000, Size: 0x00006aa8, Max: 0x00020000, ABSOLUTE)

    Exec Addr    Load Addr    Size         Type   Attr      Idx    E Section Name        Object

    0x08000000   0x08000000   0x000000ec   Data   RO            3    RESET               startup_stm32f103xb.o
    0x080000ec   0x080000ec   0x00000000   Code   RO         3818  * .ARM.Collect$$$$00000000  mc_w.l(entry.o)
    0x080000ec   0x080000ec   0x00000004   Code   RO         4088    .ARM.Collect$$$$00000001  mc_w.l(entry2.o)
    0x080000f0   0x080000f0   0x00000004   Code   RO         4091    .ARM.Collect$$$$00000004  mc_w.l(entry5.o)
    0x080000f4   0x080000f4   0x00000000   Code   RO         4093    .ARM.Collect$$$$00000008  mc_w.l(entry7b.o)
    0x080000f4   0x080000f4   0x00000000   Code   RO         4095    .ARM.Collect$$$$0000000A  mc_w.l(entry8b.o)
    0x080000f4   0x080000f4   0x00000008   Code   RO         4096    .ARM.Collect$$$$0000000B  mc_w.l(entry9a.o)
    0x080000fc   0x080000fc   0x00000000   Code   RO         4098    .ARM.Collect$$$$0000000D  mc_w.l(entry10a.o)
    0x080000fc   0x080000fc   0x00000000   Code   RO         4100    .ARM.Collect$$$$0000000F  mc_w.l(entry11a.o)
    0x080000fc   0x080000fc   0x00000004   Code   RO         4089    .ARM.Collect$$$$00002712  mc_w.l(entry2.o)
    0x08000100   0x08000100   0x00000024   Code   RO            4    .text               startup_stm32f103xb.o
    0x08000124   0x08000124   0x00000062   Code   RO         3821    .text               mc_w.l(uldiv.o)
    0x08000186   0x08000186   0x00000020   Code   RO         3823    .text               mc_w.l(llushr.o)
    0x080001a6   0x080001a6   0x00000024   Code   RO         3825    .text               mc_w.l(memseta.o)
    0x080001ca   0x080001ca   0x0000001e   Code   RO         4107    .text               mc_w.l(llshl.o)
    0x080001e8   0x080001e8   0x00000024   Code   RO         4120    .text               mc_w.l(init.o)
    0x0800020c   0x0800020c   0x00000010   Code   RO          958    i.ADC1_2_IRQHandler  stm32f1xx_it.o
    0x0800021c   0x0800021c   0x0000005c   Code   RO         1151    i.ADC_ConversionStop_Disable  stm32f1xx_hal_adc.o
    0x08000278   0x08000278   0x00000052   Code   RO         1152    i.ADC_DMAConvCplt   stm32f1xx_hal_adc.o
    0x080002ca   0x080002ca   0x0000001e   Code   RO         1153    i.ADC_DMAError      stm32f1xx_hal_adc.o
    0x080002e8   0x080002e8   0x0000000e   Code   RO         1154    i.ADC_DMAHalfConvCplt  stm32f1xx_hal_adc.o
    0x080002f6   0x080002f6   0x00000002   PAD
    0x080002f8   0x080002f8   0x00000090   Code   RO         1155    i.ADC_Enable        stm32f1xx_hal_adc.o
    0x08000388   0x08000388   0x00000170   Code   RO           13    i.Boot_detection    data_analysis.o
    0x080004f8   0x080004f8   0x00000004   Code   RO          959    i.BusFault_Handler  stm32f1xx_it.o
    0x080004fc   0x080004fc   0x00000010   Code   RO          960    i.DMA1_Channel1_IRQHandler  stm32f1xx_it.o
    0x0800050c   0x0800050c   0x00000010   Code   RO          961    i.DMA1_Channel4_IRQHandler  stm32f1xx_it.o
    0x0800051c   0x0800051c   0x00000010   Code   RO          962    i.DMA1_Channel5_IRQHandler  stm32f1xx_it.o
    0x0800052c   0x0800052c   0x0000002c   Code   RO         1810    i.DMA_SetConfig     stm32f1xx_hal_dma.o
    0x08000558   0x08000558   0x00000002   Code   RO          963    i.DebugMon_Handler  stm32f1xx_it.o
    0x0800055a   0x0800055a   0x00000006   Code   RO          353    i.Error_Handler     main.o
    0x08000560   0x08000560   0x00000084   Code   RO          522    i.GPIO_RESET        gpio.o
    0x080005e4   0x080005e4   0x00000084   Code   RO          523    i.GPIO_SET          gpio.o
    0x08000668   0x08000668   0x0000007c   Code   RO          720    i.Get_ADC_Averagevalue  adc.o
    0x080006e4   0x080006e4   0x00000054   Code   RO           14    i.Gyro_Module       data_analysis.o
    0x08000738   0x08000738   0x00000002   Code   RO         1333    i.HAL_ADCEx_InjectedConvCpltCallback  stm32f1xx_hal_adc_ex.o
    0x0800073a   0x0800073a   0x00000002   PAD
    0x0800073c   0x0800073c   0x00000160   Code   RO         1157    i.HAL_ADC_ConfigChannel  stm32f1xx_hal_adc.o
    0x0800089c   0x0800089c   0x00000002   Code   RO         1158    i.HAL_ADC_ConvCpltCallback  stm32f1xx_hal_adc.o
    0x0800089e   0x0800089e   0x00000002   Code   RO         1159    i.HAL_ADC_ConvHalfCpltCallback  stm32f1xx_hal_adc.o
    0x080008a0   0x080008a0   0x00000002   Code   RO         1161    i.HAL_ADC_ErrorCallback  stm32f1xx_hal_adc.o
    0x080008a2   0x080008a2   0x00000122   Code   RO         1165    i.HAL_ADC_IRQHandler  stm32f1xx_hal_adc.o
    0x080009c4   0x080009c4   0x00000144   Code   RO         1166    i.HAL_ADC_Init      stm32f1xx_hal_adc.o
    0x08000b08   0x08000b08   0x00000002   Code   RO         1167    i.HAL_ADC_LevelOutOfWindowCallback  stm32f1xx_hal_adc.o
    0x08000b0a   0x08000b0a   0x00000002   PAD
    0x08000b0c   0x08000b0c   0x00000118   Code   RO          722    i.HAL_ADC_MspInit   adc.o
    0x08000c24   0x08000c24   0x00000180   Code   RO         1173    i.HAL_ADC_Start_DMA  stm32f1xx_hal_adc.o
    0x08000da4   0x08000da4   0x00000056   Code   RO         1811    i.HAL_DMA_Abort     stm32f1xx_hal_dma.o
    0x08000dfa   0x08000dfa   0x00000002   PAD
    0x08000dfc   0x08000dfc   0x000000b0   Code   RO         1812    i.HAL_DMA_Abort_IT  stm32f1xx_hal_dma.o
    0x08000eac   0x08000eac   0x0000019c   Code   RO         1816    i.HAL_DMA_IRQHandler  stm32f1xx_hal_dma.o
    0x08001048   0x08001048   0x00000068   Code   RO         1817    i.HAL_DMA_Init      stm32f1xx_hal_dma.o
    0x080010b0   0x080010b0   0x0000009c   Code   RO         1821    i.HAL_DMA_Start_IT  stm32f1xx_hal_dma.o
    0x0800114c   0x0800114c   0x00000028   Code   RO         1434    i.HAL_Delay         stm32f1xx_hal.o
    0x08001174   0x08001174   0x00000320   Code   RO         1747    i.HAL_GPIO_Init     stm32f1xx_hal_gpio.o
    0x08001494   0x08001494   0x00000010   Code   RO         1749    i.HAL_GPIO_ReadPin  stm32f1xx_hal_gpio.o
    0x080014a4   0x080014a4   0x0000000c   Code   RO         1751    i.HAL_GPIO_WritePin  stm32f1xx_hal_gpio.o
    0x080014b0   0x080014b0   0x0000000c   Code   RO         1438    i.HAL_GetTick       stm32f1xx_hal.o
    0x080014bc   0x080014bc   0x00000018   Code   RO         1444    i.HAL_IncTick       stm32f1xx_hal.o
    0x080014d4   0x080014d4   0x00000028   Code   RO         1445    i.HAL_Init          stm32f1xx_hal.o
    0x080014fc   0x080014fc   0x0000004c   Code   RO         1446    i.HAL_InitTick      stm32f1xx_hal.o
    0x08001548   0x08001548   0x0000005c   Code   RO         1091    i.HAL_MspInit       stm32f1xx_hal_msp.o
    0x080015a4   0x080015a4   0x00000020   Code   RO         1907    i.HAL_NVIC_EnableIRQ  stm32f1xx_hal_cortex.o
    0x080015c4   0x080015c4   0x0000007c   Code   RO         1913    i.HAL_NVIC_SetPriority  stm32f1xx_hal_cortex.o
    0x08001640   0x08001640   0x00000028   Code   RO         1914    i.HAL_NVIC_SetPriorityGrouping  stm32f1xx_hal_cortex.o
    0x08001668   0x08001668   0x00000130   Code   RO         1710    i.HAL_RCCEx_PeriphCLKConfig  stm32f1xx_hal_rcc_ex.o
    0x08001798   0x08001798   0x0000018c   Code   RO         1602    i.HAL_RCC_ClockConfig  stm32f1xx_hal_rcc.o
    0x08001924   0x08001924   0x0000000c   Code   RO         1607    i.HAL_RCC_GetHCLKFreq  stm32f1xx_hal_rcc.o
    0x08001930   0x08001930   0x00000020   Code   RO         1609    i.HAL_RCC_GetPCLK1Freq  stm32f1xx_hal_rcc.o
    0x08001950   0x08001950   0x00000020   Code   RO         1610    i.HAL_RCC_GetPCLK2Freq  stm32f1xx_hal_rcc.o
    0x08001970   0x08001970   0x00000094   Code   RO         1611    i.HAL_RCC_GetSysClockFreq  stm32f1xx_hal_rcc.o
    0x08001a04   0x08001a04   0x00000464   Code   RO         1614    i.HAL_RCC_OscConfig  stm32f1xx_hal_rcc.o
    0x08001e68   0x08001e68   0x00000034   Code   RO         1918    i.HAL_SYSTICK_Config  stm32f1xx_hal_cortex.o
    0x08001e9c   0x08001e9c   0x00000002   Code   RO         3150    i.HAL_TIMEx_BreakCallback  stm32f1xx_hal_tim_ex.o
    0x08001e9e   0x08001e9e   0x00000002   Code   RO         3151    i.HAL_TIMEx_CommutCallback  stm32f1xx_hal_tim_ex.o
    0x08001ea0   0x08001ea0   0x00000084   Code   RO         3169    i.HAL_TIMEx_MasterConfigSynchronization  stm32f1xx_hal_tim_ex.o
    0x08001f24   0x08001f24   0x00000066   Code   RO         2435    i.HAL_TIM_Base_Init  stm32f1xx_hal_tim.o
    0x08001f8a   0x08001f8a   0x00000002   PAD
    0x08001f8c   0x08001f8c   0x0000007c   Code   RO          793    i.HAL_TIM_Base_MspInit  tim.o
    0x08002008   0x08002008   0x00000078   Code   RO         2440    i.HAL_TIM_Base_Start_IT  stm32f1xx_hal_tim.o
    0x08002080   0x08002080   0x00000108   Code   RO         2444    i.HAL_TIM_ConfigClockSource  stm32f1xx_hal_tim.o
    0x08002188   0x08002188   0x000003f4   Code   RO          794    i.HAL_TIM_IC_CaptureCallback  tim.o
    0x0800257c   0x0800257c   0x000000d4   Code   RO         2471    i.HAL_TIM_IC_ConfigChannel  stm32f1xx_hal_tim.o
    0x08002650   0x08002650   0x00000066   Code   RO         2474    i.HAL_TIM_IC_Init   stm32f1xx_hal_tim.o
    0x080026b6   0x080026b6   0x00000002   PAD
    0x080026b8   0x080026b8   0x00000118   Code   RO          796    i.HAL_TIM_IC_MspInit  tim.o
    0x080027d0   0x080027d0   0x00000158   Code   RO         2479    i.HAL_TIM_IC_Start_IT  stm32f1xx_hal_tim.o
    0x08002928   0x08002928   0x000000d6   Code   RO         2482    i.HAL_TIM_IC_Stop_IT  stm32f1xx_hal_tim.o
    0x080029fe   0x080029fe   0x00000196   Code   RO         2483    i.HAL_TIM_IRQHandler  stm32f1xx_hal_tim.o
    0x08002b94   0x08002b94   0x00000002   Code   RO         2486    i.HAL_TIM_OC_DelayElapsedCallback  stm32f1xx_hal_tim.o
    0x08002b96   0x08002b96   0x00000002   Code   RO         2513    i.HAL_TIM_PWM_PulseFinishedCallback  stm32f1xx_hal_tim.o
    0x08002b98   0x08002b98   0x00000044   Code   RO          354    i.HAL_TIM_PeriodElapsedCallback  main.o
    0x08002bdc   0x08002bdc   0x00000032   Code   RO         2523    i.HAL_TIM_ReadCapturedValue  stm32f1xx_hal_tim.o
    0x08002c0e   0x08002c0e   0x00000002   Code   RO         2526    i.HAL_TIM_TriggerCallback  stm32f1xx_hal_tim.o
    0x08002c10   0x08002c10   0x00000002   Code   RO         3428    i.HAL_UARTEx_RxEventCallback  stm32f1xx_hal_uart.o
    0x08002c12   0x08002c12   0x00000066   Code   RO         3440    i.HAL_UART_DMAStop  stm32f1xx_hal_uart.o
    0x08002c78   0x08002c78   0x00000002   Code   RO         3442    i.HAL_UART_ErrorCallback  stm32f1xx_hal_uart.o
    0x08002c7a   0x08002c7a   0x00000002   PAD
    0x08002c7c   0x08002c7c   0x0000024c   Code   RO         3445    i.HAL_UART_IRQHandler  stm32f1xx_hal_uart.o
    0x08002ec8   0x08002ec8   0x00000072   Code   RO         3446    i.HAL_UART_Init     stm32f1xx_hal_uart.o
    0x08002f3a   0x08002f3a   0x00000002   PAD
    0x08002f3c   0x08002f3c   0x00000124   Code   RO          920    i.HAL_UART_MspInit  usart.o
    0x08003060   0x08003060   0x00000042   Code   RO         3450    i.HAL_UART_Receive_DMA  stm32f1xx_hal_uart.o
    0x080030a2   0x080030a2   0x00000002   Code   RO         3452    i.HAL_UART_RxCpltCallback  stm32f1xx_hal_uart.o
    0x080030a4   0x080030a4   0x00000002   Code   RO         3453    i.HAL_UART_RxHalfCpltCallback  stm32f1xx_hal_uart.o
    0x080030a6   0x080030a6   0x00000002   PAD
    0x080030a8   0x080030a8   0x0000009c   Code   RO         3455    i.HAL_UART_Transmit_DMA  stm32f1xx_hal_uart.o
    0x08003144   0x08003144   0x00000002   Code   RO         3457    i.HAL_UART_TxCpltCallback  stm32f1xx_hal_uart.o
    0x08003146   0x08003146   0x00000002   Code   RO         3458    i.HAL_UART_TxHalfCpltCallback  stm32f1xx_hal_uart.o
    0x08003148   0x08003148   0x00000004   Code   RO          964    i.HardFault_Handler  stm32f1xx_it.o
    0x0800314c   0x0800314c   0x000000fc   Code   RO          548    i.ID_GPIO_ADC_Init  gpio.o
    0x08003248   0x08003248   0x00000188   Code   RO          549    i.ID_GPIO_OUTPUT_Init  gpio.o
    0x080033d0   0x080033d0   0x0000011c   Code   RO          550    i.ID_GPIO_PWM_Init  gpio.o
    0x080034ec   0x080034ec   0x00000644   Code   RO           15    i.Interface_module  data_analysis.o
    0x08003b30   0x08003b30   0x00000050   Code   RO           16    i.KEY_Scan          data_analysis.o
    0x08003b80   0x08003b80   0x0000005c   Code   RO           17    i.LED_Flashing      data_analysis.o
    0x08003bdc   0x08003bdc   0x000000c0   Code   RO           18    i.Left_Movement     data_analysis.o
    0x08003c9c   0x08003c9c   0x000000f4   Code   RO           19    i.Loop_Movement     data_analysis.o
    0x08003d90   0x08003d90   0x000001d4   Code   RO           20    i.Loop_one          data_analysis.o
    0x08003f64   0x08003f64   0x000001a8   Code   RO          723    i.MX_ADC1_Init      adc.o
    0x0800410c   0x0800410c   0x00000054   Code   RO          768    i.MX_DMA_Init       dma.o
    0x08004160   0x08004160   0x000000f0   Code   RO          551    i.MX_GPIO_Init      gpio.o
    0x08004250   0x08004250   0x00000074   Code   RO          797    i.MX_TIM1_Init      tim.o
    0x080042c4   0x080042c4   0x000000a4   Code   RO          798    i.MX_TIM2_Init      tim.o
    0x08004368   0x08004368   0x000000a8   Code   RO          799    i.MX_TIM3_Init      tim.o
    0x08004410   0x08004410   0x00000070   Code   RO          800    i.MX_TIM4_Init      tim.o
    0x08004480   0x08004480   0x00000038   Code   RO          921    i.MX_USART1_UART_Init  usart.o
    0x080044b8   0x080044b8   0x00000004   Code   RO          965    i.MemManage_Handler  stm32f1xx_it.o
    0x080044bc   0x080044bc   0x0000005c   Code   RO           21    i.Module_Init       data_analysis.o
    0x08004518   0x08004518   0x00000004   Code   RO          966    i.NMI_Handler       stm32f1xx_it.o
    0x0800451c   0x0800451c   0x00000002   Code   RO          967    i.PendSV_Handler    stm32f1xx_it.o
    0x0800451e   0x0800451e   0x00000002   PAD
    0x08004520   0x08004520   0x00000358   Code   RO           22    i.Programming_Determine  data_analysis.o
    0x08004878   0x08004878   0x00000028   Code   RO         1615    i.RCC_Delay         stm32f1xx_hal_rcc.o
    0x080048a0   0x080048a0   0x000000c8   Code   RO           23    i.Right_Movement    data_analysis.o
    0x08004968   0x08004968   0x00000002   Code   RO          968    i.SVC_Handler       stm32f1xx_it.o
    0x0800496a   0x0800496a   0x00000002   PAD
    0x0800496c   0x0800496c   0x00000014   Code   RO          286    i.Send_Data         bluetooth.o
    0x08004980   0x08004980   0x000000a0   Code   RO           24    i.Special_Combination_Module  data_analysis.o
    0x08004a20   0x08004a20   0x00000314   Code   RO           25    i.Start_Motor_Potentiometer  data_analysis.o
    0x08004d34   0x08004d34   0x000002a4   Code   RO           26    i.Start_Potentiometer  data_analysis.o
    0x08004fd8   0x08004fd8   0x00000008   Code   RO          969    i.SysTick_Handler   stm32f1xx_it.o
    0x08004fe0   0x08004fe0   0x00000086   Code   RO          355    i.SystemClock_Config  main.o
    0x08005066   0x08005066   0x00000002   Code   RO         3785    i.SystemInit        system_stm32f1xx.o
    0x08005068   0x08005068   0x00000010   Code   RO          970    i.TIM1_UP_IRQHandler  stm32f1xx_it.o
    0x08005078   0x08005078   0x00000010   Code   RO          971    i.TIM2_IRQHandler   stm32f1xx_it.o
    0x08005088   0x08005088   0x00000010   Code   RO          972    i.TIM3_IRQHandler   stm32f1xx_it.o
    0x08005098   0x08005098   0x00000010   Code   RO          973    i.TIM4_IRQHandler   stm32f1xx_it.o
    0x080050a8   0x080050a8   0x00000074   Code   RO         2528    i.TIM_Base_SetConfig  stm32f1xx_hal_tim.o
    0x0800511c   0x0800511c   0x00000022   Code   RO         2529    i.TIM_CCxChannelCmd  stm32f1xx_hal_tim.o
    0x0800513e   0x0800513e   0x00000016   Code   RO         2539    i.TIM_ETR_SetConfig  stm32f1xx_hal_tim.o
    0x08005154   0x08005154   0x00000012   Code   RO         2540    i.TIM_ITRx_SetConfig  stm32f1xx_hal_tim.o
    0x08005166   0x08005166   0x00000026   Code   RO         2546    i.TIM_TI1_ConfigInputStage  stm32f1xx_hal_tim.o
    0x0800518c   0x0800518c   0x00000068   Code   RO         2547    i.TIM_TI1_SetConfig  stm32f1xx_hal_tim.o
    0x080051f4   0x080051f4   0x00000028   Code   RO         2548    i.TIM_TI2_ConfigInputStage  stm32f1xx_hal_tim.o
    0x0800521c   0x0800521c   0x0000003a   Code   RO         2549    i.TIM_TI2_SetConfig  stm32f1xx_hal_tim.o
    0x08005256   0x08005256   0x00000038   Code   RO         2550    i.TIM_TI3_SetConfig  stm32f1xx_hal_tim.o
    0x0800528e   0x0800528e   0x0000003c   Code   RO         2551    i.TIM_TI4_SetConfig  stm32f1xx_hal_tim.o
    0x080052ca   0x080052ca   0x00000002   PAD
    0x080052cc   0x080052cc   0x00000220   Code   RO           27    i.Tilt_Movement     data_analysis.o
    0x080054ec   0x080054ec   0x00000018   Code   RO           28    i.Turn_OFF_LED      data_analysis.o
    0x08005504   0x08005504   0x00000014   Code   RO         3459    i.UART_DMAAbortOnError  stm32f1xx_hal_uart.o
    0x08005518   0x08005518   0x00000050   Code   RO         3460    i.UART_DMAError     stm32f1xx_hal_uart.o
    0x08005568   0x08005568   0x00000068   Code   RO         3461    i.UART_DMAReceiveCplt  stm32f1xx_hal_uart.o
    0x080055d0   0x080055d0   0x00000020   Code   RO         3463    i.UART_DMARxHalfCplt  stm32f1xx_hal_uart.o
    0x080055f0   0x080055f0   0x00000036   Code   RO         3465    i.UART_DMATransmitCplt  stm32f1xx_hal_uart.o
    0x08005626   0x08005626   0x0000000e   Code   RO         3467    i.UART_DMATxHalfCplt  stm32f1xx_hal_uart.o
    0x08005634   0x08005634   0x00000036   Code   RO         3469    i.UART_EndRxTransfer  stm32f1xx_hal_uart.o
    0x0800566a   0x0800566a   0x00000020   Code   RO         3470    i.UART_EndTransmit_IT  stm32f1xx_hal_uart.o
    0x0800568a   0x0800568a   0x00000014   Code   RO         3471    i.UART_EndTxTransfer  stm32f1xx_hal_uart.o
    0x0800569e   0x0800569e   0x000000e4   Code   RO         3472    i.UART_Receive_IT   stm32f1xx_hal_uart.o
    0x08005782   0x08005782   0x00000002   PAD
    0x08005784   0x08005784   0x000000fc   Code   RO         3473    i.UART_SetConfig    stm32f1xx_hal_uart.o
    0x08005880   0x08005880   0x00000098   Code   RO         3474    i.UART_Start_Receive_DMA  stm32f1xx_hal_uart.o
    0x08005918   0x08005918   0x00000060   Code   RO         3476    i.UART_Transmit_IT  stm32f1xx_hal_uart.o
    0x08005978   0x08005978   0x0000006c   Code   RO          974    i.USART1_IRQHandler  stm32f1xx_it.o
    0x080059e4   0x080059e4   0x00000004   Code   RO          975    i.UsageFault_Handler  stm32f1xx_it.o
    0x080059e8   0x080059e8   0x00000010   Code   RO         1920    i.__NVIC_GetPriorityGrouping  stm32f1xx_hal_cortex.o
    0x080059f8   0x080059f8   0x00000028   Code   RO         1921    i.__NVIC_SetPriority  stm32f1xx_hal_cortex.o
    0x08005a20   0x08005a20   0x0000000e   Code   RO         4130    i.__scatterload_copy  mc_w.l(handlers.o)
    0x08005a2e   0x08005a2e   0x00000002   Code   RO         4131    i.__scatterload_null  mc_w.l(handlers.o)
    0x08005a30   0x08005a30   0x0000000e   Code   RO         4132    i.__scatterload_zeroinit  mc_w.l(handlers.o)
    0x08005a3e   0x08005a3e   0x00000002   PAD
    0x08005a40   0x08005a40   0x000001ec   Code   RO           29    i.emoji_Module      data_analysis.o
    0x08005c2c   0x08005c2c   0x00000130   Code   RO          357    i.main              main.o
    0x08005d5c   0x08005d5c   0x00000404   Code   RO           30    i.other_Module      data_analysis.o
    0x08006160   0x08006160   0x00000068   Code   RO          801    i.pwm1_input        tim.o
    0x080061c8   0x080061c8   0x0000006c   Code   RO          802    i.pwm2_input        tim.o
    0x08006234   0x08006234   0x0000006c   Code   RO          803    i.pwm3_input        tim.o
    0x080062a0   0x080062a0   0x0000006c   Code   RO          804    i.pwm4_input        tim.o
    0x0800630c   0x0800630c   0x0000006c   Code   RO          805    i.pwm5_input        tim.o
    0x08006378   0x08006378   0x0000006c   Code   RO          806    i.pwm6_input        tim.o
    0x080063e4   0x080063e4   0x0000006c   Code   RO          807    i.pwm7_input        tim.o
    0x08006450   0x08006450   0x0000006c   Code   RO          808    i.pwm8_input        tim.o
    0x080064bc   0x080064bc   0x0000001c   Code   RO           31    i.send_data_time    data_analysis.o
    0x080064d8   0x080064d8   0x0000014c   Code   RO           32    i.straight_Movement  data_analysis.o
    0x08006624   0x08006624   0x000002a0   Code   RO           33    i.voice_Module      data_analysis.o
    0x080068c4   0x080068c4   0x000001ac   Code   RO           34    i.waitting          data_analysis.o
    0x08006a70   0x08006a70   0x00000018   Data   RO         3786    .constdata          system_stm32f1xx.o
    0x08006a88   0x08006a88   0x00000020   Data   RO         4128    Region$$Table       anon$$obj.o


    Execution Region RW_IRAM1 (Exec base: 0x20000000, Load base: 0x08006aa8, Size: 0x00000c88, Max: 0x00005000, ABSOLUTE)

    Exec Addr    Load Addr    Size         Type   Attr      Idx    E Section Name        Object

    0x20000000   0x08006aa8   0x00000036   Data   RW           36    .data               data_analysis.o
    0x20000036   0x08006ade   0x00000003   Data   RW          289    .data               bluetooth.o
    0x20000039   0x08006ae1   0x0000001e   Data   RW          358    .data               main.o
    0x20000057   0x08006aff   0x00000001   PAD
    0x20000058   0x08006b00   0x0000000a   Data   RW          810    .data               tim.o
    0x20000062   0x08006b0a   0x00000009   Data   RW          976    .data               stm32f1xx_it.o
    0x2000006b   0x08006b13   0x00000001   PAD
    0x2000006c   0x08006b14   0x00000009   Data   RW         1452    .data               stm32f1xx_hal.o
    0x20000075   0x08006b1d   0x00000003   PAD
    0x20000078   0x08006b20   0x00000004   Data   RW         3787    .data               system_stm32f1xx.o
    0x2000007c        -       0x0000000a   Zero   RW           35    .bss                data_analysis.o
    0x20000086   0x08006b24   0x00000002   PAD
    0x20000088        -       0x00000594   Zero   RW          724    .bss                adc.o
    0x2000061c        -       0x000001a0   Zero   RW          809    .bss                tim.o
    0x200007bc        -       0x000000cc   Zero   RW          922    .bss                usart.o
    0x20000888        -       0x00000400   Zero   RW            1    STACK               startup_stm32f103xb.o


==============================================================================

Image component sizes


      Code (inc. data)   RO Data    RW Data    ZI Data      Debug   Object Name

       828         46          0          0       1428       2967   adc.o
        20          4          0          3          0       1417   bluetooth.o
      9452        390          0         54         10     468587   data_analysis.o
        84          4          0          0          0        798   dma.o
      1432        114          0          0          0       4535   gpio.o
       512         60          0         30          0     412373   main.o
        36          8        236          0       1024        804   startup_stm32f103xb.o
       192         36          0          9          0       6045   stm32f1xx_hal.o
      1720         56          0          0          0       9918   stm32f1xx_hal_adc.o
         2          0          0          0          0       1121   stm32f1xx_hal_adc_ex.o
       304         22          0          0          0      29547   stm32f1xx_hal_cortex.o
       978         12          0          0          0       4998   stm32f1xx_hal_dma.o
       828         34          0          0          0       3391   stm32f1xx_hal_gpio.o
        92         10          0          0          0        938   stm32f1xx_hal_msp.o
      1784        110          0          0          0       6160   stm32f1xx_hal_rcc.o
       304         14          0          0          0       1436   stm32f1xx_hal_rcc_ex.o
      2366         52          0          0          0      16738   stm32f1xx_hal_tim.o
       136         14          0          0          0       2469   stm32f1xx_hal_tim_ex.o
      2176         38          0          0          0      16623   stm32f1xx_hal_uart.o
       270         68          0          9          0       9578   stm32f1xx_it.o
         2          0         24          4          0       1179   system_stm32f1xx.o
      2836        226          0         10        416       9571   tim.o
       348         38          0          0        204       1980   usart.o

    ----------------------------------------------------------------------
     26728       1356        292        124       3084    1013173   Object Totals
         0          0         32          0          0          0   (incl. Generated)
        26          0          0          5          2          0   (incl. Padding)

    ----------------------------------------------------------------------

      Code (inc. data)   RO Data    RW Data    ZI Data      Debug   Library Member Name

         0          0          0          0          0          0   entry.o
         0          0          0          0          0          0   entry10a.o
         0          0          0          0          0          0   entry11a.o
         8          4          0          0          0          0   entry2.o
         4          0          0          0          0          0   entry5.o
         0          0          0          0          0          0   entry7b.o
         0          0          0          0          0          0   entry8b.o
         8          4          0          0          0          0   entry9a.o
        30          0          0          0          0          0   handlers.o
        36          8          0          0          0         68   init.o
        30          0          0          0          0         68   llshl.o
        32          0          0          0          0         68   llushr.o
        36          0          0          0          0        108   memseta.o
        98          0          0          0          0         92   uldiv.o

    ----------------------------------------------------------------------
       284         16          0          0          0        404   Library Totals
         2          0          0          0          0          0   (incl. Padding)

    ----------------------------------------------------------------------

      Code (inc. data)   RO Data    RW Data    ZI Data      Debug   Library Name

       282         16          0          0          0        404   mc_w.l

    ----------------------------------------------------------------------
       284         16          0          0          0        404   Library Totals

    ----------------------------------------------------------------------

==============================================================================


      Code (inc. data)   RO Data    RW Data    ZI Data      Debug   

     27012       1372        292        124       3084    1005201   Grand Totals
     27012       1372        292        124       3084    1005201   ELF Image Totals
     27012       1372        292        124          0          0   ROM Totals

==============================================================================

    Total RO  Size (Code + RO Data)                27304 (  26.66kB)
    Total RW  Size (RW Data + ZI Data)              3208 (   3.13kB)
    Total ROM Size (Code + RO Data + RW Data)      27428 (  26.79kB)

==============================================================================

